Archive member included to satisfy reference by file (symbol)

/opt/homebrew/Cellar/arm-none-eabi-gcc/10.3-2021.07/gcc/bin/../lib/gcc/arm-none-eabi/10.3.1/thumb/v6-m/nofp/libgcc.a(_dvmd_tls.o)
                              CMakeFiles/SPO.dir/Users/wangjh/Developer/Berkeley/Berkeley-CS249A-Project/pico-sdk/src/rp2_common/pico_divider/divider.S.obj (__aeabi_idiv0)
/opt/homebrew/Cellar/arm-none-eabi-gcc/10.3-2021.07/gcc/bin/../lib/gcc/arm-none-eabi/10.3.1/../../../../arm-none-eabi/lib/thumb/v6-m/nofp/libc.a(lib_a-atexit.o)
                              CMakeFiles/SPO.dir/Main.c.obj (atexit)
/opt/homebrew/Cellar/arm-none-eabi-gcc/10.3-2021.07/gcc/bin/../lib/gcc/arm-none-eabi/10.3.1/../../../../arm-none-eabi/lib/thumb/v6-m/nofp/libc.a(lib_a-atoi.o)
                              CMakeFiles/SPO.dir/Main.c.obj (atoi)
/opt/homebrew/Cellar/arm-none-eabi-gcc/10.3-2021.07/gcc/bin/../lib/gcc/arm-none-eabi/10.3.1/../../../../arm-none-eabi/lib/thumb/v6-m/nofp/libc.a(lib_a-atoll.o)
                              CMakeFiles/SPO.dir/Main.c.obj (atoll)
/opt/homebrew/Cellar/arm-none-eabi-gcc/10.3-2021.07/gcc/bin/../lib/gcc/arm-none-eabi/10.3.1/../../../../arm-none-eabi/lib/thumb/v6-m/nofp/libc.a(lib_a-calloc.o)
                              CMakeFiles/SPO.dir/Users/wangjh/Developer/Berkeley/Berkeley-CS249A-Project/pico-sdk/src/rp2_common/pico_malloc/pico_malloc.c.obj (calloc)
/opt/homebrew/Cellar/arm-none-eabi-gcc/10.3-2021.07/gcc/bin/../lib/gcc/arm-none-eabi/10.3.1/../../../../arm-none-eabi/lib/thumb/v6-m/nofp/libc.a(lib_a-callocr.o)
                              /opt/homebrew/Cellar/arm-none-eabi-gcc/10.3-2021.07/gcc/bin/../lib/gcc/arm-none-eabi/10.3.1/../../../../arm-none-eabi/lib/thumb/v6-m/nofp/libc.a(lib_a-calloc.o) (_calloc_r)
/opt/homebrew/Cellar/arm-none-eabi-gcc/10.3-2021.07/gcc/bin/../lib/gcc/arm-none-eabi/10.3.1/../../../../arm-none-eabi/lib/thumb/v6-m/nofp/libc.a(lib_a-ctime.o)
                              CMakeFiles/SPO.dir/Main.c.obj (ctime)
/opt/homebrew/Cellar/arm-none-eabi-gcc/10.3-2021.07/gcc/bin/../lib/gcc/arm-none-eabi/10.3.1/../../../../arm-none-eabi/lib/thumb/v6-m/nofp/libc.a(lib_a-errno.o)
                              /opt/homebrew/Cellar/arm-none-eabi-gcc/10.3-2021.07/gcc/bin/../lib/gcc/arm-none-eabi/10.3.1/../../../../arm-none-eabi/lib/thumb/v6-m/nofp/libc.a(lib_a-callocr.o) (__errno)
/opt/homebrew/Cellar/arm-none-eabi-gcc/10.3-2021.07/gcc/bin/../lib/gcc/arm-none-eabi/10.3.1/../../../../arm-none-eabi/lib/thumb/v6-m/nofp/libc.a(lib_a-impure.o)
                              CMakeFiles/SPO.dir/Main.c.obj (_impure_ptr)
/opt/homebrew/Cellar/arm-none-eabi-gcc/10.3-2021.07/gcc/bin/../lib/gcc/arm-none-eabi/10.3.1/../../../../arm-none-eabi/lib/thumb/v6-m/nofp/libc.a(lib_a-init.o)
                              /opt/homebrew/Cellar/arm-none-eabi-gcc/10.3-2021.07/gcc/bin/../lib/gcc/arm-none-eabi/10.3.1/../../../../arm-none-eabi/lib/thumb/v6-m/nofp/crt0.o (__libc_init_array)
/opt/homebrew/Cellar/arm-none-eabi-gcc/10.3-2021.07/gcc/bin/../lib/gcc/arm-none-eabi/10.3.1/../../../../arm-none-eabi/lib/thumb/v6-m/nofp/libc.a(lib_a-lcltime.o)
                              /opt/homebrew/Cellar/arm-none-eabi-gcc/10.3-2021.07/gcc/bin/../lib/gcc/arm-none-eabi/10.3.1/../../../../arm-none-eabi/lib/thumb/v6-m/nofp/libc.a(lib_a-ctime.o) (localtime)
/opt/homebrew/Cellar/arm-none-eabi-gcc/10.3-2021.07/gcc/bin/../lib/gcc/arm-none-eabi/10.3.1/../../../../arm-none-eabi/lib/thumb/v6-m/nofp/libc.a(lib_a-lcltime_r.o)
                              /opt/homebrew/Cellar/arm-none-eabi-gcc/10.3-2021.07/gcc/bin/../lib/gcc/arm-none-eabi/10.3.1/../../../../arm-none-eabi/lib/thumb/v6-m/nofp/libc.a(lib_a-lcltime.o) (localtime_r)
/opt/homebrew/Cellar/arm-none-eabi-gcc/10.3-2021.07/gcc/bin/../lib/gcc/arm-none-eabi/10.3.1/../../../../arm-none-eabi/lib/thumb/v6-m/nofp/libc.a(lib_a-malloc.o)
                              CMakeFiles/SPO.dir/Users/wangjh/Developer/Berkeley/Berkeley-CS249A-Project/pico-sdk/src/rp2_common/pico_malloc/pico_malloc.c.obj (malloc)
/opt/homebrew/Cellar/arm-none-eabi-gcc/10.3-2021.07/gcc/bin/../lib/gcc/arm-none-eabi/10.3.1/../../../../arm-none-eabi/lib/thumb/v6-m/nofp/libc.a(lib_a-mallocr.o)
                              /opt/homebrew/Cellar/arm-none-eabi-gcc/10.3-2021.07/gcc/bin/../lib/gcc/arm-none-eabi/10.3.1/../../../../arm-none-eabi/lib/thumb/v6-m/nofp/libc.a(lib_a-callocr.o) (_malloc_r)
/opt/homebrew/Cellar/arm-none-eabi-gcc/10.3-2021.07/gcc/bin/../lib/gcc/arm-none-eabi/10.3.1/../../../../arm-none-eabi/lib/thumb/v6-m/nofp/libc.a(lib_a-mlock.o)
                              /opt/homebrew/Cellar/arm-none-eabi-gcc/10.3-2021.07/gcc/bin/../lib/gcc/arm-none-eabi/10.3.1/../../../../arm-none-eabi/lib/thumb/v6-m/nofp/libc.a(lib_a-mallocr.o) (__malloc_lock)
/opt/homebrew/Cellar/arm-none-eabi-gcc/10.3-2021.07/gcc/bin/../lib/gcc/arm-none-eabi/10.3.1/../../../../arm-none-eabi/lib/thumb/v6-m/nofp/libc.a(lib_a-month_lengths.o)
[...]
Memory Configuration

Name             Origin             Length             Attributes
FLASH            0x0000000010000000 0x0000000000200000 xr
RAM              0x0000000020000000 0x0000000000040000 xrw
SCRATCH_X        0x0000000020040000 0x0000000000001000 xrw
SCRATCH_Y        0x0000000020041000 0x0000000000001000 xrw
*default*        0x0000000000000000 0xffffffffffffffff

Linker script and memory map

LOAD /opt/homebrew/Cellar/arm-none-eabi-gcc/10.3-2021.07/gcc/bin/../lib/gcc/arm-none-eabi/10.3.1/thumb/v6-m/nofp/crti.o
LOAD /opt/homebrew/Cellar/arm-none-eabi-gcc/10.3-2021.07/gcc/bin/../lib/gcc/arm-none-eabi/10.3.1/thumb/v6-m/nofp/crtbegin.o
LOAD /opt/homebrew/Cellar/arm-none-eabi-gcc/10.3-2021.07/gcc/bin/../lib/gcc/arm-none-eabi/10.3.1/../../../../arm-none-eabi/lib/thumb/v6-m/nofp/crt0.o

.flash_begin    0x0000000010000000        0x0
                0x0000000010000000                __flash_binary_start = .

.boot2          0x0000000010000000      0x100
                0x0000000010000000                __boot2_start__ = .
 *(.boot2)
 .boot2         0x0000000010000000      0x100 /var/folders/s2/62ns56zn5cq05cqnr7nbjms80000gn/T//cc0m8buj.o
                0x0000000010000100                __boot2_end__ = .
                0x0000000000000001                ASSERT (((__boot2_end__ - __boot2_start__) == 0x100), ERROR: Pico second stage bootloader must be 256 bytes in size)

.text           0x0000000010000100     0xedd8
                0x0000000010000100                __logical_binary_start = .
 *(.vectors)
 .vectors       0x0000000010000100       0xd4 CMakeFiles/SPO.dir/Users/wangjh/Developer/Berkeley/Berkeley-CS249A-Project/pico-sdk/src/rp2_common/pico_standard_link/crt0.S.obj
                0x0000000010000100                __VECTOR_TABLE
                0x0000000010000100                __vectors
                0x00000000100001c0                __default_isrs_start
                0x00000000100001c0                isr_invalid
                0x00000000100001c2                isr_nmi
                0x00000000100001c4                isr_hardfault
                0x00000000100001c6                isr_svcall
                0x00000000100001c8                isr_pendsv
                0x00000000100001ca                isr_systick
                0x00000000100001cc                isr_irq28
                0x00000000100001cc                isr_irq19
                0x00000000100001cc                isr_irq0
                0x00000000100001cc                isr_irq6
                0x00000000100001cc                isr_irq22
                0x00000000100001cc                isr_irq17
                0x00000000100001cc                isr_irq14
                0x00000000100001cc                isr_irq2
                0x00000000100001cc                isr_irq10
                0x00000000100001cc                isr_irq8
                0x00000000100001cc                isr_irq24
                0x00000000100001cc                isr_irq1
                0x00000000100001cc                isr_irq7
                0x00000000100001cc                isr_irq21
                0x00000000100001cc                isr_irq20
                0x00000000100001cc                isr_irq15
                0x00000000100001cc                isr_irq25
                0x00000000100001cc                isr_irq4
                0x00000000100001cc                isr_irq16
                0x00000000100001cc                isr_irq29
                0x00000000100001cc                isr_irq26
                0x00000000100001cc                __default_isrs_end
                0x00000000100001cc                isr_irq3
                0x00000000100001cc                isr_irq9
                0x00000000100001cc                __unhandled_user_irq
                0x00000000100001cc                isr_irq13
                0x00000000100001cc                isr_irq27
                0x00000000100001cc                isr_irq31
                0x00000000100001cc                isr_irq5
                0x00000000100001cc                isr_irq11
                0x00000000100001cc                isr_irq23
                0x00000000100001cc                isr_irq18
                0x00000000100001cc                isr_irq30
                0x00000000100001cc                isr_irq12
                0x00000000100001d2                unhandled_user_irq_num_in_r0
 *(.binary_info_header)
 .binary_info_header
                0x00000000100001d4       0x14 CMakeFiles/SPO.dir/Users/wangjh/Developer/Berkeley/Berkeley-CS249A-Project/pico-sdk/src/rp2_common/pico_standard_link/crt0.S.obj
                0x00000000100001e8                __binary_info_header_end = .
 *(.reset)
 .reset         0x00000000100001e8       0xa8 CMakeFiles/SPO.dir/Users/wangjh/Developer/Berkeley/Berkeley-CS249A-Project/pico-sdk/src/rp2_common/pico_standard_link/crt0.S.obj
                0x00000000100001e8                _entry_point
                0x0000000010000266                __get_current_exception
 .reset         0x0000000010000290       0x30 CMakeFiles/SPO.dir/Users/wangjh/Developer/Berkeley/Berkeley-CS249A-Project/pico-sdk/src/rp2_common/pico_standard_link/binary_info.c.obj
 *(.init)
 .init          0x00000000100002c0        0x4 /opt/homebrew/Cellar/arm-none-eabi-gcc/10.3-2021.07/gcc/bin/../lib/gcc/arm-none-eabi/10.3.1/thumb/v6-m/nofp/crti.o
                0x00000000100002c0                _init
 *(EXCLUDE_FILE(*libm.a: *libc.a:*lib_a-mem*.o *libgcc.a:) .text*)
 .text          0x00000000100002c4       0x48 /opt/homebrew/Cellar/arm-none-eabi-gcc/10.3-2021.07/gcc/bin/../lib/gcc/arm-none-eabi/10.3.1/thumb/v6-m/nofp/crtbegin.o
 .text.percolate_down
                0x000000001000030c       0xd8 CMakeFiles/SPO.dir/Main.c.obj
 .text.in_reverse_order
                0x00000000100003e4       0x18 CMakeFiles/SPO.dir/Main.c.obj
 .text.in_no_particular_order
                0x00000000100003fc        0x4 CMakeFiles/SPO.dir/Main.c.obj
 .text.event_matches
                0x0000000010000400        0xc CMakeFiles/SPO.dir/Main.c.obj
 .text.reaction_matches
                0x000000001000040c        0x8 CMakeFiles/SPO.dir/Main.c.obj
 .text.get_event_time
                0x0000000010000414        0x8 CMakeFiles/SPO.dir/Main.c.obj
 .text.get_reaction_index
                0x000000001000041c        0x8 CMakeFiles/SPO.dir/Main.c.obj
 .text.get_event_position
                0x0000000010000424        0x4 CMakeFiles/SPO.dir/Main.c.obj
 .text.get_reaction_position
                0x0000000010000428        0x4 CMakeFiles/SPO.dir/Main.c.obj
 .text.set_event_position
                0x000000001000042c        0x4 CMakeFiles/SPO.dir/Main.c.obj
 .text.set_reaction_position
                0x0000000010000430        0x4 CMakeFiles/SPO.dir/Main.c.obj
 .text.print_reaction
                0x0000000010000434        0x4 CMakeFiles/SPO.dir/Main.c.obj
 .text.mainreaction_function_0
                0x0000000010000438       0x28 CMakeFiles/SPO.dir/Main.c.obj
                0x0000000010000438                mainreaction_function_0
 .text.print_event
                0x0000000010000460        0x4 CMakeFiles/SPO.dir/Main.c.obj
 .text.bubble_up.isra.0
                0x0000000010000464       0x84 CMakeFiles/SPO.dir/Main.c.obj
 .text.lf_comma_separated_time
                0x00000000100004e8      0x284 CMakeFiles/SPO.dir/Main.c.obj
                0x00000000100004e8                lf_comma_separated_time
 .text._lf_message_print
                0x000000001000076c       0xc0 CMakeFiles/SPO.dir/Main.c.obj
                0x000000001000076c                _lf_message_print
 .text.info_print
                0x000000001000082c       0x88 CMakeFiles/SPO.dir/Main.c.obj
                0x000000001000082c                info_print
 .text.error_print
                0x00000000100008b4       0x88 CMakeFiles/SPO.dir/Main.c.obj
                0x00000000100008b4                error_print
 .text.schedule_output_reactions.part.0
                0x000000001000093c      0x258 CMakeFiles/SPO.dir/Main.c.obj
 .text.warning_print
                0x0000000010000b94       0x88 CMakeFiles/SPO.dir/Main.c.obj
                0x0000000010000b94                warning_print
 .text.error_print_and_exit
                0x0000000010000c1c       0x24 CMakeFiles/SPO.dir/Main.c.obj
                0x0000000010000c1c                error_print_and_exit
 .text.find_equal_same_priority
                0x0000000010000c40       0x9c CMakeFiles/SPO.dir/Main.c.obj
                0x0000000010000c40                find_equal_same_priority
 .text._lf_done_using
                0x0000000010000cdc       0x84 CMakeFiles/SPO.dir/Main.c.obj
                0x0000000010000cdc                _lf_done_using
 .text._lf_schedule.part.0
                0x0000000010000d60      0x4a4 CMakeFiles/SPO.dir/Main.c.obj
 .text._lf_start_time_step
                0x0000000010001204      0x140 CMakeFiles/SPO.dir/Main.c.obj
                0x0000000010001204                _lf_start_time_step
 .text.termination
                0x0000000010001344      0x158 CMakeFiles/SPO.dir/Main.c.obj
                0x0000000010001344                termination
 .text._lf_pop_events
                0x000000001000149c      0x310 CMakeFiles/SPO.dir/Main.c.obj
                0x000000001000149c                _lf_pop_events
 .text.usage    0x00000000100017ac       0xb0 CMakeFiles/SPO.dir/Main.c.obj
                0x00000000100017ac                usage
 .text.process_args
                0x000000001000185c      0x44c CMakeFiles/SPO.dir/Main.c.obj
                0x000000001000185c                process_args
 .text.initialize
                0x0000000010001ca8      0x2d4 CMakeFiles/SPO.dir/Main.c.obj
                0x0000000010001ca8                initialize
 .text._lf_do_step
                0x0000000010001f7c      0x180 CMakeFiles/SPO.dir/Main.c.obj
                0x0000000010001f7c                _lf_do_step
 .text.next     0x00000000100020fc      0x28c CMakeFiles/SPO.dir/Main.c.obj
                0x00000000100020fc                next
 .text.lf_reactor_c_main
                0x0000000010002388      0x1dc CMakeFiles/SPO.dir/Main.c.obj
                0x0000000010002388                lf_reactor_c_main
 .text.startup.main
                0x0000000010002564        0x8 CMakeFiles/SPO.dir/Main.c.obj
                0x0000000010002564                main
 .text.lf_initialize_clock
                0x000000001000256c        0x4 CMakeFiles/SPO.dir/core/platform/lf_pico_support.c.obj
                0x000000001000256c                lf_initialize_clock
 .text.lf_clock_gettime
                0x0000000010002570        0x8 CMakeFiles/SPO.dir/core/platform/lf_pico_support.c.obj
                0x0000000010002570                lf_clock_gettime
 .text.lf_nanosleep
                0x0000000010002578        0x8 CMakeFiles/SPO.dir/core/platform/lf_pico_support.c.obj
                0x0000000010002578                lf_nanosleep
 .text.gpio_init
                0x0000000010002580       0x3c CMakeFiles/SPO.dir/Users/wangjh/Developer/Berkeley/Berkeley-CS249A-Project/pico-sdk/src/rp2_common/hardware_gpio/gpio.c.obj
                0x0000000010002580                gpio_init
 .text.hw_claim_or_assert
                0x00000000100025bc       0x44 CMakeFiles/SPO.dir/Users/wangjh/Developer/Berkeley/Berkeley-CS249A-Project/pico-sdk/src/rp2_common/hardware_claim/claim.c.obj
                0x00000000100025bc                hw_claim_or_assert
 .text.running_on_fpga
                0x0000000010002600       0x10 CMakeFiles/SPO.dir/Users/wangjh/Developer/Berkeley/Berkeley-CS249A-Project/pico-sdk/src/rp2_common/pico_platform/platform.c.obj
                0x0000000010002600                running_on_fpga
 .text.spin_locks_reset
                0x0000000010002610       0x1c CMakeFiles/SPO.dir/Users/wangjh/Developer/Berkeley/Berkeley-CS249A-Project/pico-sdk/src/rp2_common/hardware_sync/sync.c.obj
                0x0000000010002610                spin_locks_reset
 .text.next_striped_spin_lock_num
                0x000000001000262c       0x18 CMakeFiles/SPO.dir/Users/wangjh/Developer/Berkeley/Berkeley-CS249A-Project/pico-sdk/src/rp2_common/hardware_sync/sync.c.obj
                0x000000001000262c                next_striped_spin_lock_num
 .text.timer_pool_entry_comparator
                0x0000000010002644       0x34 CMakeFiles/SPO.dir/Users/wangjh/Developer/Berkeley/Berkeley-CS249A-Project/pico-sdk/src/common/pico_time/time.c.obj
                0x0000000010002644                timer_pool_entry_comparator
 .text.sleep_until_callback
                0x0000000010002678       0x30 CMakeFiles/SPO.dir/Users/wangjh/Developer/Berkeley/Berkeley-CS249A-Project/pico-sdk/src/common/pico_time/time.c.obj
 .text.add_alarm_under_lock.isra.0
                0x00000000100026a8      0x100 CMakeFiles/SPO.dir/Users/wangjh/Developer/Berkeley/Berkeley-CS249A-Project/pico-sdk/src/common/pico_time/time.c.obj
 .text.alarm_pool_alarm_callback
                0x00000000100027a8      0x1c8 CMakeFiles/SPO.dir/Users/wangjh/Developer/Berkeley/Berkeley-CS249A-Project/pico-sdk/src/common/pico_time/time.c.obj
 .text.alarm_pool_add_alarm_at.constprop.0
                0x0000000010002970      0x11c CMakeFiles/SPO.dir/Users/wangjh/Developer/Berkeley/Berkeley-CS249A-Project/pico-sdk/src/common/pico_time/time.c.obj
 .text.alarm_pool_init_default
                0x0000000010002a8c       0x64 CMakeFiles/SPO.dir/Users/wangjh/Developer/Berkeley/Berkeley-CS249A-Project/pico-sdk/src/common/pico_time/time.c.obj
                0x0000000010002a8c                alarm_pool_init_default
 .text.sleep_until
                0x0000000010002af0       0xac CMakeFiles/SPO.dir/Users/wangjh/Developer/Berkeley/Berkeley-CS249A-Project/pico-sdk/src/common/pico_time/time.c.obj
                0x0000000010002af0                sleep_until
 .text.sleep_ms
                0x0000000010002b9c       0x38 CMakeFiles/SPO.dir/Users/wangjh/Developer/Berkeley/Berkeley-CS249A-Project/pico-sdk/src/common/pico_time/time.c.obj
                0x0000000010002b9c                sleep_ms
 .text.hardware_alarm_irq_handler
                0x0000000010002bd4       0xb8 CMakeFiles/SPO.dir/Users/wangjh/Developer/Berkeley/Berkeley-CS249A-Project/pico-sdk/src/rp2_common/hardware_timer/timer.c.obj
 .text.hardware_alarm_claim
                0x0000000010002c8c       0x18 CMakeFiles/SPO.dir/Users/wangjh/Developer/Berkeley/Berkeley-CS249A-Project/pico-sdk/src/rp2_common/hardware_timer/timer.c.obj
                0x0000000010002c8c                hardware_alarm_claim
 .text.time_us_64
                0x0000000010002ca4       0x14 CMakeFiles/SPO.dir/Users/wangjh/Developer/Berkeley/Berkeley-CS249A-Project/pico-sdk/src/rp2_common/hardware_timer/timer.c.obj
                0x0000000010002ca4                time_us_64
 .text.busy_wait_us
                0x0000000010002cb8       0x54 CMakeFiles/SPO.dir/Users/wangjh/Developer/Berkeley/Berkeley-CS249A-Project/pico-sdk/src/rp2_common/hardware_timer/timer.c.obj
                0x0000000010002cb8                busy_wait_us
 .text.busy_wait_until
                0x0000000010002d0c       0x20 CMakeFiles/SPO.dir/Users/wangjh/Developer/Berkeley/Berkeley-CS249A-Project/pico-sdk/src/rp2_common/hardware_timer/timer.c.obj
                0x0000000010002d0c                busy_wait_until
 .text.hardware_alarm_set_callback
                0x0000000010002d2c       0x8c CMakeFiles/SPO.dir/Users/wangjh/Developer/Berkeley/Berkeley-CS249A-Project/pico-sdk/src/rp2_common/hardware_timer/timer.c.obj
                0x0000000010002d2c                hardware_alarm_set_callback
 .text.hardware_alarm_set_target
                0x0000000010002db8       0xe0 CMakeFiles/SPO.dir/Users/wangjh/Developer/Berkeley/Berkeley-CS249A-Project/pico-sdk/src/rp2_common/hardware_timer/timer.c.obj
                0x0000000010002db8                hardware_alarm_set_target
 .text.hardware_alarm_cancel
                0x0000000010002e98       0x3c CMakeFiles/SPO.dir/Users/wangjh/Developer/Berkeley/Berkeley-CS249A-Project/pico-sdk/src/rp2_common/hardware_timer/timer.c.obj
                0x0000000010002e98                hardware_alarm_cancel
 .text.lock_init
                0x0000000010002ed4       0x10 CMakeFiles/SPO.dir/Users/wangjh/Developer/Berkeley/Berkeley-CS249A-Project/pico-sdk/src/common/pico_sync/lock_core.c.obj
                0x0000000010002ed4                lock_init
 .text.mutex_init
                0x0000000010002ee4       0x1c CMakeFiles/SPO.dir/Users/wangjh/Developer/Berkeley/Berkeley-CS249A-Project/pico-sdk/src/common/pico_sync/mutex.c.obj
                0x0000000010002ee4                mutex_init
 .text.recursive_mutex_init
                0x0000000010002f00       0x1c CMakeFiles/SPO.dir/Users/wangjh/Developer/Berkeley/Berkeley-CS249A-Project/pico-sdk/src/common/pico_sync/mutex.c.obj
                0x0000000010002f00                recursive_mutex_init
 .text.ph_merge_nodes
                0x0000000010002f1c       0x68 CMakeFiles/SPO.dir/Users/wangjh/Developer/Berkeley/Berkeley-CS249A-Project/pico-sdk/src/common/pico_util/pheap.c.obj
 .text.ph_post_alloc_init
                0x0000000010002f84       0x3c CMakeFiles/SPO.dir/Users/wangjh/Developer/Berkeley/Berkeley-CS249A-Project/pico-sdk/src/common/pico_util/pheap.c.obj
                0x0000000010002f84                ph_post_alloc_init
 .text.ph_merge_two_pass
                0x0000000010002fc0       0x90 CMakeFiles/SPO.dir/Users/wangjh/Developer/Berkeley/Berkeley-CS249A-Project/pico-sdk/src/common/pico_util/pheap.c.obj
                0x0000000010002fc0                ph_merge_two_pass
 .text.ph_remove_any_head
                0x0000000010003050       0xf8 CMakeFiles/SPO.dir/Users/wangjh/Developer/Berkeley/Berkeley-CS249A-Project/pico-sdk/src/common/pico_util/pheap.c.obj
 .text.ph_remove_head
                0x0000000010003148       0xfc CMakeFiles/SPO.dir/Users/wangjh/Developer/Berkeley/Berkeley-CS249A-Project/pico-sdk/src/common/pico_util/pheap.c.obj
                0x0000000010003148                ph_remove_head
 .text.ph_remove_and_free_node
                0x0000000010003244       0x7c CMakeFiles/SPO.dir/Users/wangjh/Developer/Berkeley/Berkeley-CS249A-Project/pico-sdk/src/common/pico_util/pheap.c.obj
                0x0000000010003244                ph_remove_and_free_node
 .text.runtime_init
                0x00000000100032c0       0xf0 CMakeFiles/SPO.dir/Users/wangjh/Developer/Berkeley/Berkeley-CS249A-Project/pico-sdk/src/rp2_common/pico_runtime/runtime.c.obj
                0x00000000100032c0                runtime_init
 .text._sbrk    0x00000000100033b0       0x34 CMakeFiles/SPO.dir/Users/wangjh/Developer/Berkeley/Berkeley-CS249A-Project/pico-sdk/src/rp2_common/pico_runtime/runtime.c.obj
                0x00000000100033b0                _sbrk
 .text.exit     0x00000000100033e4        0x4 CMakeFiles/SPO.dir/Users/wangjh/Developer/Berkeley/Berkeley-CS249A-Project/pico-sdk/src/rp2_common/pico_runtime/runtime.c.obj
                0x00000000100033e4                exit
 .text.__assert_func
                0x00000000100033e8       0x34 CMakeFiles/SPO.dir/Users/wangjh/Developer/Berkeley/Berkeley-CS249A-Project/pico-sdk/src/rp2_common/pico_runtime/runtime.c.obj
                0x00000000100033e8                __assert_func
 .text.panic    0x000000001000341c       0x30 CMakeFiles/SPO.dir/Users/wangjh/Developer/Berkeley/Berkeley-CS249A-Project/pico-sdk/src/rp2_common/pico_runtime/runtime.c.obj
                0x000000001000341c                panic
 .text.hard_assertion_failure
                0x000000001000344c        0xc CMakeFiles/SPO.dir/Users/wangjh/Developer/Berkeley/Berkeley-CS249A-Project/pico-sdk/src/rp2_common/pico_runtime/runtime.c.obj
                0x000000001000344c                hard_assertion_failure
 .text.clocks_init
                0x0000000010003458      0x2bc CMakeFiles/SPO.dir/Users/wangjh/Developer/Berkeley/Berkeley-CS249A-Project/pico-sdk/src/rp2_common/hardware_clocks/clocks.c.obj
                0x0000000010003458                clocks_init
 .text.irq_set_enabled
                0x0000000010003714       0x24 CMakeFiles/SPO.dir/Users/wangjh/Developer/Berkeley/Berkeley-CS249A-Project/pico-sdk/src/rp2_common/hardware_irq/irq.c.obj
                0x0000000010003714                irq_set_enabled
 .text.irq_get_vtable_handler
                0x0000000010003738       0x10 CMakeFiles/SPO.dir/Users/wangjh/Developer/Berkeley/Berkeley-CS249A-Project/pico-sdk/src/rp2_common/hardware_irq/irq.c.obj
                0x0000000010003738                irq_get_vtable_handler
 .text.irq_set_exclusive_handler
                0x0000000010003748       0x54 CMakeFiles/SPO.dir/Users/wangjh/Developer/Berkeley/Berkeley-CS249A-Project/pico-sdk/src/rp2_common/hardware_irq/irq.c.obj
                0x0000000010003748                irq_set_exclusive_handler
 .text.irq_remove_handler
                0x000000001000379c      0x1b4 CMakeFiles/SPO.dir/Users/wangjh/Developer/Berkeley/Berkeley-CS249A-Project/pico-sdk/src/rp2_common/hardware_irq/irq.c.obj
                0x000000001000379c                irq_remove_handler
 .text.irq_add_tail_to_free_list
                0x0000000010003950       0xb4 CMakeFiles/SPO.dir/Users/wangjh/Developer/Berkeley/Berkeley-CS249A-Project/pico-sdk/src/rp2_common/hardware_irq/irq.c.obj
                0x0000000010003950                irq_add_tail_to_free_list
 .text.irq_init_priorities
                0x0000000010003a04       0x24 CMakeFiles/SPO.dir/Users/wangjh/Developer/Berkeley/Berkeley-CS249A-Project/pico-sdk/src/rp2_common/hardware_irq/irq.c.obj
                0x0000000010003a04                irq_init_priorities
 .text.pll_init
                0x0000000010003a28       0xa8 CMakeFiles/SPO.dir/Users/wangjh/Developer/Berkeley/Berkeley-CS249A-Project/pico-sdk/src/rp2_common/hardware_pll/pll.c.obj
                0x0000000010003a28                pll_init
 .text.watchdog_start_tick
                0x0000000010003ad0       0x10 CMakeFiles/SPO.dir/Users/wangjh/Developer/Berkeley/Berkeley-CS249A-Project/pico-sdk/src/rp2_common/hardware_watchdog/watchdog.c.obj
                0x0000000010003ad0                watchdog_start_tick
 .text.xosc_init
                0x0000000010003ae0       0x28 CMakeFiles/SPO.dir/Users/wangjh/Developer/Berkeley/Berkeley-CS249A-Project/pico-sdk/src/rp2_common/hardware_xosc/xosc.c.obj
                0x0000000010003ae0                xosc_init
 .text._out_buffer
                0x0000000010003b08        0x8 CMakeFiles/SPO.dir/Users/wangjh/Developer/Berkeley/Berkeley-CS249A-Project/pico-sdk/src/rp2_common/pico_printf/printf.c.obj
 .text._out_null
                0x0000000010003b10        0x4 CMakeFiles/SPO.dir/Users/wangjh/Developer/Berkeley/Berkeley-CS249A-Project/pico-sdk/src/rp2_common/pico_printf/printf.c.obj
 .text._out_rev
                0x0000000010003b14       0x9c CMakeFiles/SPO.dir/Users/wangjh/Developer/Berkeley/Berkeley-CS249A-Project/pico-sdk/src/rp2_common/pico_printf/printf.c.obj
 .text._ntoa_format
                0x0000000010003bb0      0x1cc CMakeFiles/SPO.dir/Users/wangjh/Developer/Berkeley/Berkeley-CS249A-Project/pico-sdk/src/rp2_common/pico_printf/printf.c.obj
 .text._out_char
                0x0000000010003d7c       0x10 CMakeFiles/SPO.dir/Users/wangjh/Developer/Berkeley/Berkeley-CS249A-Project/pico-sdk/src/rp2_common/pico_printf/printf.c.obj
 .text._out_fct
                0x0000000010003d8c       0x10 CMakeFiles/SPO.dir/Users/wangjh/Developer/Berkeley/Berkeley-CS249A-Project/pico-sdk/src/rp2_common/pico_printf/printf.c.obj
 .text._etoa    0x0000000010003d9c      0x44c CMakeFiles/SPO.dir/Users/wangjh/Developer/Berkeley/Berkeley-CS249A-Project/pico-sdk/src/rp2_common/pico_printf/printf.c.obj
 .text._ftoa    0x00000000100041e8      0x398 CMakeFiles/SPO.dir/Users/wangjh/Developer/Berkeley/Berkeley-CS249A-Project/pico-sdk/src/rp2_common/pico_printf/printf.c.obj
 .text._vsnprintf
                0x0000000010004580      0xb04 CMakeFiles/SPO.dir/Users/wangjh/Developer/Berkeley/Berkeley-CS249A-Project/pico-sdk/src/rp2_common/pico_printf/printf.c.obj
 .text.__wrap_sprintf
                0x0000000010005084       0x28 CMakeFiles/SPO.dir/Users/wangjh/Developer/Berkeley/Berkeley-CS249A-Project/pico-sdk/src/rp2_common/pico_printf/printf.c.obj
                0x0000000010005084                __wrap_sprintf
 .text.__wrap_snprintf
                0x00000000100050ac       0x28 CMakeFiles/SPO.dir/Users/wangjh/Developer/Berkeley/Berkeley-CS249A-Project/pico-sdk/src/rp2_common/pico_printf/printf.c.obj
                0x00000000100050ac                __wrap_snprintf
 .text.vfctprintf
                0x00000000100050d4       0x20 CMakeFiles/SPO.dir/Users/wangjh/Developer/Berkeley/Berkeley-CS249A-Project/pico-sdk/src/rp2_common/pico_printf/printf.c.obj
                0x00000000100050d4                vfctprintf
 .text.weak_raw_printf
                0x00000000100050f4       0x40 CMakeFiles/SPO.dir/Users/wangjh/Developer/Berkeley/Berkeley-CS249A-Project/pico-sdk/src/rp2_common/pico_printf/printf.c.obj
                0x00000000100050f4                weak_raw_printf
 .text.weak_raw_vprintf
                0x0000000010005134       0x30 CMakeFiles/SPO.dir/Users/wangjh/Developer/Berkeley/Berkeley-CS249A-Project/pico-sdk/src/rp2_common/pico_printf/printf.c.obj
                0x0000000010005134                weak_raw_vprintf
 .text          0x0000000010005164       0x10 CMakeFiles/SPO.dir/Users/wangjh/Developer/Berkeley/Berkeley-CS249A-Project/pico-sdk/src/rp2_common/pico_bit_ops/bit_ops_aeabi.S.obj
 .text.rom_func_lookup
                0x0000000010005174       0x10 CMakeFiles/SPO.dir/Users/wangjh/Developer/Berkeley/Berkeley-CS249A-Project/pico-sdk/src/rp2_common/pico_bootrom/bootrom.c.obj
                0x0000000010005174                rom_func_lookup
 .text.rom_data_lookup
                0x0000000010005184       0x10 CMakeFiles/SPO.dir/Users/wangjh/Developer/Berkeley/Berkeley-CS249A-Project/pico-sdk/src/rp2_common/pico_bootrom/bootrom.c.obj
                0x0000000010005184                rom_data_lookup
 .text.rom_funcs_lookup
                0x0000000010005194       0x44 CMakeFiles/SPO.dir/Users/wangjh/Developer/Berkeley/Berkeley-CS249A-Project/pico-sdk/src/rp2_common/pico_bootrom/bootrom.c.obj
                0x0000000010005194                rom_funcs_lookup
 .text.__wrap___aeabi_idiv
                0x00000000100051d8       0x50 CMakeFiles/SPO.dir/Users/wangjh/Developer/Berkeley/Berkeley-CS249A-Project/pico-sdk/src/rp2_common/pico_divider/divider.S.obj
                0x00000000100051d8                __wrap___aeabi_idivmod
                0x00000000100051d8                divmod_s32s32
                0x00000000100051d8                div_s32s32
                0x00000000100051d8                __wrap___aeabi_idiv
                0x00000000100051e0                divmod_s32s32_unsafe
                0x000000001000520c                divmod_s32s32_savestate
 .text.__wrap___aeabi_uidiv
                0x0000000010005228       0x4c CMakeFiles/SPO.dir/Users/wangjh/Developer/Berkeley/Berkeley-CS249A-Project/pico-sdk/src/rp2_common/pico_divider/divider.S.obj
                0x0000000010005228                __wrap___aeabi_uidiv
                0x0000000010005228                __wrap___aeabi_uidivmod
                0x0000000010005228                div_u32u32
                0x0000000010005228                divmod_u32u32
                0x0000000010005230                divmod_u32u32_unsafe
                0x0000000010005258                divmod_u32u32_savestate
 .text.__wrap___aeabi_ldiv
                0x0000000010005274      0x434 CMakeFiles/SPO.dir/Users/wangjh/Developer/Berkeley/Berkeley-CS249A-Project/pico-sdk/src/rp2_common/pico_divider/divider.S.obj
                0x0000000010005274                __wrap___aeabi_ldivmod
                0x0000000010005274                div_s64s64
                0x0000000010005274                divmod_s64s64
                0x00000000100052ac                divmod_u64u64
                0x00000000100052ac                div_u64u64
                0x00000000100052ac                __wrap___aeabi_uldivmod
                0x00000000100052bc                divmod_u64u64_savestate
                0x00000000100052e4                divmod_s64s64_unsafe
                0x000000001000536c                divmod_u64u64_unsafe
 .text.__wrap___aeabi_darithmetic
                0x00000000100056a8       0x80 CMakeFiles/SPO.dir/Users/wangjh/Developer/Berkeley/Berkeley-CS249A-Project/pico-sdk/src/rp2_common/pico_double/double_aeabi.S.obj
                0x00000000100056a8                __wrap___aeabi_drsub
                0x00000000100056ae                __wrap___aeabi_dsub
                0x00000000100056c0                __wrap___aeabi_dadd
                0x00000000100056d2                __wrap___aeabi_ddiv
                0x000000001000570e                __wrap___aeabi_dmul
 .text.__wrap___aeabi_cdcmple
                0x0000000010005728       0x6c CMakeFiles/SPO.dir/Users/wangjh/Developer/Berkeley/Berkeley-CS249A-Project/pico-sdk/src/rp2_common/pico_double/double_aeabi.S.obj
                0x0000000010005728                __wrap___aeabi_cdrcmple
                0x0000000010005738                __wrap___aeabi_cdcmple
                0x0000000010005738                __wrap___aeabi_cdcmpeq
 .text.__wrap___aeabi_dcmpeq
                0x0000000010005794       0x10 CMakeFiles/SPO.dir/Users/wangjh/Developer/Berkeley/Berkeley-CS249A-Project/pico-sdk/src/rp2_common/pico_double/double_aeabi.S.obj
                0x0000000010005794                __wrap___aeabi_dcmpeq
 .text.__wrap___aeabi_dcmplt
                0x00000000100057a4        0xc CMakeFiles/SPO.dir/Users/wangjh/Developer/Berkeley/Berkeley-CS249A-Project/pico-sdk/src/rp2_common/pico_double/double_aeabi.S.obj
                0x00000000100057a4                __wrap___aeabi_dcmplt
 .text.__wrap___aeabi_dcmple
                0x00000000100057b0       0x10 CMakeFiles/SPO.dir/Users/wangjh/Developer/Berkeley/Berkeley-CS249A-Project/pico-sdk/src/rp2_common/pico_double/double_aeabi.S.obj
                0x00000000100057b0                __wrap___aeabi_dcmple
 .text.__wrap___aeabi_dcmpge
                0x00000000100057c0       0x10 CMakeFiles/SPO.dir/Users/wangjh/Developer/Berkeley/Berkeley-CS249A-Project/pico-sdk/src/rp2_common/pico_double/double_aeabi.S.obj
                0x00000000100057c0                __wrap___aeabi_dcmpge
 .text.__wrap___aeabi_dcmpgt
                0x00000000100057d0        0xa CMakeFiles/SPO.dir/Users/wangjh/Developer/Berkeley/Berkeley-CS249A-Project/pico-sdk/src/rp2_common/pico_double/double_aeabi.S.obj
                0x00000000100057d0                __wrap___aeabi_dcmpgt
 .text.__wrap___aeabi_dcmpun
                0x00000000100057da       0x1c CMakeFiles/SPO.dir/Users/wangjh/Developer/Berkeley/Berkeley-CS249A-Project/pico-sdk/src/rp2_common/pico_double/double_aeabi.S.obj
                0x00000000100057da                __wrap___aeabi_dcmpun
 *fill*         0x00000000100057f6        0x2 
 .text.__wrap___aeabi_i2d
                0x00000000100057f8       0x38 CMakeFiles/SPO.dir/Users/wangjh/Developer/Berkeley/Berkeley-CS249A-Project/pico-sdk/src/rp2_common/pico_double/double_aeabi.S.obj
                0x00000000100057f8                __wrap___aeabi_ui2d
                0x0000000010005800                __wrap___aeabi_i2d
 .text.__wrap___aeabi_d2iz
                0x0000000010005830       0x48 CMakeFiles/SPO.dir/Users/wangjh/Developer/Berkeley/Berkeley-CS249A-Project/pico-sdk/src/rp2_common/pico_double/double_aeabi.S.obj
                0x0000000010005830                __wrap___aeabi_d2iz
                0x0000000010005830                double2int_z
 .text.__wrap___aeabi_d2uiz
                0x0000000010005878       0x18 CMakeFiles/SPO.dir/Users/wangjh/Developer/Berkeley/Berkeley-CS249A-Project/pico-sdk/src/rp2_common/pico_double/double_aeabi.S.obj
                0x0000000010005878                double2uint
                0x0000000010005878                __wrap___aeabi_d2uiz
 .text.__aeabi_double_init
                0x0000000010005890       0x94 CMakeFiles/SPO.dir/Users/wangjh/Developer/Berkeley/Berkeley-CS249A-Project/pico-sdk/src/rp2_common/pico_double/double_init_rom.c.obj
                0x0000000010005890                __aeabi_double_init
 .text.double_table_shim_on_use_helper
                0x0000000010005924       0x2c CMakeFiles/SPO.dir/Users/wangjh/Developer/Berkeley/Berkeley-CS249A-Project/pico-sdk/src/rp2_common/pico_double/double_v1_rom_shim.S.obj
                0x0000000010005924                double_table_shim_on_use_helper
 .text.__wrap___aeabi_dsub
                0x0000000010005950       0x10 CMakeFiles/SPO.dir/Users/wangjh/Developer/Berkeley/Berkeley-CS249A-Project/pico-sdk/src/rp2_common/pico_double/double_v1_rom_shim.S.obj
                0x0000000010005950                drsub_shim
                0x0000000010005956                dsub_shim
 .text.dadd_shim
                0x0000000010005960      0x15c CMakeFiles/SPO.dir/Users/wangjh/Developer/Berkeley/Berkeley-CS249A-Project/pico-sdk/src/rp2_common/pico_double/double_v1_rom_shim.S.obj
                0x0000000010005960                dadd_shim
 .text.dmul_shim
                0x0000000010005abc      0x15c CMakeFiles/SPO.dir/Users/wangjh/Developer/Berkeley/Berkeley-CS249A-Project/pico-sdk/src/rp2_common/pico_double/double_v1_rom_shim.S.obj
                0x0000000010005abc                dmul_shim
 .text.ddiv_shim
                0x0000000010005c18      0x1b0 CMakeFiles/SPO.dir/Users/wangjh/Developer/Berkeley/Berkeley-CS249A-Project/pico-sdk/src/rp2_common/pico_double/double_v1_rom_shim.S.obj
                0x0000000010005c18                ddiv_shim
 .text.double2uint_shim
                0x0000000010005dc8        0xe CMakeFiles/SPO.dir/Users/wangjh/Developer/Berkeley/Berkeley-CS249A-Project/pico-sdk/src/rp2_common/pico_double/double_v1_rom_shim.S.obj
                0x0000000010005dc8                double2uint_shim
                0x0000000010005dca                double2ufix_shim
 *fill*         0x0000000010005dd6        0x2 
 .text.double2uint64_shim
                0x0000000010005dd8       0x70 CMakeFiles/SPO.dir/Users/wangjh/Developer/Berkeley/Berkeley-CS249A-Project/pico-sdk/src/rp2_common/pico_double/double_v1_rom_shim.S.obj
                0x0000000010005dd8                double2uint64_shim
                0x0000000010005dda                double2ufix64_shim
                0x0000000010005dfa                d2fix_a
 .text.dunpacks
                0x0000000010005e48       0x3c CMakeFiles/SPO.dir/Users/wangjh/Developer/Berkeley/Berkeley-CS249A-Project/pico-sdk/src/rp2_common/pico_double/double_v1_rom_shim.S.obj
                0x0000000010005e48                dunpacks
 .text.__aeabi_lmul
                0x0000000010005e84       0x32 CMakeFiles/SPO.dir/Users/wangjh/Developer/Berkeley/Berkeley-CS249A-Project/pico-sdk/src/rp2_common/pico_int64_ops/pico_int64_ops_aeabi.S.obj
                0x0000000010005e84                __wrap___aeabi_lmul
 *fill*         0x0000000010005eb6        0x2 
 .text.__aeabi_float_init
                0x0000000010005eb8       0x64 CMakeFiles/SPO.dir/Users/wangjh/Developer/Berkeley/Berkeley-CS249A-Project/pico-sdk/src/rp2_common/pico_float/float_init_rom.c.obj
                0x0000000010005eb8                __aeabi_float_init
 .text.float_table_shim_on_use_helper
                0x0000000010005f1c       0x2c CMakeFiles/SPO.dir/Users/wangjh/Developer/Berkeley/Berkeley-CS249A-Project/pico-sdk/src/rp2_common/pico_float/float_v1_rom_shim.S.obj
                0x0000000010005f1c                float_table_shim_on_use_helper
 .text.__wrap_malloc
                0x0000000010005f48       0x24 CMakeFiles/SPO.dir/Users/wangjh/Developer/Berkeley/Berkeley-CS249A-Project/pico-sdk/src/rp2_common/pico_malloc/pico_malloc.c.obj
                0x0000000010005f48                __wrap_malloc
 .text.__wrap_calloc
                0x0000000010005f6c       0x24 CMakeFiles/SPO.dir/Users/wangjh/Developer/Berkeley/Berkeley-CS249A-Project/pico-sdk/src/rp2_common/pico_malloc/pico_malloc.c.obj
                0x0000000010005f6c                __wrap_calloc
 .text.__wrap_free
                0x0000000010005f90        0x8 CMakeFiles/SPO.dir/Users/wangjh/Developer/Berkeley/Berkeley-CS249A-Project/pico-sdk/src/rp2_common/pico_malloc/pico_malloc.c.obj
                0x0000000010005f90                __wrap_free
 .text          0x0000000010005f98       0x10 CMakeFiles/SPO.dir/Users/wangjh/Developer/Berkeley/Berkeley-CS249A-Project/pico-sdk/src/rp2_common/pico_mem_ops/mem_ops_aeabi.S.obj
                0x0000000010005f98                __aeabi_mem_init
 .text.memset   0x0000000010005fa8        0xc CMakeFiles/SPO.dir/Users/wangjh/Developer/Berkeley/Berkeley-CS249A-Project/pico-sdk/src/rp2_common/pico_mem_ops/mem_ops_aeabi.S.obj
                0x0000000010005fa8                __wrap_memset
 .text.memcpy   0x0000000010005fb4        0xc CMakeFiles/SPO.dir/Users/wangjh/Developer/Berkeley/Berkeley-CS249A-Project/pico-sdk/src/rp2_common/pico_mem_ops/mem_ops_aeabi.S.obj
                0x0000000010005fb4                __wrap___aeabi_memcpy
                0x0000000010005fb4                __wrap_memcpy
 .text.stdio_out_chars_no_crlf
                0x0000000010005fc0       0x10 CMakeFiles/SPO.dir/Users/wangjh/Developer/Berkeley/Berkeley-CS249A-Project/pico-sdk/src/rp2_common/pico_stdio/stdio.c.obj
 .text.stdio_out_chars_crlf
                0x0000000010005fd0       0xb4 CMakeFiles/SPO.dir/Users/wangjh/Developer/Berkeley/Berkeley-CS249A-Project/pico-sdk/src/rp2_common/pico_stdio/stdio.c.obj
 .text.stdio_buffered_printer
                0x0000000010006084       0x64 CMakeFiles/SPO.dir/Users/wangjh/Developer/Berkeley/Berkeley-CS249A-Project/pico-sdk/src/rp2_common/pico_stdio/stdio.c.obj
 .text.stdio_put_string.isra.0
                0x00000000100060e8       0xfc CMakeFiles/SPO.dir/Users/wangjh/Developer/Berkeley/Berkeley-CS249A-Project/pico-sdk/src/rp2_common/pico_stdio/stdio.c.obj
 .text.__wrap_putchar
                0x00000000100061e4       0xa0 CMakeFiles/SPO.dir/Users/wangjh/Developer/Berkeley/Berkeley-CS249A-Project/pico-sdk/src/rp2_common/pico_stdio/stdio.c.obj
                0x00000000100061e4                __wrap_putchar
 .text.__wrap_puts
                0x0000000010006284       0x3c CMakeFiles/SPO.dir/Users/wangjh/Developer/Berkeley/Berkeley-CS249A-Project/pico-sdk/src/rp2_common/pico_stdio/stdio.c.obj
                0x0000000010006284                __wrap_puts
 .text._read    0x00000000100062c0       0x98 CMakeFiles/SPO.dir/Users/wangjh/Developer/Berkeley/Berkeley-CS249A-Project/pico-sdk/src/rp2_common/pico_stdio/stdio.c.obj
                0x00000000100062c0                _read
 .text._write   0x0000000010006358       0xac CMakeFiles/SPO.dir/Users/wangjh/Developer/Berkeley/Berkeley-CS249A-Project/pico-sdk/src/rp2_common/pico_stdio/stdio.c.obj
                0x0000000010006358                _write
 .text.__wrap_vprintf
                0x0000000010006404       0xd8 CMakeFiles/SPO.dir/Users/wangjh/Developer/Berkeley/Berkeley-CS249A-Project/pico-sdk/src/rp2_common/pico_stdio/stdio.c.obj
                0x0000000010006404                __wrap_vprintf
 .text.__wrap_printf
                0x00000000100064dc       0x18 CMakeFiles/SPO.dir/Users/wangjh/Developer/Berkeley/Berkeley-CS249A-Project/pico-sdk/src/rp2_common/pico_stdio/stdio.c.obj
                0x00000000100064dc                __wrap_printf
 .text.atexit   0x00000000100064f4       0x10 /opt/homebrew/Cellar/arm-none-eabi-gcc/10.3-2021.07/gcc/bin/../lib/gcc/arm-none-eabi/10.3.1/../../../../arm-none-eabi/lib/thumb/v6-m/nofp/libc.a(lib_a-atexit.o)
                0x00000000100064f4                atexit
 .text.atoi     0x0000000010006504        0xc /opt/homebrew/Cellar/arm-none-eabi-gcc/10.3-2021.07/gcc/bin/../lib/gcc/arm-none-eabi/10.3.1/../../../../arm-none-eabi/lib/thumb/v6-m/nofp/libc.a(lib_a-atoi.o)
                0x0000000010006504                atoi
 .text.atoll    0x0000000010006510        0xc /opt/homebrew/Cellar/arm-none-eabi-gcc/10.3-2021.07/gcc/bin/../lib/gcc/arm-none-eabi/10.3.1/../../../../arm-none-eabi/lib/thumb/v6-m/nofp/libc.a(lib_a-atoll.o)
                0x0000000010006510                atoll
 .text.calloc   0x000000001000651c       0x18 /opt/homebrew/Cellar/arm-none-eabi-gcc/10.3-2021.07/gcc/bin/../lib/gcc/arm-none-eabi/10.3.1/../../../../arm-none-eabi/lib/thumb/v6-m/nofp/libc.a(lib_a-calloc.o)
                0x000000001000651c                calloc
 .text._calloc_r
                0x0000000010006534       0x9c /opt/homebrew/Cellar/arm-none-eabi-gcc/10.3-2021.07/gcc/bin/../lib/gcc/arm-none-eabi/10.3.1/../../../../arm-none-eabi/lib/thumb/v6-m/nofp/libc.a(lib_a-callocr.o)
                0x0000000010006534                _calloc_r
 .text.ctime    0x00000000100065d0        0xc /opt/homebrew/Cellar/arm-none-eabi-gcc/10.3-2021.07/gcc/bin/../lib/gcc/arm-none-eabi/10.3.1/../../../../arm-none-eabi/lib/thumb/v6-m/nofp/libc.a(lib_a-ctime.o)
                0x00000000100065d0                ctime
 .text.__errno  0x00000000100065dc        0xc /opt/homebrew/Cellar/arm-none-eabi-gcc/10.3-2021.07/gcc/bin/../lib/gcc/arm-none-eabi/10.3.1/../../../../arm-none-eabi/lib/thumb/v6-m/nofp/libc.a(lib_a-errno.o)
                0x00000000100065dc                __errno
 .text.localtime
                0x00000000100065e8       0x14 /opt/homebrew/Cellar/arm-none-eabi-gcc/10.3-2021.07/gcc/bin/../lib/gcc/arm-none-eabi/10.3.1/../../../../arm-none-eabi/lib/thumb/v6-m/nofp/libc.a(lib_a-lcltime.o)
                0x00000000100065e8                localtime
 .text.localtime_r
                0x00000000100065fc      0x244 /opt/homebrew/Cellar/arm-none-eabi-gcc/10.3-2021.07/gcc/bin/../lib/gcc/arm-none-eabi/10.3.1/../../../../arm-none-eabi/lib/thumb/v6-m/nofp/libc.a(lib_a-lcltime_r.o)
                0x00000000100065fc                localtime_r
 .text.malloc   0x0000000010006840       0x14 /opt/homebrew/Cellar/arm-none-eabi-gcc/10.3-2021.07/gcc/bin/../lib/gcc/arm-none-eabi/10.3.1/../../../../arm-none-eabi/lib/thumb/v6-m/nofp/libc.a(lib_a-malloc.o)
                0x0000000010006840                malloc
 .text.free     0x0000000010006854       0x14 /opt/homebrew/Cellar/arm-none-eabi-gcc/10.3-2021.07/gcc/bin/../lib/gcc/arm-none-eabi/10.3.1/../../../../arm-none-eabi/lib/thumb/v6-m/nofp/libc.a(lib_a-malloc.o)
                0x0000000010006854                free
 .text._malloc_r
                0x0000000010006868      0x584 /opt/homebrew/Cellar/arm-none-eabi-gcc/10.3-2021.07/gcc/bin/../lib/gcc/arm-none-eabi/10.3.1/../../../../arm-none-eabi/lib/thumb/v6-m/nofp/libc.a(lib_a-mallocr.o)
                0x0000000010006868                _malloc_r
 .text.__malloc_lock
                0x0000000010006dec       0x10 /opt/homebrew/Cellar/arm-none-eabi-gcc/10.3-2021.07/gcc/bin/../lib/gcc/arm-none-eabi/10.3.1/../../../../arm-none-eabi/lib/thumb/v6-m/nofp/libc.a(lib_a-mlock.o)
                0x0000000010006dec                __malloc_lock
 .text.__malloc_unlock
                0x0000000010006dfc       0x10 /opt/homebrew/Cellar/arm-none-eabi-gcc/10.3-2021.07/gcc/bin/../lib/gcc/arm-none-eabi/10.3.1/../../../../arm-none-eabi/lib/thumb/v6-m/nofp/libc.a(lib_a-mlock.o)
                0x0000000010006dfc                __malloc_unlock
 .text.realloc  0x0000000010006e0c       0x18 /opt/homebrew/Cellar/arm-none-eabi-gcc/10.3-2021.07/gcc/bin/../lib/gcc/arm-none-eabi/10.3.1/../../../../arm-none-eabi/lib/thumb/v6-m/nofp/libc.a(lib_a-realloc.o)
                0x0000000010006e0c                realloc
 .text._realloc_r
                0x0000000010006e24      0x354 /opt/homebrew/Cellar/arm-none-eabi-gcc/10.3-2021.07/gcc/bin/../lib/gcc/arm-none-eabi/10.3.1/../../../../arm-none-eabi/lib/thumb/v6-m/nofp/libc.a(lib_a-reallocr.o)
                0x0000000010006e24                _realloc_r
 .text._sbrk_r  0x0000000010007178       0x24 /opt/homebrew/Cellar/arm-none-eabi-gcc/10.3-2021.07/gcc/bin/../lib/gcc/arm-none-eabi/10.3.1/../../../../arm-none-eabi/lib/thumb/v6-m/nofp/libc.a(lib_a-sbrkr.o)
                0x0000000010007178                _sbrk_r
 .text.signal   0x000000001000719c       0x54 /opt/homebrew/Cellar/arm-none-eabi-gcc/10.3-2021.07/gcc/bin/../lib/gcc/arm-none-eabi/10.3.1/../../../../arm-none-eabi/lib/thumb/v6-m/nofp/libc.a(lib_a-signal.o)
                0x000000001000719c                signal
 .text          0x00000000100071f0       0x88 /opt/homebrew/Cellar/arm-none-eabi-gcc/10.3-2021.07/gcc/bin/../lib/gcc/arm-none-eabi/10.3.1/../../../../arm-none-eabi/lib/thumb/v6-m/nofp/libc.a(lib_a-strcmp.o)
                0x00000000100071f0                strcmp
 .text.strlen   0x0000000010007278       0x5c /opt/homebrew/Cellar/arm-none-eabi-gcc/10.3-2021.07/gcc/bin/../lib/gcc/arm-none-eabi/10.3.1/../../../../arm-none-eabi/lib/thumb/v6-m/nofp/libc.a(lib_a-strlen-stub.o)
                0x0000000010007278                strlen
 .text.strncmp  0x00000000100072d4       0x74 /opt/homebrew/Cellar/arm-none-eabi-gcc/10.3-2021.07/gcc/bin/../lib/gcc/arm-none-eabi/10.3.1/../../../../arm-none-eabi/lib/thumb/v6-m/nofp/libc.a(lib_a-strncmp.o)
                0x00000000100072d4                strncmp
 .text._strtol_l.part.0
                0x0000000010007348      0x144 /opt/homebrew/Cellar/arm-none-eabi-gcc/10.3-2021.07/gcc/bin/../lib/gcc/arm-none-eabi/10.3.1/../../../../arm-none-eabi/lib/thumb/v6-m/nofp/libc.a(lib_a-strtol.o)
 .text._strtol_r
                0x000000001000748c       0x1c /opt/homebrew/Cellar/arm-none-eabi-gcc/10.3-2021.07/gcc/bin/../lib/gcc/arm-none-eabi/10.3.1/../../../../arm-none-eabi/lib/thumb/v6-m/nofp/libc.a(lib_a-strtol.o)
                0x000000001000748c                _strtol_r
 .text.strtol   0x00000000100074a8       0x2c /opt/homebrew/Cellar/arm-none-eabi-gcc/10.3-2021.07/gcc/bin/../lib/gcc/arm-none-eabi/10.3.1/../../../../arm-none-eabi/lib/thumb/v6-m/nofp/libc.a(lib_a-strtol.o)
                0x00000000100074a8                strtol
 .text._strtoll_l.constprop.0
                0x00000000100074d4      0x198 /opt/homebrew/Cellar/arm-none-eabi-gcc/10.3-2021.07/gcc/bin/../lib/gcc/arm-none-eabi/10.3.1/../../../../arm-none-eabi/lib/thumb/v6-m/nofp/libc.a(lib_a-strtoll.o)
 .text._strtoll_r
                0x000000001000766c        0x8 /opt/homebrew/Cellar/arm-none-eabi-gcc/10.3-2021.07/gcc/bin/../lib/gcc/arm-none-eabi/10.3.1/../../../../arm-none-eabi/lib/thumb/v6-m/nofp/libc.a(lib_a-strtoll.o)
                0x000000001000766c                _strtoll_r
 .text.strtoll  0x0000000010007674       0x18 /opt/homebrew/Cellar/arm-none-eabi-gcc/10.3-2021.07/gcc/bin/../lib/gcc/arm-none-eabi/10.3.1/../../../../arm-none-eabi/lib/thumb/v6-m/nofp/libc.a(lib_a-strtoll.o)
                0x0000000010007674                strtoll
 .text.__tzcalc_limits
                0x000000001000768c      0x1a8 /opt/homebrew/Cellar/arm-none-eabi-gcc/10.3-2021.07/gcc/bin/../lib/gcc/arm-none-eabi/10.3.1/../../../../arm-none-eabi/lib/thumb/v6-m/nofp/libc.a(lib_a-tzcalc_limits.o)
                0x000000001000768c                __tzcalc_limits
 .text.__tz_lock
                0x0000000010007834       0x10 /opt/homebrew/Cellar/arm-none-eabi-gcc/10.3-2021.07/gcc/bin/../lib/gcc/arm-none-eabi/10.3.1/../../../../arm-none-eabi/lib/thumb/v6-m/nofp/libc.a(lib_a-tzlock.o)
                0x0000000010007834                __tz_lock
 .text.__tz_unlock
                0x0000000010007844       0x10 /opt/homebrew/Cellar/arm-none-eabi-gcc/10.3-2021.07/gcc/bin/../lib/gcc/arm-none-eabi/10.3.1/../../../../arm-none-eabi/lib/thumb/v6-m/nofp/libc.a(lib_a-tzlock.o)
                0x0000000010007844                __tz_unlock
 .text._tzset_unlocked
                0x0000000010007854       0x10 /opt/homebrew/Cellar/arm-none-eabi-gcc/10.3-2021.07/gcc/bin/../lib/gcc/arm-none-eabi/10.3.1/../../../../arm-none-eabi/lib/thumb/v6-m/nofp/libc.a(lib_a-tzset.o)
                0x0000000010007854                _tzset_unlocked
 .text._tzset_unlocked_r
                0x0000000010007864      0x350 /opt/homebrew/Cellar/arm-none-eabi-gcc/10.3-2021.07/gcc/bin/../lib/gcc/arm-none-eabi/10.3.1/../../../../arm-none-eabi/lib/thumb/v6-m/nofp/libc.a(lib_a-tzset_r.o)
                0x0000000010007864                _tzset_unlocked_r
 .text._vfprintf_r
                0x0000000010007bb4     0x1c44 /opt/homebrew/Cellar/arm-none-eabi-gcc/10.3-2021.07/gcc/bin/../lib/gcc/arm-none-eabi/10.3.1/../../../../arm-none-eabi/lib/thumb/v6-m/nofp/libc.a(lib_a-vfprintf.o)
                0x0000000010007bb4                _vfprintf_r
 .text.vfprintf
                0x00000000100097f8       0x18 /opt/homebrew/Cellar/arm-none-eabi-gcc/10.3-2021.07/gcc/bin/../lib/gcc/arm-none-eabi/10.3.1/../../../../arm-none-eabi/lib/thumb/v6-m/nofp/libc.a(lib_a-vfprintf.o)
                0x00000000100097f8                vfprintf
 .text.__sbprintf
                0x0000000010009810       0x8c /opt/homebrew/Cellar/arm-none-eabi-gcc/10.3-2021.07/gcc/bin/../lib/gcc/arm-none-eabi/10.3.1/../../../../arm-none-eabi/lib/thumb/v6-m/nofp/libc.a(lib_a-vfprintf.o)
 .text.__swsetup_r
                0x000000001000989c       0xdc /opt/homebrew/Cellar/arm-none-eabi-gcc/10.3-2021.07/gcc/bin/../lib/gcc/arm-none-eabi/10.3.1/../../../../arm-none-eabi/lib/thumb/v6-m/nofp/libc.a(lib_a-wsetup.o)
                0x000000001000989c                __swsetup_r
 .text.__register_exitproc
                0x0000000010009978       0xac /opt/homebrew/Cellar/arm-none-eabi-gcc/10.3-2021.07/gcc/bin/../lib/gcc/arm-none-eabi/10.3.1/../../../../arm-none-eabi/lib/thumb/v6-m/nofp/libc.a(lib_a-__atexit.o)
                0x0000000010009978                __register_exitproc
 .text.startup.register_fini
                0x0000000010009a24       0x18 /opt/homebrew/Cellar/arm-none-eabi-gcc/10.3-2021.07/gcc/bin/../lib/gcc/arm-none-eabi/10.3.1/../../../../arm-none-eabi/lib/thumb/v6-m/nofp/libc.a(lib_a-__call_atexit.o)
 .text.asctime  0x0000000010009a3c       0x14 /opt/homebrew/Cellar/arm-none-eabi-gcc/10.3-2021.07/gcc/bin/../lib/gcc/arm-none-eabi/10.3.1/../../../../arm-none-eabi/lib/thumb/v6-m/nofp/libc.a(lib_a-asctime.o)
                0x0000000010009a3c                asctime
 .text.asctime_r
                0x0000000010009a50       0x54 /opt/homebrew/Cellar/arm-none-eabi-gcc/10.3-2021.07/gcc/bin/../lib/gcc/arm-none-eabi/10.3.1/../../../../arm-none-eabi/lib/thumb/v6-m/nofp/libc.a(lib_a-asctime_r.o)
                0x0000000010009a50                asctime_r
 .text.quorem   0x0000000010009aa4      0x148 /opt/homebrew/Cellar/arm-none-eabi-gcc/10.3-2021.07/gcc/bin/../lib/gcc/arm-none-eabi/10.3.1/../../../../arm-none-eabi/lib/thumb/v6-m/nofp/libc.a(lib_a-dtoa.o)
 .text._dtoa_r  0x0000000010009bec      0xfbc /opt/homebrew/Cellar/arm-none-eabi-gcc/10.3-2021.07/gcc/bin/../lib/gcc/arm-none-eabi/10.3.1/../../../../arm-none-eabi/lib/thumb/v6-m/nofp/libc.a(lib_a-dtoa.o)
                0x0000000010009bec                _dtoa_r
 .text.__sflush_r
                0x000000001000aba8      0x140 /opt/homebrew/Cellar/arm-none-eabi-gcc/10.3-2021.07/gcc/bin/../lib/gcc/arm-none-eabi/10.3.1/../../../../arm-none-eabi/lib/thumb/v6-m/nofp/libc.a(lib_a-fflush.o)
                0x000000001000aba8                __sflush_r
 .text._fflush_r
                0x000000001000ace8       0x6c /opt/homebrew/Cellar/arm-none-eabi-gcc/10.3-2021.07/gcc/bin/../lib/gcc/arm-none-eabi/10.3.1/../../../../arm-none-eabi/lib/thumb/v6-m/nofp/libc.a(lib_a-fflush.o)
                0x000000001000ace8                _fflush_r
 .text._cleanup_r
                0x000000001000ad54       0x10 /opt/homebrew/Cellar/arm-none-eabi-gcc/10.3-2021.07/gcc/bin/../lib/gcc/arm-none-eabi/10.3.1/../../../../arm-none-eabi/lib/thumb/v6-m/nofp/libc.a(lib_a-findfp.o)
                0x000000001000ad54                _cleanup_r
 .text.__sinit  0x000000001000ad64      0x120 /opt/homebrew/Cellar/arm-none-eabi-gcc/10.3-2021.07/gcc/bin/../lib/gcc/arm-none-eabi/10.3.1/../../../../arm-none-eabi/lib/thumb/v6-m/nofp/libc.a(lib_a-findfp.o)
                0x000000001000ad64                __sinit
 .text.__sfp_lock_acquire
                0x000000001000ae84       0x10 /opt/homebrew/Cellar/arm-none-eabi-gcc/10.3-2021.07/gcc/bin/../lib/gcc/arm-none-eabi/10.3.1/../../../../arm-none-eabi/lib/thumb/v6-m/nofp/libc.a(lib_a-findfp.o)
                0x000000001000ae84                __sfp_lock_acquire
 .text.__sfp_lock_release
                0x000000001000ae94       0x10 /opt/homebrew/Cellar/arm-none-eabi-gcc/10.3-2021.07/gcc/bin/../lib/gcc/arm-none-eabi/10.3.1/../../../../arm-none-eabi/lib/thumb/v6-m/nofp/libc.a(lib_a-findfp.o)
                0x000000001000ae94                __sfp_lock_release
 .text.__libc_fini_array
                0x000000001000aea4       0x28 /opt/homebrew/Cellar/arm-none-eabi-gcc/10.3-2021.07/gcc/bin/../lib/gcc/arm-none-eabi/10.3.1/../../../../arm-none-eabi/lib/thumb/v6-m/nofp/libc.a(lib_a-fini.o)
                0x000000001000aea4                __libc_fini_array
 .text._malloc_trim_r
                0x000000001000aecc       0x9c /opt/homebrew/Cellar/arm-none-eabi-gcc/10.3-2021.07/gcc/bin/../lib/gcc/arm-none-eabi/10.3.1/../../../../arm-none-eabi/lib/thumb/v6-m/nofp/libc.a(lib_a-freer.o)
                0x000000001000aecc                _malloc_trim_r
 .text._free_r  0x000000001000af68      0x1c4 /opt/homebrew/Cellar/arm-none-eabi-gcc/10.3-2021.07/gcc/bin/../lib/gcc/arm-none-eabi/10.3.1/../../../../arm-none-eabi/lib/thumb/v6-m/nofp/libc.a(lib_a-freer.o)
                0x000000001000af68                _free_r
 .text._fwalk_reent
                0x000000001000b12c       0x48 /opt/homebrew/Cellar/arm-none-eabi-gcc/10.3-2021.07/gcc/bin/../lib/gcc/arm-none-eabi/10.3.1/../../../../arm-none-eabi/lib/thumb/v6-m/nofp/libc.a(lib_a-fwalk.o)
                0x000000001000b12c                _fwalk_reent
 .text._findenv_r
                0x000000001000b174       0x90 /opt/homebrew/Cellar/arm-none-eabi-gcc/10.3-2021.07/gcc/bin/../lib/gcc/arm-none-eabi/10.3.1/../../../../arm-none-eabi/lib/thumb/v6-m/nofp/libc.a(lib_a-getenv_r.o)
                0x000000001000b174                _findenv_r
 .text._getenv_r
                0x000000001000b204       0x10 /opt/homebrew/Cellar/arm-none-eabi-gcc/10.3-2021.07/gcc/bin/../lib/gcc/arm-none-eabi/10.3.1/../../../../arm-none-eabi/lib/thumb/v6-m/nofp/libc.a(lib_a-getenv_r.o)
                0x000000001000b204                _getenv_r
 .text.__gettzinfo
                0x000000001000b214        0x8 /opt/homebrew/Cellar/arm-none-eabi-gcc/10.3-2021.07/gcc/bin/../lib/gcc/arm-none-eabi/10.3.1/../../../../arm-none-eabi/lib/thumb/v6-m/nofp/libc.a(lib_a-gettzinfo.o)
                0x000000001000b214                __gettzinfo
 .text.gmtime_r
                0x000000001000b21c      0x1d4 /opt/homebrew/Cellar/arm-none-eabi-gcc/10.3-2021.07/gcc/bin/../lib/gcc/arm-none-eabi/10.3.1/../../../../arm-none-eabi/lib/thumb/v6-m/nofp/libc.a(lib_a-gmtime_r.o)
                0x000000001000b21c                gmtime_r
 .text._localeconv_r
                0x000000001000b3f0        0x8 /opt/homebrew/Cellar/arm-none-eabi-gcc/10.3-2021.07/gcc/bin/../lib/gcc/arm-none-eabi/10.3.1/../../../../arm-none-eabi/lib/thumb/v6-m/nofp/libc.a(lib_a-localeconv.o)
                0x000000001000b3f0                _localeconv_r
 .text.__retarget_lock_init_recursive
                0x000000001000b3f8        0x4 /opt/homebrew/Cellar/arm-none-eabi-gcc/10.3-2021.07/gcc/bin/../lib/gcc/arm-none-eabi/10.3.1/../../../../arm-none-eabi/lib/thumb/v6-m/nofp/libc.a(lib_a-lock.o)
                0x000000001000b3f8                __retarget_lock_init_recursive
 .text.__retarget_lock_close_recursive
                0x000000001000b3fc        0x4 /opt/homebrew/Cellar/arm-none-eabi-gcc/10.3-2021.07/gcc/bin/../lib/gcc/arm-none-eabi/10.3.1/../../../../arm-none-eabi/lib/thumb/v6-m/nofp/libc.a(lib_a-lock.o)
                0x000000001000b3fc                __retarget_lock_close_recursive
 .text.__retarget_lock_acquire
                0x000000001000b400        0x4 /opt/homebrew/Cellar/arm-none-eabi-gcc/10.3-2021.07/gcc/bin/../lib/gcc/arm-none-eabi/10.3.1/../../../../arm-none-eabi/lib/thumb/v6-m/nofp/libc.a(lib_a-lock.o)
                0x000000001000b400                __retarget_lock_acquire
 .text.__retarget_lock_acquire_recursive
                0x000000001000b404        0x4 /opt/homebrew/Cellar/arm-none-eabi-gcc/10.3-2021.07/gcc/bin/../lib/gcc/arm-none-eabi/10.3.1/../../../../arm-none-eabi/lib/thumb/v6-m/nofp/libc.a(lib_a-lock.o)
                0x000000001000b404                __retarget_lock_acquire_recursive
 .text.__retarget_lock_release
                0x000000001000b408        0x4 /opt/homebrew/Cellar/arm-none-eabi-gcc/10.3-2021.07/gcc/bin/../lib/gcc/arm-none-eabi/10.3.1/../../../../arm-none-eabi/lib/thumb/v6-m/nofp/libc.a(lib_a-lock.o)
                0x000000001000b408                __retarget_lock_release
 .text.__retarget_lock_release_recursive
                0x000000001000b40c        0x4 /opt/homebrew/Cellar/arm-none-eabi-gcc/10.3-2021.07/gcc/bin/../lib/gcc/arm-none-eabi/10.3.1/../../../../arm-none-eabi/lib/thumb/v6-m/nofp/libc.a(lib_a-lock.o)
                0x000000001000b40c                __retarget_lock_release_recursive
 .text.__smakebuf_r
                0x000000001000b410       0xe4 /opt/homebrew/Cellar/arm-none-eabi-gcc/10.3-2021.07/gcc/bin/../lib/gcc/arm-none-eabi/10.3.1/../../../../arm-none-eabi/lib/thumb/v6-m/nofp/libc.a(lib_a-makebuf.o)
                0x000000001000b410                __smakebuf_r
 .text._Balloc  0x000000001000b4f4       0x50 /opt/homebrew/Cellar/arm-none-eabi-gcc/10.3-2021.07/gcc/bin/../lib/gcc/arm-none-eabi/10.3.1/../../../../arm-none-eabi/lib/thumb/v6-m/nofp/libc.a(lib_a-mprec.o)
                0x000000001000b4f4                _Balloc
 .text._Bfree   0x000000001000b544       0x14 /opt/homebrew/Cellar/arm-none-eabi-gcc/10.3-2021.07/gcc/bin/../lib/gcc/arm-none-eabi/10.3.1/../../../../arm-none-eabi/lib/thumb/v6-m/nofp/libc.a(lib_a-mprec.o)
                0x000000001000b544                _Bfree
 .text.__multadd
                0x000000001000b558       0xa8 /opt/homebrew/Cellar/arm-none-eabi-gcc/10.3-2021.07/gcc/bin/../lib/gcc/arm-none-eabi/10.3.1/../../../../arm-none-eabi/lib/thumb/v6-m/nofp/libc.a(lib_a-mprec.o)
                0x000000001000b558                __multadd
 .text.__hi0bits
                0x000000001000b600       0x38 /opt/homebrew/Cellar/arm-none-eabi-gcc/10.3-2021.07/gcc/bin/../lib/gcc/arm-none-eabi/10.3.1/../../../../arm-none-eabi/lib/thumb/v6-m/nofp/libc.a(lib_a-mprec.o)
                0x000000001000b600                __hi0bits
 .text.__lo0bits
                0x000000001000b638       0x5c /opt/homebrew/Cellar/arm-none-eabi-gcc/10.3-2021.07/gcc/bin/../lib/gcc/arm-none-eabi/10.3.1/../../../../arm-none-eabi/lib/thumb/v6-m/nofp/libc.a(lib_a-mprec.o)
                0x000000001000b638                __lo0bits
 .text.__i2b    0x000000001000b694       0x60 /opt/homebrew/Cellar/arm-none-eabi-gcc/10.3-2021.07/gcc/bin/../lib/gcc/arm-none-eabi/10.3.1/../../../../arm-none-eabi/lib/thumb/v6-m/nofp/libc.a(lib_a-mprec.o)
                0x000000001000b694                __i2b
 .text.__multiply
                0x000000001000b6f4      0x1a4 /opt/homebrew/Cellar/arm-none-eabi-gcc/10.3-2021.07/gcc/bin/../lib/gcc/arm-none-eabi/10.3.1/../../../../arm-none-eabi/lib/thumb/v6-m/nofp/libc.a(lib_a-mprec.o)
                0x000000001000b6f4                __multiply
 .text.__pow5mult
                0x000000001000b898       0xd8 /opt/homebrew/Cellar/arm-none-eabi-gcc/10.3-2021.07/gcc/bin/../lib/gcc/arm-none-eabi/10.3.1/../../../../arm-none-eabi/lib/thumb/v6-m/nofp/libc.a(lib_a-mprec.o)
                0x000000001000b898                __pow5mult
 .text.__lshift
                0x000000001000b970       0xfc /opt/homebrew/Cellar/arm-none-eabi-gcc/10.3-2021.07/gcc/bin/../lib/gcc/arm-none-eabi/10.3.1/../../../../arm-none-eabi/lib/thumb/v6-m/nofp/libc.a(lib_a-mprec.o)
                0x000000001000b970                __lshift
 .text.__mcmp   0x000000001000ba6c       0x34 /opt/homebrew/Cellar/arm-none-eabi-gcc/10.3-2021.07/gcc/bin/../lib/gcc/arm-none-eabi/10.3.1/../../../../arm-none-eabi/lib/thumb/v6-m/nofp/libc.a(lib_a-mprec.o)
                0x000000001000ba6c                __mcmp
 .text.__mdiff  0x000000001000baa0      0x18c /opt/homebrew/Cellar/arm-none-eabi-gcc/10.3-2021.07/gcc/bin/../lib/gcc/arm-none-eabi/10.3.1/../../../../arm-none-eabi/lib/thumb/v6-m/nofp/libc.a(lib_a-mprec.o)
                0x000000001000baa0                __mdiff
 .text.__d2b    0x000000001000bc2c       0xd8 /opt/homebrew/Cellar/arm-none-eabi-gcc/10.3-2021.07/gcc/bin/../lib/gcc/arm-none-eabi/10.3.1/../../../../arm-none-eabi/lib/thumb/v6-m/nofp/libc.a(lib_a-mprec.o)
                0x000000001000bc2c                __d2b
 .text.frexp    0x000000001000bd04       0x64 /opt/homebrew/Cellar/arm-none-eabi-gcc/10.3-2021.07/gcc/bin/../lib/gcc/arm-none-eabi/10.3.1/../../../../arm-none-eabi/lib/thumb/v6-m/nofp/libc.a(lib_a-s_frexp.o)
                0x000000001000bd04                frexp
 .text.siprintf
                0x000000001000bd68       0x40 /opt/homebrew/Cellar/arm-none-eabi-gcc/10.3-2021.07/gcc/bin/../lib/gcc/arm-none-eabi/10.3.1/../../../../arm-none-eabi/lib/thumb/v6-m/nofp/libc.a(lib_a-siprintf.o)
                0x000000001000bd68                siprintf
 .text.siscanf  0x000000001000bda8       0x50 /opt/homebrew/Cellar/arm-none-eabi-gcc/10.3-2021.07/gcc/bin/../lib/gcc/arm-none-eabi/10.3.1/../../../../arm-none-eabi/lib/thumb/v6-m/nofp/libc.a(lib_a-siscanf.o)
                0x000000001000bda8                siscanf
 .text.__sread  0x000000001000bdf8       0x28 /opt/homebrew/Cellar/arm-none-eabi-gcc/10.3-2021.07/gcc/bin/../lib/gcc/arm-none-eabi/10.3.1/../../../../arm-none-eabi/lib/thumb/v6-m/nofp/libc.a(lib_a-stdio.o)
                0x000000001000bdf8                __sread
 .text.__seofread
                0x000000001000be20        0x4 /opt/homebrew/Cellar/arm-none-eabi-gcc/10.3-2021.07/gcc/bin/../lib/gcc/arm-none-eabi/10.3.1/../../../../arm-none-eabi/lib/thumb/v6-m/nofp/libc.a(lib_a-stdio.o)
                0x000000001000be20                __seofread
 .text.__swrite
                0x000000001000be24       0x40 /opt/homebrew/Cellar/arm-none-eabi-gcc/10.3-2021.07/gcc/bin/../lib/gcc/arm-none-eabi/10.3.1/../../../../arm-none-eabi/lib/thumb/v6-m/nofp/libc.a(lib_a-stdio.o)
                0x000000001000be24                __swrite
 .text.__sseek  0x000000001000be64       0x2c /opt/homebrew/Cellar/arm-none-eabi-gcc/10.3-2021.07/gcc/bin/../lib/gcc/arm-none-eabi/10.3.1/../../../../arm-none-eabi/lib/thumb/v6-m/nofp/libc.a(lib_a-stdio.o)
                0x000000001000be64                __sseek
 .text.__sclose
                0x000000001000be90        0xc /opt/homebrew/Cellar/arm-none-eabi-gcc/10.3-2021.07/gcc/bin/../lib/gcc/arm-none-eabi/10.3.1/../../../../arm-none-eabi/lib/thumb/v6-m/nofp/libc.a(lib_a-stdio.o)
                0x000000001000be90                __sclose
 .text.strcpy   0x000000001000be9c       0x10 /opt/homebrew/Cellar/arm-none-eabi-gcc/10.3-2021.07/gcc/bin/../lib/gcc/arm-none-eabi/10.3.1/../../../../arm-none-eabi/lib/thumb/v6-m/nofp/libc.a(lib_a-strcpy.o)
                0x000000001000be9c                strcpy
 .text.strncpy  0x000000001000beac       0x6c /opt/homebrew/Cellar/arm-none-eabi-gcc/10.3-2021.07/gcc/bin/../lib/gcc/arm-none-eabi/10.3.1/../../../../arm-none-eabi/lib/thumb/v6-m/nofp/libc.a(lib_a-strncpy.o)
                0x000000001000beac                strncpy
 .text._strtoul_l.constprop.0
                0x000000001000bf18      0x148 /opt/homebrew/Cellar/arm-none-eabi-gcc/10.3-2021.07/gcc/bin/../lib/gcc/arm-none-eabi/10.3.1/../../../../arm-none-eabi/lib/thumb/v6-m/nofp/libc.a(lib_a-strtoul.o)
 .text._strtoul_r
                0x000000001000c060        0x8 /opt/homebrew/Cellar/arm-none-eabi-gcc/10.3-2021.07/gcc/bin/../lib/gcc/arm-none-eabi/10.3.1/../../../../arm-none-eabi/lib/thumb/v6-m/nofp/libc.a(lib_a-strtoul.o)
                0x000000001000c060                _strtoul_r
 .text.strtoul  0x000000001000c068       0x18 /opt/homebrew/Cellar/arm-none-eabi-gcc/10.3-2021.07/gcc/bin/../lib/gcc/arm-none-eabi/10.3.1/../../../../arm-none-eabi/lib/thumb/v6-m/nofp/libc.a(lib_a-strtoul.o)
                0x000000001000c068                strtoul
 .text.__ssprint_r
                0x000000001000c080      0x114 /opt/homebrew/Cellar/arm-none-eabi-gcc/10.3-2021.07/gcc/bin/../lib/gcc/arm-none-eabi/10.3.1/../../../../arm-none-eabi/lib/thumb/v6-m/nofp/libc.a(lib_a-svfiprintf.o)
                0x000000001000c080                __ssprint_r
 .text._svfiprintf_r
                0x000000001000c194      0xb78 /opt/homebrew/Cellar/arm-none-eabi-gcc/10.3-2021.07/gcc/bin/../lib/gcc/arm-none-eabi/10.3.1/../../../../arm-none-eabi/lib/thumb/v6-m/nofp/libc.a(lib_a-svfiprintf.o)
                0x000000001000c194                _svfiprintf_r
 .text._sungetc_r
                0x000000001000cd0c       0x84 /opt/homebrew/Cellar/arm-none-eabi-gcc/10.3-2021.07/gcc/bin/../lib/gcc/arm-none-eabi/10.3.1/../../../../arm-none-eabi/lib/thumb/v6-m/nofp/libc.a(lib_a-svfiscanf.o)
                0x000000001000cd0c                _sungetc_r
 .text._sfread_r
                0x000000001000cd90       0xc4 /opt/homebrew/Cellar/arm-none-eabi-gcc/10.3-2021.07/gcc/bin/../lib/gcc/arm-none-eabi/10.3.1/../../../../arm-none-eabi/lib/thumb/v6-m/nofp/libc.a(lib_a-svfiscanf.o)
                0x000000001000cd90                _sfread_r
 .text.__ssvfiscanf_r
                0x000000001000ce54     0x14d0 /opt/homebrew/Cellar/arm-none-eabi-gcc/10.3-2021.07/gcc/bin/../lib/gcc/arm-none-eabi/10.3.1/../../../../arm-none-eabi/lib/thumb/v6-m/nofp/libc.a(lib_a-svfiscanf.o)
                0x000000001000ce54                __ssvfiscanf_r
 .text.__submore
                0x000000001000e324       0x84 /opt/homebrew/Cellar/arm-none-eabi-gcc/10.3-2021.07/gcc/bin/../lib/gcc/arm-none-eabi/10.3.1/../../../../arm-none-eabi/lib/thumb/v6-m/nofp/libc.a(lib_a-ungetc.o)
                0x000000001000e324                __submore
 .text.__sprint_r.part.0
                0x000000001000e3a8       0x88 /opt/homebrew/Cellar/arm-none-eabi-gcc/10.3-2021.07/gcc/bin/../lib/gcc/arm-none-eabi/10.3.1/../../../../arm-none-eabi/lib/thumb/v6-m/nofp/libc.a(lib_a-vfiprintf.o)
 .text.__sprint_r
                0x000000001000e430       0x14 /opt/homebrew/Cellar/arm-none-eabi-gcc/10.3-2021.07/gcc/bin/../lib/gcc/arm-none-eabi/10.3.1/../../../../arm-none-eabi/lib/thumb/v6-m/nofp/libc.a(lib_a-vfiprintf.o)
                0x000000001000e430                __sprint_r
 .text._write_r
                0x000000001000e444       0x28 /opt/homebrew/Cellar/arm-none-eabi-gcc/10.3-2021.07/gcc/bin/../lib/gcc/arm-none-eabi/10.3.1/../../../../arm-none-eabi/lib/thumb/v6-m/nofp/libc.a(lib_a-writer.o)
                0x000000001000e444                _write_r
 .text._close_r
                0x000000001000e46c       0x24 /opt/homebrew/Cellar/arm-none-eabi-gcc/10.3-2021.07/gcc/bin/../lib/gcc/arm-none-eabi/10.3.1/../../../../arm-none-eabi/lib/thumb/v6-m/nofp/libc.a(lib_a-closer.o)
                0x000000001000e46c                _close_r
 .text.__env_lock
                0x000000001000e490       0x10 /opt/homebrew/Cellar/arm-none-eabi-gcc/10.3-2021.07/gcc/bin/../lib/gcc/arm-none-eabi/10.3.1/../../../../arm-none-eabi/lib/thumb/v6-m/nofp/libc.a(lib_a-envlock.o)
                0x000000001000e490                __env_lock
 .text.__env_unlock
                0x000000001000e4a0       0x10 /opt/homebrew/Cellar/arm-none-eabi-gcc/10.3-2021.07/gcc/bin/../lib/gcc/arm-none-eabi/10.3.1/../../../../arm-none-eabi/lib/thumb/v6-m/nofp/libc.a(lib_a-envlock.o)
                0x000000001000e4a0                __env_unlock
 .text._fclose_r
                0x000000001000e4b0       0xdc /opt/homebrew/Cellar/arm-none-eabi-gcc/10.3-2021.07/gcc/bin/../lib/gcc/arm-none-eabi/10.3.1/../../../../arm-none-eabi/lib/thumb/v6-m/nofp/libc.a(lib_a-fclose.o)
                0x000000001000e4b0                _fclose_r
 .text.__fputwc
                0x000000001000e58c       0x98 /opt/homebrew/Cellar/arm-none-eabi-gcc/10.3-2021.07/gcc/bin/../lib/gcc/arm-none-eabi/10.3.1/../../../../arm-none-eabi/lib/thumb/v6-m/nofp/libc.a(lib_a-fputwc.o)
                0x000000001000e58c                __fputwc
 .text._fputwc_r
                0x000000001000e624       0x5c /opt/homebrew/Cellar/arm-none-eabi-gcc/10.3-2021.07/gcc/bin/../lib/gcc/arm-none-eabi/10.3.1/../../../../arm-none-eabi/lib/thumb/v6-m/nofp/libc.a(lib_a-fputwc.o)
                0x000000001000e624                _fputwc_r
 .text._fstat_r
                0x000000001000e680       0x28 /opt/homebrew/Cellar/arm-none-eabi-gcc/10.3-2021.07/gcc/bin/../lib/gcc/arm-none-eabi/10.3.1/../../../../arm-none-eabi/lib/thumb/v6-m/nofp/libc.a(lib_a-fstatr.o)
                0x000000001000e680                _fstat_r
 .text.__sfvwrite_r
                0x000000001000e6a8      0x2f4 /opt/homebrew/Cellar/arm-none-eabi-gcc/10.3-2021.07/gcc/bin/../lib/gcc/arm-none-eabi/10.3.1/../../../../arm-none-eabi/lib/thumb/v6-m/nofp/libc.a(lib_a-fvwrite.o)
                0x000000001000e6a8                __sfvwrite_r
 .text._isatty_r
                0x000000001000e99c       0x24 /opt/homebrew/Cellar/arm-none-eabi-gcc/10.3-2021.07/gcc/bin/../lib/gcc/arm-none-eabi/10.3.1/../../../../arm-none-eabi/lib/thumb/v6-m/nofp/libc.a(lib_a-isattyr.o)
                0x000000001000e99c                _isatty_r
 .text.iswspace
                0x000000001000e9c0        0xc /opt/homebrew/Cellar/arm-none-eabi-gcc/10.3-2021.07/gcc/bin/../lib/gcc/arm-none-eabi/10.3.1/../../../../arm-none-eabi/lib/thumb/v6-m/nofp/libc.a(lib_a-iswspace.o)
                0x000000001000e9c0                iswspace
 .text.iswspace_l
                0x000000001000e9cc       0x18 /opt/homebrew/Cellar/arm-none-eabi-gcc/10.3-2021.07/gcc/bin/../lib/gcc/arm-none-eabi/10.3.1/../../../../arm-none-eabi/lib/thumb/v6-m/nofp/libc.a(lib_a-iswspace_l.o)
                0x000000001000e9cc                iswspace_l
 .text.__locale_mb_cur_max
                0x000000001000e9e4       0x10 /opt/homebrew/Cellar/arm-none-eabi-gcc/10.3-2021.07/gcc/bin/../lib/gcc/arm-none-eabi/10.3.1/../../../../arm-none-eabi/lib/thumb/v6-m/nofp/libc.a(lib_a-locale.o)
                0x000000001000e9e4                __locale_mb_cur_max
 .text._lseek_r
                0x000000001000e9f4       0x28 /opt/homebrew/Cellar/arm-none-eabi-gcc/10.3-2021.07/gcc/bin/../lib/gcc/arm-none-eabi/10.3.1/../../../../arm-none-eabi/lib/thumb/v6-m/nofp/libc.a(lib_a-lseekr.o)
                0x000000001000e9f4                _lseek_r
 .text._mbrtowc_r
                0x000000001000ea1c       0x4c /opt/homebrew/Cellar/arm-none-eabi-gcc/10.3-2021.07/gcc/bin/../lib/gcc/arm-none-eabi/10.3.1/../../../../arm-none-eabi/lib/thumb/v6-m/nofp/libc.a(lib_a-mbrtowc.o)
                0x000000001000ea1c                _mbrtowc_r
 .text.__ascii_mbtowc
                0x000000001000ea68       0x2c /opt/homebrew/Cellar/arm-none-eabi-gcc/10.3-2021.07/gcc/bin/../lib/gcc/arm-none-eabi/10.3.1/../../../../arm-none-eabi/lib/thumb/v6-m/nofp/libc.a(lib_a-mbtowc_r.o)
                0x000000001000ea68                __ascii_mbtowc
 .text._read_r  0x000000001000ea94       0x28 /opt/homebrew/Cellar/arm-none-eabi-gcc/10.3-2021.07/gcc/bin/../lib/gcc/arm-none-eabi/10.3.1/../../../../arm-none-eabi/lib/thumb/v6-m/nofp/libc.a(lib_a-readr.o)
                0x000000001000ea94                _read_r
 .text.__sccl   0x000000001000eabc       0x80 /opt/homebrew/Cellar/arm-none-eabi-gcc/10.3-2021.07/gcc/bin/../lib/gcc/arm-none-eabi/10.3.1/../../../../arm-none-eabi/lib/thumb/v6-m/nofp/libc.a(lib_a-sccl.o)
                0x000000001000eabc                __sccl
 .text._strtoull_l.constprop.0
                0x000000001000eb3c      0x1bc /opt/homebrew/Cellar/arm-none-eabi-gcc/10.3-2021.07/gcc/bin/../lib/gcc/arm-none-eabi/10.3.1/../../../../arm-none-eabi/lib/thumb/v6-m/nofp/libc.a(lib_a-strtoull.o)
 .text._strtoull_r
                0x000000001000ecf8        0x8 /opt/homebrew/Cellar/arm-none-eabi-gcc/10.3-2021.07/gcc/bin/../lib/gcc/arm-none-eabi/10.3.1/../../../../arm-none-eabi/lib/thumb/v6-m/nofp/libc.a(lib_a-strtoull.o)
                0x000000001000ecf8                _strtoull_r
 .text.__swbuf_r
                0x000000001000ed00       0xc8 /opt/homebrew/Cellar/arm-none-eabi-gcc/10.3-2021.07/gcc/bin/../lib/gcc/arm-none-eabi/10.3.1/../../../../arm-none-eabi/lib/thumb/v6-m/nofp/libc.a(lib_a-wbuf.o)
                0x000000001000ed00                __swbuf_r
 .text._wcrtomb_r
                0x000000001000edc8       0x40 /opt/homebrew/Cellar/arm-none-eabi-gcc/10.3-2021.07/gcc/bin/../lib/gcc/arm-none-eabi/10.3.1/../../../../arm-none-eabi/lib/thumb/v6-m/nofp/libc.a(lib_a-wcrtomb.o)
                0x000000001000edc8                _wcrtomb_r
 .text.__ascii_wctomb
                0x000000001000ee08       0x1c /opt/homebrew/Cellar/arm-none-eabi-gcc/10.3-2021.07/gcc/bin/../lib/gcc/arm-none-eabi/10.3.1/../../../../arm-none-eabi/lib/thumb/v6-m/nofp/libc.a(lib_a-wctomb_r.o)
                0x000000001000ee08                __ascii_wctomb
 .text._close   0x000000001000ee24       0x10 /opt/homebrew/Cellar/arm-none-eabi-gcc/10.3-2021.07/gcc/bin/../lib/gcc/arm-none-eabi/10.3.1/../../../../arm-none-eabi/lib/thumb/v6-m/nofp/libnosys.a(close.o)
                0x000000001000ee24                _close
 .text._fstat   0x000000001000ee34       0x10 /opt/homebrew/Cellar/arm-none-eabi-gcc/10.3-2021.07/gcc/bin/../lib/gcc/arm-none-eabi/10.3.1/../../../../arm-none-eabi/lib/thumb/v6-m/nofp/libnosys.a(fstat.o)
                0x000000001000ee34                _fstat
 .text._isatty  0x000000001000ee44       0x10 /opt/homebrew/Cellar/arm-none-eabi-gcc/10.3-2021.07/gcc/bin/../lib/gcc/arm-none-eabi/10.3.1/../../../../arm-none-eabi/lib/thumb/v6-m/nofp/libnosys.a(isatty.o)
                0x000000001000ee44                _isatty
 .text._lseek   0x000000001000ee54       0x10 /opt/homebrew/Cellar/arm-none-eabi-gcc/10.3-2021.07/gcc/bin/../lib/gcc/arm-none-eabi/10.3.1/../../../../arm-none-eabi/lib/thumb/v6-m/nofp/libnosys.a(lseek.o)
                0x000000001000ee54                _lseek
 *(.fini)
 .fini          0x000000001000ee64        0x4 /opt/homebrew/Cellar/arm-none-eabi-gcc/10.3-2021.07/gcc/bin/../lib/gcc/arm-none-eabi/10.3.1/thumb/v6-m/nofp/crti.o
                0x000000001000ee64                _fini
 .fini.__stub   0x000000001000ee68       0x70 linker stubs
 *crtbegin.o(.ctors)
 *crtbegin?.o(.ctors)
 *(EXCLUDE_FILE(*crtend.o *crtend?.o) .ctors)
 *(SORT_BY_NAME(.ctors.*))
 *(.ctors)
 *crtbegin.o(.dtors)
 *crtbegin?.o(.dtors)
 *(EXCLUDE_FILE(*crtend.o *crtend?.o) .dtors)
 *(SORT_BY_NAME(.dtors.*))
 *(.dtors)
 *(.eh_frame*)
 .eh_frame      0x000000001000eed8        0x0 /opt/homebrew/Cellar/arm-none-eabi-gcc/10.3-2021.07/gcc/bin/../lib/gcc/arm-none-eabi/10.3.1/thumb/v6-m/nofp/crtbegin.o
                0x000000001000eed8                . = ALIGN (0x4)

.glue_7         0x000000001000eed8        0x0
 .glue_7        0x000000001000eed8        0x0 linker stubs

.glue_7t        0x000000001000eed8        0x0
 .glue_7t       0x000000001000eed8        0x0 linker stubs

.vfp11_veneer   0x000000001000eed8        0x0
 .vfp11_veneer  0x000000001000eed8        0x0 linker stubs

.v4_bx          0x000000001000eed8        0x0
 .v4_bx         0x000000001000eed8        0x0 linker stubs

.iplt           0x000000001000eed8        0x0
 .iplt          0x000000001000eed8        0x0 /opt/homebrew/Cellar/arm-none-eabi-gcc/10.3-2021.07/gcc/bin/../lib/gcc/arm-none-eabi/10.3.1/thumb/v6-m/nofp/crtbegin.o

.rodata         0x000000001000eed8     0x15e0
 *(EXCLUDE_FILE(*libm.a: *libc.a:*lib_a-mem*.o *libgcc.a:) .rodata*)
 .rodata.lf_comma_separated_time.str1.4
                0x000000001000eed8       0x14 CMakeFiles/SPO.dir/Main.c.obj
                                         0x18 (size before relaxing)
 .rodata._lf_message_print.str1.4
                0x000000001000eeec       0x1b CMakeFiles/SPO.dir/Main.c.obj
 .rodata.info_print.str1.4
                0x000000001000ef07       0x1b CMakeFiles/SPO.dir/Main.c.obj
                                          0x1 (size before relaxing)
 *fill*         0x000000001000ef07        0x1 
 .rodata.error_print.str1.4
                0x000000001000ef08        0x8 CMakeFiles/SPO.dir/Main.c.obj
 .rodata.get_physical_time.str1.4
                0x000000001000ef10       0x23 CMakeFiles/SPO.dir/Main.c.obj
 *fill*         0x000000001000ef33        0x1 
 .rodata.warning_print.str1.4
                0x000000001000ef34        0xa CMakeFiles/SPO.dir/Main.c.obj
 *fill*         0x000000001000ef3e        0x2 
 .rodata.error_print_and_exit.str1.4
                0x000000001000ef40        0xe CMakeFiles/SPO.dir/Main.c.obj
 *fill*         0x000000001000ef4e        0x2 
 .rodata.find_equal_same_priority.str1.4
                0x000000001000ef50       0x3d CMakeFiles/SPO.dir/Main.c.obj
 *fill*         0x000000001000ef8d        0x3 
 .rodata._lf_done_using.str1.4
                0x000000001000ef90       0x32 CMakeFiles/SPO.dir/Main.c.obj
 *fill*         0x000000001000efc2        0x2 
 .rodata._lf_schedule.part.0.str1.4
                0x000000001000efc4       0xb3 CMakeFiles/SPO.dir/Main.c.obj
 *fill*         0x000000001000f077        0x1 
 .rodata.termination.str1.4
                0x000000001000f078      0x182 CMakeFiles/SPO.dir/Main.c.obj
 *fill*         0x000000001000f1fa        0x2 
 .rodata._lf_pop_events.str1.4
                0x000000001000f1fc       0x22 CMakeFiles/SPO.dir/Main.c.obj
 *fill*         0x000000001000f21e        0x2 
 .rodata._lf_advance_logical_time.str1.4
                0x000000001000f220       0x40 CMakeFiles/SPO.dir/Main.c.obj
 .rodata.usage.str1.4
                0x000000001000f260      0x248 CMakeFiles/SPO.dir/Main.c.obj
                                        0x24a (size before relaxing)
 .rodata.process_args.str1.4
                0x000000001000f4a8      0x20f CMakeFiles/SPO.dir/Main.c.obj
 *fill*         0x000000001000f6b7        0x1 
 .rodata.initialize.str1.4
                0x000000001000f6b8       0x3f CMakeFiles/SPO.dir/Main.c.obj
 *fill*         0x000000001000f6f7        0x1 
 .rodata.lf_reactor_c_main.str1.4
                0x000000001000f6f8       0x29 CMakeFiles/SPO.dir/Main.c.obj
 *fill*         0x000000001000f721        0x3 
 .rodata.str1.4
                0x000000001000f724       0x34 CMakeFiles/SPO.dir/Main.c.obj
 .rodata.__bi_28.0
                0x000000001000f758        0xc CMakeFiles/SPO.dir/Main.c.obj
 .rodata.__bi_29.1
                0x000000001000f764        0xc CMakeFiles/SPO.dir/Main.c.obj
 .rodata.at_the_end_of_time
                0x000000001000f770        0x8 CMakeFiles/SPO.dir/Users/wangjh/Developer/Berkeley/Berkeley-CS249A-Project/pico-sdk/src/common/pico_time/time.c.obj
                0x000000001000f770                at_the_end_of_time
 .rodata.hardware_alarm_claim.str1.4
                0x000000001000f778       0x22 CMakeFiles/SPO.dir/Users/wangjh/Developer/Berkeley/Berkeley-CS249A-Project/pico-sdk/src/rp2_common/hardware_timer/timer.c.obj
 *fill*         0x000000001000f79a        0x2 
 .rodata.__assert_func.str1.4
                0x000000001000f79c       0x3f CMakeFiles/SPO.dir/Users/wangjh/Developer/Berkeley/Berkeley-CS249A-Project/pico-sdk/src/rp2_common/pico_runtime/runtime.c.obj
                                         0x43 (size before relaxing)
 *fill*         0x000000001000f7db        0x1 
 .rodata.panic.str1.4
                0x000000001000f7dc       0x10 CMakeFiles/SPO.dir/Users/wangjh/Developer/Berkeley/Berkeley-CS249A-Project/pico-sdk/src/rp2_common/pico_runtime/runtime.c.obj
                                         0x12 (size before relaxing)
 .rodata.hard_assertion_failure.str1.4
                0x000000001000f7ec        0xc CMakeFiles/SPO.dir/Users/wangjh/Developer/Berkeley/Berkeley-CS249A-Project/pico-sdk/src/rp2_common/pico_runtime/runtime.c.obj
 .rodata._ftoa.str1.4
                0x000000001000f7f8       0x15 CMakeFiles/SPO.dir/Users/wangjh/Developer/Berkeley/Berkeley-CS249A-Project/pico-sdk/src/rp2_common/pico_printf/printf.c.obj
 *fill*         0x000000001000f80d        0x3 
 .rodata._vsnprintf
                0x000000001000f810      0x1e0 CMakeFiles/SPO.dir/Users/wangjh/Developer/Berkeley/Berkeley-CS249A-Project/pico-sdk/src/rp2_common/pico_printf/printf.c.obj
 .rodata.pow10.0
                0x000000001000f9f0       0x50 CMakeFiles/SPO.dir/Users/wangjh/Developer/Berkeley/Berkeley-CS249A-Project/pico-sdk/src/rp2_common/pico_printf/printf.c.obj
 .rodata.__wrap_malloc.str1.4
                0x000000001000fa40        0xe CMakeFiles/SPO.dir/Users/wangjh/Developer/Berkeley/Berkeley-CS249A-Project/pico-sdk/src/rp2_common/pico_malloc/pico_malloc.c.obj
 *fill*         0x000000001000fa4e        0x2 
 .rodata.str1.4
                0x000000001000fa50       0x38 CMakeFiles/SPO.dir/Users/wangjh/Developer/Berkeley/Berkeley-CS249A-Project/pico-sdk/src/rp2_common/pico_standard_link/binary_info.c.obj
 .rodata.__bi_44
                0x000000001000fa88        0xc CMakeFiles/SPO.dir/Users/wangjh/Developer/Berkeley/Berkeley-CS249A-Project/pico-sdk/src/rp2_common/pico_standard_link/binary_info.c.obj
 .rodata.__bi_75
                0x000000001000fa94        0xc CMakeFiles/SPO.dir/Users/wangjh/Developer/Berkeley/Berkeley-CS249A-Project/pico-sdk/src/rp2_common/pico_standard_link/binary_info.c.obj
 .rodata.__bi_81
                0x000000001000faa0        0xc CMakeFiles/SPO.dir/Users/wangjh/Developer/Berkeley/Berkeley-CS249A-Project/pico-sdk/src/rp2_common/pico_standard_link/binary_info.c.obj
 .rodata.crlf_str.0
                0x000000001000faac        0x2 CMakeFiles/SPO.dir/Users/wangjh/Developer/Berkeley/Berkeley-CS249A-Project/pico-sdk/src/rp2_common/pico_stdio/stdio.c.obj
 *fill*         0x000000001000faae        0x2 
 .rodata._global_impure_ptr
                0x000000001000fab0        0x4 /opt/homebrew/Cellar/arm-none-eabi-gcc/10.3-2021.07/gcc/bin/../lib/gcc/arm-none-eabi/10.3.1/../../../../arm-none-eabi/lib/thumb/v6-m/nofp/libc.a(lib_a-impure.o)
                0x000000001000fab0                _global_impure_ptr
 .rodata.__month_lengths
                0x000000001000fab4       0x60 /opt/homebrew/Cellar/arm-none-eabi-gcc/10.3-2021.07/gcc/bin/../lib/gcc/arm-none-eabi/10.3.1/../../../../arm-none-eabi/lib/thumb/v6-m/nofp/libc.a(lib_a-month_lengths.o)
                0x000000001000fab4                __month_lengths
 .rodata._tzset_unlocked_r.str1.4
                0x000000001000fb14       0x53 /opt/homebrew/Cellar/arm-none-eabi-gcc/10.3-2021.07/gcc/bin/../lib/gcc/arm-none-eabi/10.3.1/../../../../arm-none-eabi/lib/thumb/v6-m/nofp/libc.a(lib_a-tzset_r.o)
 .rodata.str1.4
                0x000000001000fb67        0x4 /opt/homebrew/Cellar/arm-none-eabi-gcc/10.3-2021.07/gcc/bin/../lib/gcc/arm-none-eabi/10.3.1/../../../../arm-none-eabi/lib/thumb/v6-m/nofp/libc.a(lib_a-tzvars.o)
 *fill*         0x000000001000fb67        0x1 
 .rodata._vfprintf_r.str1.4
                0x000000001000fb68       0x3b /opt/homebrew/Cellar/arm-none-eabi-gcc/10.3-2021.07/gcc/bin/../lib/gcc/arm-none-eabi/10.3.1/../../../../arm-none-eabi/lib/thumb/v6-m/nofp/libc.a(lib_a-vfprintf.o)
                                         0x42 (size before relaxing)
 *fill*         0x000000001000fba3        0x1 
 .rodata._vfprintf_r
                0x000000001000fba4      0x16c /opt/homebrew/Cellar/arm-none-eabi-gcc/10.3-2021.07/gcc/bin/../lib/gcc/arm-none-eabi/10.3.1/../../../../arm-none-eabi/lib/thumb/v6-m/nofp/libc.a(lib_a-vfprintf.o)
 .rodata.blanks.1
                0x000000001000fd10       0x10 /opt/homebrew/Cellar/arm-none-eabi-gcc/10.3-2021.07/gcc/bin/../lib/gcc/arm-none-eabi/10.3.1/../../../../arm-none-eabi/lib/thumb/v6-m/nofp/libc.a(lib_a-vfprintf.o)
 .rodata.zeroes.0
                0x000000001000fd20       0x10 /opt/homebrew/Cellar/arm-none-eabi-gcc/10.3-2021.07/gcc/bin/../lib/gcc/arm-none-eabi/10.3.1/../../../../arm-none-eabi/lib/thumb/v6-m/nofp/libc.a(lib_a-vfprintf.o)
 .rodata.asctime_r.str1.4
                0x000000001000fd30       0x20 /opt/homebrew/Cellar/arm-none-eabi-gcc/10.3-2021.07/gcc/bin/../lib/gcc/arm-none-eabi/10.3.1/../../../../arm-none-eabi/lib/thumb/v6-m/nofp/libc.a(lib_a-asctime_r.o)
 .rodata.day_name.1
                0x000000001000fd50       0x15 /opt/homebrew/Cellar/arm-none-eabi-gcc/10.3-2021.07/gcc/bin/../lib/gcc/arm-none-eabi/10.3.1/../../../../arm-none-eabi/lib/thumb/v6-m/nofp/libc.a(lib_a-asctime_r.o)
 *fill*         0x000000001000fd65        0x3 
 .rodata.mon_name.0
                0x000000001000fd68       0x24 /opt/homebrew/Cellar/arm-none-eabi-gcc/10.3-2021.07/gcc/bin/../lib/gcc/arm-none-eabi/10.3.1/../../../../arm-none-eabi/lib/thumb/v6-m/nofp/libc.a(lib_a-asctime_r.o)
 .rodata._ctype_
                0x000000001000fd8c      0x101 /opt/homebrew/Cellar/arm-none-eabi-gcc/10.3-2021.07/gcc/bin/../lib/gcc/arm-none-eabi/10.3.1/../../../../arm-none-eabi/lib/thumb/v6-m/nofp/libc.a(lib_a-ctype_.o)
                0x000000001000fd8c                _ctype_
 *fill*         0x000000001000fe8d        0x3 
 .rodata._dtoa_r.str1.4
                0x000000001000fe90       0x7e /opt/homebrew/Cellar/arm-none-eabi-gcc/10.3-2021.07/gcc/bin/../lib/gcc/arm-none-eabi/10.3.1/../../../../arm-none-eabi/lib/thumb/v6-m/nofp/libc.a(lib_a-dtoa.o)
                                         0x82 (size before relaxing)
 *fill*         0x000000001000ff0e        0x2 
 .rodata.__multadd.str1.4
                0x000000001000ff10       0x5b /opt/homebrew/Cellar/arm-none-eabi-gcc/10.3-2021.07/gcc/bin/../lib/gcc/arm-none-eabi/10.3.1/../../../../arm-none-eabi/lib/thumb/v6-m/nofp/libc.a(lib_a-mprec.o)
                                         0x6f (size before relaxing)
 *fill*         0x000000001000ff6b        0x5 
 .rodata.__mprec_bigtens
                0x000000001000ff70       0x28 /opt/homebrew/Cellar/arm-none-eabi-gcc/10.3-2021.07/gcc/bin/../lib/gcc/arm-none-eabi/10.3.1/../../../../arm-none-eabi/lib/thumb/v6-m/nofp/libc.a(lib_a-mprec.o)
                0x000000001000ff70                __mprec_bigtens
 .rodata.__mprec_tens
                0x000000001000ff98       0xc8 /opt/homebrew/Cellar/arm-none-eabi-gcc/10.3-2021.07/gcc/bin/../lib/gcc/arm-none-eabi/10.3.1/../../../../arm-none-eabi/lib/thumb/v6-m/nofp/libc.a(lib_a-mprec.o)
                0x000000001000ff98                __mprec_tens
 .rodata.p05.0  0x0000000010010060        0xc /opt/homebrew/Cellar/arm-none-eabi-gcc/10.3-2021.07/gcc/bin/../lib/gcc/arm-none-eabi/10.3.1/../../../../arm-none-eabi/lib/thumb/v6-m/nofp/libc.a(lib_a-mprec.o)
 .rodata._svfiprintf_r.str1.4
                0x000000001001006c       0x2f /opt/homebrew/Cellar/arm-none-eabi-gcc/10.3-2021.07/gcc/bin/../lib/gcc/arm-none-eabi/10.3.1/../../../../arm-none-eabi/lib/thumb/v6-m/nofp/libc.a(lib_a-svfiprintf.o)
 .rodata._svfiprintf_r
                0x000000001001006c      0x16c /opt/homebrew/Cellar/arm-none-eabi-gcc/10.3-2021.07/gcc/bin/../lib/gcc/arm-none-eabi/10.3.1/../../../../arm-none-eabi/lib/thumb/v6-m/nofp/libc.a(lib_a-svfiprintf.o)
 .rodata.blanks.1
                0x00000000100101d8       0x10 /opt/homebrew/Cellar/arm-none-eabi-gcc/10.3-2021.07/gcc/bin/../lib/gcc/arm-none-eabi/10.3.1/../../../../arm-none-eabi/lib/thumb/v6-m/nofp/libc.a(lib_a-svfiprintf.o)
 .rodata.zeroes.0
                0x00000000100101e8       0x10 /opt/homebrew/Cellar/arm-none-eabi-gcc/10.3-2021.07/gcc/bin/../lib/gcc/arm-none-eabi/10.3.1/../../../../arm-none-eabi/lib/thumb/v6-m/nofp/libc.a(lib_a-svfiprintf.o)
 .rodata.__ssvfiscanf_r
                0x00000000100101f8      0x290 /opt/homebrew/Cellar/arm-none-eabi-gcc/10.3-2021.07/gcc/bin/../lib/gcc/arm-none-eabi/10.3.1/../../../../arm-none-eabi/lib/thumb/v6-m/nofp/libc.a(lib_a-svfiscanf.o)
 .rodata.basefix.0
                0x0000000010010488       0x22 /opt/homebrew/Cellar/arm-none-eabi-gcc/10.3-2021.07/gcc/bin/../lib/gcc/arm-none-eabi/10.3.1/../../../../arm-none-eabi/lib/thumb/v6-m/nofp/libc.a(lib_a-svfiscanf.o)
 *fill*         0x00000000100104aa        0x2 
 .rodata._setlocale_r.str1.4
                0x00000000100104ac        0xa /opt/homebrew/Cellar/arm-none-eabi-gcc/10.3-2021.07/gcc/bin/../lib/gcc/arm-none-eabi/10.3.1/../../../../arm-none-eabi/lib/thumb/v6-m/nofp/libc.a(lib_a-locale.o)
                                          0xd (size before relaxing)
 .rodata.str1.4
                0x00000000100104b6        0xa /opt/homebrew/Cellar/arm-none-eabi-gcc/10.3-2021.07/gcc/bin/../lib/gcc/arm-none-eabi/10.3.1/../../../../arm-none-eabi/lib/thumb/v6-m/nofp/libc.a(lib_a-locale.o)
                                          0x2 (size before relaxing)
 .rodata._mbrtowc_r.str1.4
                0x00000000100104b6        0x1 /opt/homebrew/Cellar/arm-none-eabi-gcc/10.3-2021.07/gcc/bin/../lib/gcc/arm-none-eabi/10.3.1/../../../../arm-none-eabi/lib/thumb/v6-m/nofp/libc.a(lib_a-mbrtowc.o)
                0x00000000100104c0                . = ALIGN (0x4)
 *fill*         0x00000000100104b6        0x2 
 *(SORT_BY_ALIGNMENT(SORT_BY_NAME(.flashdata*)))
                0x00000000100104b8                . = ALIGN (0x4)

.rel.dyn        0x00000000100104b8        0x0
 .rel.iplt      0x00000000100104b8        0x0 /opt/homebrew/Cellar/arm-none-eabi-gcc/10.3-2021.07/gcc/bin/../lib/gcc/arm-none-eabi/10.3.1/thumb/v6-m/nofp/crtbegin.o

.ARM.extab
 *(.ARM.extab* .gnu.linkonce.armextab.*)
                0x00000000100104b8                __exidx_start = .

.ARM.exidx
 *(.ARM.exidx* .gnu.linkonce.armexidx.*)
                0x00000000100104b8                __exidx_end = .
                0x00000000100104b8                . = ALIGN (0x4)
                0x00000000100104b8                __binary_info_start = .

.binary_info    0x00000000100104b8       0x24
 *(.binary_info.keep.*)
 .binary_info.keep.__bi_ptr28
                0x00000000100104b8        0x4 CMakeFiles/SPO.dir/Main.c.obj
 .binary_info.keep.__bi_ptr29
                0x00000000100104bc        0x4 CMakeFiles/SPO.dir/Main.c.obj
 .binary_info.keep.__bi_ptr22
                0x00000000100104c0        0x4 CMakeFiles/SPO.dir/Users/wangjh/Developer/Berkeley/Berkeley-CS249A-Project/pico-sdk/src/rp2_common/pico_standard_link/binary_info.c.obj
 .binary_info.keep.__bi_ptr30
                0x00000000100104c4        0x4 CMakeFiles/SPO.dir/Users/wangjh/Developer/Berkeley/Berkeley-CS249A-Project/pico-sdk/src/rp2_common/pico_standard_link/binary_info.c.obj
 .binary_info.keep.__bi_ptr38
                0x00000000100104c8        0x4 CMakeFiles/SPO.dir/Users/wangjh/Developer/Berkeley/Berkeley-CS249A-Project/pico-sdk/src/rp2_common/pico_standard_link/binary_info.c.obj
 .binary_info.keep.__bi_ptr44
                0x00000000100104cc        0x4 CMakeFiles/SPO.dir/Users/wangjh/Developer/Berkeley/Berkeley-CS249A-Project/pico-sdk/src/rp2_common/pico_standard_link/binary_info.c.obj
 .binary_info.keep.__bi_ptr50
                0x00000000100104d0        0x4 CMakeFiles/SPO.dir/Users/wangjh/Developer/Berkeley/Berkeley-CS249A-Project/pico-sdk/src/rp2_common/pico_standard_link/binary_info.c.obj
 .binary_info.keep.__bi_ptr75
                0x00000000100104d4        0x4 CMakeFiles/SPO.dir/Users/wangjh/Developer/Berkeley/Berkeley-CS249A-Project/pico-sdk/src/rp2_common/pico_standard_link/binary_info.c.obj
 .binary_info.keep.__bi_ptr81
                0x00000000100104d8        0x4 CMakeFiles/SPO.dir/Users/wangjh/Developer/Berkeley/Berkeley-CS249A-Project/pico-sdk/src/rp2_common/pico_standard_link/binary_info.c.obj
 *(.binary_info.*)
                0x00000000100104dc                __binary_info_end = .
                0x00000000100104dc                . = ALIGN (0x4)
                0x00000000100104dc                __etext = .

.ram_vector_table
                0x0000000020000000       0xc0
 *(.ram_vector_table)
 .ram_vector_table
                0x0000000020000000       0xc0 CMakeFiles/SPO.dir/Users/wangjh/Developer/Berkeley/Berkeley-CS249A-Project/pico-sdk/src/rp2_common/pico_runtime/runtime.c.obj
                0x0000000020000000                ram_vector_table

.data           0x00000000200000c0      0xcf8 load address 0x00000000100104dc
                0x00000000200000c0                __data_start__ = .
 *(vtable)
 *(.time_critical*)
 .time_critical.mutex_enter_blocking
                0x00000000200000c0       0x48 CMakeFiles/SPO.dir/Users/wangjh/Developer/Berkeley/Berkeley-CS249A-Project/pico-sdk/src/common/pico_sync/mutex.c.obj
                0x00000000200000c0                mutex_enter_blocking
 .time_critical.mutex_try_enter
                0x0000000020000108       0x44 CMakeFiles/SPO.dir/Users/wangjh/Developer/Berkeley/Berkeley-CS249A-Project/pico-sdk/src/common/pico_sync/mutex.c.obj
                0x0000000020000108                mutex_try_enter
 .time_critical.mutex_exit
                0x000000002000014c       0x28 CMakeFiles/SPO.dir/Users/wangjh/Developer/Berkeley/Berkeley-CS249A-Project/pico-sdk/src/common/pico_sync/mutex.c.obj
                0x000000002000014c                mutex_exit
 *(.text*)
 .text          0x0000000020000174        0x4 /opt/homebrew/Cellar/arm-none-eabi-gcc/10.3-2021.07/gcc/bin/../lib/gcc/arm-none-eabi/10.3.1/thumb/v6-m/nofp/libgcc.a(_dvmd_tls.o)
                0x0000000020000174                __aeabi_ldiv0
                0x0000000020000174                __aeabi_idiv0
 .text.memchr   0x0000000020000178       0x74 /opt/homebrew/Cellar/arm-none-eabi-gcc/10.3-2021.07/gcc/bin/../lib/gcc/arm-none-eabi/10.3.1/../../../../arm-none-eabi/lib/thumb/v6-m/nofp/libc.a(lib_a-memchr-stub.o)
                0x0000000020000178                memchr
 .text.memmove  0x00000000200001ec       0xac /opt/homebrew/Cellar/arm-none-eabi-gcc/10.3-2021.07/gcc/bin/../lib/gcc/arm-none-eabi/10.3.1/../../../../arm-none-eabi/lib/thumb/v6-m/nofp/libc.a(lib_a-memmove.o)
                0x00000000200001ec                memmove
                0x0000000020000298                . = ALIGN (0x4)
 *(.rodata*)
                0x0000000020000298                . = ALIGN (0x4)
 *(.data*)
 .data._lf_handle
                0x0000000020000298        0x4 CMakeFiles/SPO.dir/Main.c.obj
                0x0000000020000298                _lf_handle
 *fill*         0x000000002000029c        0x4 
 .data._lf_last_reported_unadjusted_physical_time_ns
                0x00000000200002a0        0x8 CMakeFiles/SPO.dir/Main.c.obj
                0x00000000200002a0                _lf_last_reported_unadjusted_physical_time_ns
 .data._lf_my_fed_id
                0x00000000200002a8        0x4 CMakeFiles/SPO.dir/Main.c.obj
                0x00000000200002a8                _lf_my_fed_id
 .data._lf_startup_reactions_size
                0x00000000200002ac        0x4 CMakeFiles/SPO.dir/Main.c.obj
                0x00000000200002ac                _lf_startup_reactions_size
 .data.duration
                0x00000000200002b0        0x8 CMakeFiles/SPO.dir/Main.c.obj
                0x00000000200002b0                duration
 .data.federation_id
                0x00000000200002b8        0x4 CMakeFiles/SPO.dir/Main.c.obj
                0x00000000200002b8                federation_id
 *fill*         0x00000000200002bc        0x4 
 .data.physical_start_time