Archive member included to satisfy reference by file (symbol)

/usr/lib/gcc/arm-none-eabi/6.3.1/thumb/v6-m/libgcc.a(_dvmd_tls.o)
                              CMakeFiles/SPO.dir/mnt/c/study/GRAD/249A/proj/EECS249-Smart-Pill-Organizer/pico-sdk/src/rp2_common/pico_divider/divider.S.obj (__aeabi_idiv0)
/usr/lib/gcc/arm-none-eabi/6.3.1/../../../arm-none-eabi/lib/thumb/v6-m/libc.a(lib_a-atexit.o)
                              /usr/lib/gcc/arm-none-eabi/6.3.1/../../../arm-none-eabi/lib/thumb/v6-m/crt0.o (atexit)
/usr/lib/gcc/arm-none-eabi/6.3.1/../../../arm-none-eabi/lib/thumb/v6-m/libc.a(lib_a-atoi.o)
                              CMakeFiles/SPO.dir/Main.c.obj (atoi)
/usr/lib/gcc/arm-none-eabi/6.3.1/../../../arm-none-eabi/lib/thumb/v6-m/libc.a(lib_a-atoll.o)
                              CMakeFiles/SPO.dir/Main.c.obj (atoll)
/usr/lib/gcc/arm-none-eabi/6.3.1/../../../arm-none-eabi/lib/thumb/v6-m/libc.a(lib_a-calloc.o)
                              CMakeFiles/SPO.dir/mnt/c/study/GRAD/249A/proj/EECS249-Smart-Pill-Organizer/pico-sdk/src/rp2_common/pico_malloc/pico_malloc.c.obj (calloc)
/usr/lib/gcc/arm-none-eabi/6.3.1/../../../arm-none-eabi/lib/thumb/v6-m/libc.a(lib_a-callocr.o)
                              /usr/lib/gcc/arm-none-eabi/6.3.1/../../../arm-none-eabi/lib/thumb/v6-m/libc.a(lib_a-calloc.o) (_calloc_r)
/usr/lib/gcc/arm-none-eabi/6.3.1/../../../arm-none-eabi/lib/thumb/v6-m/libc.a(lib_a-ctime.o)
                              CMakeFiles/SPO.dir/Main.c.obj (ctime)
/usr/lib/gcc/arm-none-eabi/6.3.1/../../../arm-none-eabi/lib/thumb/v6-m/libc.a(lib_a-fini.o)
                              /usr/lib/gcc/arm-none-eabi/6.3.1/../../../arm-none-eabi/lib/thumb/v6-m/crt0.o (__libc_fini_array)
/usr/lib/gcc/arm-none-eabi/6.3.1/../../../arm-none-eabi/lib/thumb/v6-m/libc.a(lib_a-impure.o)
                              CMakeFiles/SPO.dir/Main.c.obj (_impure_ptr)
/usr/lib/gcc/arm-none-eabi/6.3.1/../../../arm-none-eabi/lib/thumb/v6-m/libc.a(lib_a-init.o)
                              /usr/lib/gcc/arm-none-eabi/6.3.1/../../../arm-none-eabi/lib/thumb/v6-m/crt0.o (__libc_init_array)
/usr/lib/gcc/arm-none-eabi/6.3.1/../../../arm-none-eabi/lib/thumb/v6-m/libc.a(lib_a-lcltime.o)
                              /usr/lib/gcc/arm-none-eabi/6.3.1/../../../arm-none-eabi/lib/thumb/v6-m/libc.a(lib_a-ctime.o) (localtime)
/usr/lib/gcc/arm-none-eabi/6.3.1/../../../arm-none-eabi/lib/thumb/v6-m/libc.a(lib_a-lcltime_r.o)
                              /usr/lib/gcc/arm-none-eabi/6.3.1/../../../arm-none-eabi/lib/thumb/v6-m/libc.a(lib_a-lcltime.o) (localtime_r)
/usr/lib/gcc/arm-none-eabi/6.3.1/../../../arm-none-eabi/lib/thumb/v6-m/libc.a(lib_a-malloc.o)
                              CMakeFiles/SPO.dir/mnt/c/study/GRAD/249A/proj/EECS249-Smart-Pill-Organizer/pico-sdk/src/rp2_common/pico_malloc/pico_malloc.c.obj (malloc)
/usr/lib/gcc/arm-none-eabi/6.3.1/../../../arm-none-eabi/lib/thumb/v6-m/libc.a(lib_a-mallocr.o)
                              /usr/lib/gcc/arm-none-eabi/6.3.1/../../../arm-none-eabi/lib/thumb/v6-m/libc.a(lib_a-callocr.o) (_malloc_r)
/usr/lib/gcc/arm-none-eabi/6.3.1/../../../arm-none-eabi/lib/thumb/v6-m/libc.a(lib_a-mlock.o)
                              /usr/lib/gcc/arm-none-eabi/6.3.1/../../../arm-none-eabi/lib/thumb/v6-m/libc.a(lib_a-mallocr.o) (__malloc_lock)
/usr/lib/gcc/arm-none-eabi/6.3.1/../../../arm-none-eabi/lib/thumb/v6-m/libc.a(lib_a-month_lengths.o)
                              /usr/lib/gcc/arm-none-eabi/6.3.1/../../../arm-none-eabi/lib/thumb/v6-m/libc.a(lib_a-lcltime_r.o) (__month_lengths)
/usr/lib/gcc/arm-none-eabi/6.3.1/../../../arm-none-eabi/lib/thumb/v6-m/libc.a(lib_a-realloc.o)
                              CMakeFiles/SPO.dir/Main.c.obj (realloc)
/usr/lib/gcc/arm-none-eabi/6.3.1/../../../arm-none-eabi/lib/thumb/v6-m/libc.a(lib_a-reallocr.o)
                              /usr/lib/gcc/arm-none-eabi/6.3.1/../../../arm-none-eabi/lib/thumb/v6-m/libc.a(lib_a-realloc.o) (_realloc_r)
/usr/lib/gcc/arm-none-eabi/6.3.1/../../../arm-none-eabi/lib/thumb/v6-m/libc.a(lib_a-sbrkr.o)
                              /usr/lib/gcc/arm-none-eabi/6.3.1/../../../arm-none-eabi/lib/thumb/v6-m/libc.a(lib_a-mallocr.o) (_sbrk_r)
/usr/lib/gcc/arm-none-eabi/6.3.1/../../../arm-none-eabi/lib/thumb/v6-m/libc.a(lib_a-signal.o)
                              CMakeFiles/SPO.dir/Main.c.obj (signal)
/usr/lib/gcc/arm-none-eabi/6.3.1/../../../arm-none-eabi/lib/thumb/v6-m/libc.a(lib_a-signalr.o)
                              /usr/lib/gcc/arm-none-eabi/6.3.1/../../../arm-none-eabi/lib/thumb/v6-m/libc.a(lib_a-signal.o) (_kill_r)
/usr/lib/gcc/arm-none-eabi/6.3.1/../../../arm-none-eabi/lib/thumb/v6-m/libc.a(lib_a-strcmp.o)
                              CMakeFiles/SPO.dir/Main.c.obj (strcmp)
/usr/lib/gcc/arm-none-eabi/6.3.1/../../../arm-none-eabi/lib/thumb/v6-m/libc.a(lib_a-strlen-stub.o)
                              CMakeFiles/SPO.dir/Main.c.obj (strlen)
/usr/lib/gcc/arm-none-eabi/6.3.1/../../../arm-none-eabi/lib/thumb/v6-m/libc.a(lib_a-strncmp.o)
[...]
Memory Configuration

Name             Origin             Length             Attributes
FLASH            0x0000000010000000 0x0000000000200000 xr
RAM              0x0000000020000000 0x0000000000040000 xrw
SCRATCH_X        0x0000000020040000 0x0000000000001000 xrw
SCRATCH_Y        0x0000000020041000 0x0000000000001000 xrw
*default*        0x0000000000000000 0xffffffffffffffff

Linker script and memory map

LOAD /usr/lib/gcc/arm-none-eabi/6.3.1/thumb/v6-m/crti.o
LOAD /usr/lib/gcc/arm-none-eabi/6.3.1/thumb/v6-m/crtbegin.o
LOAD /usr/lib/gcc/arm-none-eabi/6.3.1/../../../arm-none-eabi/lib/thumb/v6-m/crt0.o

.flash_begin    0x0000000010000000        0x0
                0x0000000010000000                __flash_binary_start = .

.boot2          0x0000000010000000      0x100
                0x0000000010000000                __boot2_start__ = .
 *(.boot2)
 .boot2         0x0000000010000000      0x100 /tmp/ccbSK3XZ.o
                0x0000000010000100                __boot2_end__ = .
                0x0000000000000001                ASSERT (((__boot2_end__ - __boot2_start__) == 0x100), ERROR: Pico second stage bootloader must be 256 bytes in size)

.text           0x0000000010000100    0x12318
                0x0000000010000100                __logical_binary_start = .
 *(.vectors)
 .vectors       0x0000000010000100       0xd4 CMakeFiles/SPO.dir/mnt/c/study/GRAD/249A/proj/EECS249-Smart-Pill-Organizer/pico-sdk/src/rp2_common/pico_standard_link/crt0.S.obj
                0x0000000010000100                __vectors
                0x0000000010000100                __VECTOR_TABLE
                0x00000000100001c0                isr_invalid
                0x00000000100001c0                __default_isrs_start
                0x00000000100001c2                isr_nmi
                0x00000000100001c4                isr_hardfault
                0x00000000100001c6                isr_svcall
                0x00000000100001c8                isr_pendsv
                0x00000000100001ca                isr_systick
                0x00000000100001cc                isr_irq30
                0x00000000100001cc                __unhandled_user_irq
                0x00000000100001cc                isr_irq13
                0x00000000100001cc                isr_irq27
                0x00000000100001cc                isr_irq31
                0x00000000100001cc                isr_irq5
                0x00000000100001cc                isr_irq11
                0x00000000100001cc                isr_irq23
                0x00000000100001cc                isr_irq18
                0x00000000100001cc                isr_irq28
                0x00000000100001cc                isr_irq19
                0x00000000100001cc                isr_irq0
                0x00000000100001cc                isr_irq6
                0x00000000100001cc                isr_irq22
                0x00000000100001cc                isr_irq17
                0x00000000100001cc                isr_irq14
                0x00000000100001cc                isr_irq2
                0x00000000100001cc                isr_irq10
                0x00000000100001cc                isr_irq8
                0x00000000100001cc                isr_irq24
                0x00000000100001cc                isr_irq1
                0x00000000100001cc                isr_irq7
                0x00000000100001cc                isr_irq21
                0x00000000100001cc                isr_irq20
                0x00000000100001cc                isr_irq15
                0x00000000100001cc                isr_irq25
                0x00000000100001cc                isr_irq4
                0x00000000100001cc                isr_irq16
                0x00000000100001cc                isr_irq29
                0x00000000100001cc                isr_irq26
                0x00000000100001cc                __default_isrs_end
                0x00000000100001cc                isr_irq3
                0x00000000100001cc                isr_irq12
                0x00000000100001cc                isr_irq9
                0x00000000100001d2                unhandled_user_irq_num_in_r0
 *(.binary_info_header)
 .binary_info_header
                0x00000000100001d4       0x14 CMakeFiles/SPO.dir/mnt/c/study/GRAD/249A/proj/EECS249-Smart-Pill-Organizer/pico-sdk/src/rp2_common/pico_standard_link/crt0.S.obj
                0x00000000100001e8                __binary_info_header_end = .
 *(.reset)
 .reset         0x00000000100001e8       0xa8 CMakeFiles/SPO.dir/mnt/c/study/GRAD/249A/proj/EECS249-Smart-Pill-Organizer/pico-sdk/src/rp2_common/pico_standard_link/crt0.S.obj
                0x00000000100001e8                _entry_point
                0x0000000010000266                __get_current_exception
 .reset         0x0000000010000290       0x30 CMakeFiles/SPO.dir/mnt/c/study/GRAD/249A/proj/EECS249-Smart-Pill-Organizer/pico-sdk/src/rp2_common/pico_standard_link/binary_info.c.obj
 *(.init)
 .init          0x00000000100002c0        0x4 /usr/lib/gcc/arm-none-eabi/6.3.1/thumb/v6-m/crti.o
                0x00000000100002c0                _init
 *(EXCLUDE_FILE(*libm.a: *libc.a:*lib_a-mem*.o *libgcc.a:) .text*)
 .text          0x00000000100002c4       0xb4 /usr/lib/gcc/arm-none-eabi/6.3.1/thumb/v6-m/crtbegin.o
 .text.bubble_up
                0x0000000010000378       0x98 CMakeFiles/SPO.dir/Main.c.obj
 .text.percolate_down
                0x0000000010000410       0xc0 CMakeFiles/SPO.dir/Main.c.obj
 .text.in_reverse_order
                0x00000000100004d0       0x18 CMakeFiles/SPO.dir/Main.c.obj
 .text.in_no_particular_order
                0x00000000100004e8        0x4 CMakeFiles/SPO.dir/Main.c.obj
 .text.event_matches
                0x00000000100004ec        0xc CMakeFiles/SPO.dir/Main.c.obj
 .text.reaction_matches
                0x00000000100004f8        0x8 CMakeFiles/SPO.dir/Main.c.obj
 .text.get_event_time
                0x0000000010000500        0x8 CMakeFiles/SPO.dir/Main.c.obj
 .text.get_reaction_index
                0x0000000010000508        0x8 CMakeFiles/SPO.dir/Main.c.obj
 .text.get_event_position
                0x0000000010000510        0x4 CMakeFiles/SPO.dir/Main.c.obj
 .text.get_reaction_position
                0x0000000010000514        0x4 CMakeFiles/SPO.dir/Main.c.obj
 .text.set_event_position
                0x0000000010000518        0x4 CMakeFiles/SPO.dir/Main.c.obj
 .text.set_reaction_position
                0x000000001000051c        0x4 CMakeFiles/SPO.dir/Main.c.obj
 .text.print_event
                0x0000000010000520        0x4 CMakeFiles/SPO.dir/Main.c.obj
 .text.mainreaction_function_0
                0x0000000010000524       0x2c CMakeFiles/SPO.dir/Main.c.obj
                0x0000000010000524                mainreaction_function_0
 .text.print_reaction
                0x0000000010000550        0x4 CMakeFiles/SPO.dir/Main.c.obj
 .text.lf_comma_separated_time
                0x0000000010000554      0x1c8 CMakeFiles/SPO.dir/Main.c.obj
                0x0000000010000554                lf_comma_separated_time
 .text._lf_message_print
                0x000000001000071c       0xc4 CMakeFiles/SPO.dir/Main.c.obj
                0x000000001000071c                _lf_message_print
 .text.info_print
                0x00000000100007e0       0x88 CMakeFiles/SPO.dir/Main.c.obj
                0x00000000100007e0                info_print
 .text.error_print
                0x0000000010000868       0x88 CMakeFiles/SPO.dir/Main.c.obj
                0x0000000010000868                error_print
 .text.schedule_output_reactions.part.6
                0x00000000100008f0      0x274 CMakeFiles/SPO.dir/Main.c.obj
 .text.warning_print
                0x0000000010000b64       0x88 CMakeFiles/SPO.dir/Main.c.obj
                0x0000000010000b64                warning_print
 .text.error_print_and_exit
                0x0000000010000bec       0x24 CMakeFiles/SPO.dir/Main.c.obj
                0x0000000010000bec                error_print_and_exit
 .text.find_equal_same_priority
                0x0000000010000c10       0xa4 CMakeFiles/SPO.dir/Main.c.obj
                0x0000000010000c10                find_equal_same_priority
 .text._lf_start_time_step
                0x0000000010000cb4      0x1ac CMakeFiles/SPO.dir/Main.c.obj
                0x0000000010000cb4                _lf_start_time_step
 .text.termination
                0x0000000010000e60      0x160 CMakeFiles/SPO.dir/Main.c.obj
                0x0000000010000e60                termination
 .text._lf_pop_events
                0x0000000010000fc0      0x7c0 CMakeFiles/SPO.dir/Main.c.obj
                0x0000000010000fc0                _lf_pop_events
 .text.usage    0x0000000010001780       0xb0 CMakeFiles/SPO.dir/Main.c.obj
                0x0000000010001780                usage
 .text.process_args
                0x0000000010001830      0x5fc CMakeFiles/SPO.dir/Main.c.obj
                0x0000000010001830                process_args
 .text.initialize
                0x0000000010001e2c      0x2dc CMakeFiles/SPO.dir/Main.c.obj
                0x0000000010001e2c                initialize
 .text._lf_do_step
                0x0000000010002108      0x168 CMakeFiles/SPO.dir/Main.c.obj
                0x0000000010002108                _lf_do_step
 .text.next     0x0000000010002270      0x28c CMakeFiles/SPO.dir/Main.c.obj
                0x0000000010002270                next
 .text.lf_reactor_c_main
                0x00000000100024fc      0x1bc CMakeFiles/SPO.dir/Main.c.obj
                0x00000000100024fc                lf_reactor_c_main
 .text.startup.main
                0x00000000100026b8        0x8 CMakeFiles/SPO.dir/Main.c.obj
                0x00000000100026b8                main
 .text.lf_initialize_clock
                0x00000000100026c0        0x8 CMakeFiles/SPO.dir/core/platform/lf_pico_support.c.obj
                0x00000000100026c0                lf_initialize_clock
 .text.lf_clock_gettime
                0x00000000100026c8       0x1c CMakeFiles/SPO.dir/core/platform/lf_pico_support.c.obj
                0x00000000100026c8                lf_clock_gettime
 .text.lf_nanosleep
                0x00000000100026e4       0x14 CMakeFiles/SPO.dir/core/platform/lf_pico_support.c.obj
                0x00000000100026e4                lf_nanosleep
 .text.gpio_init
                0x00000000100026f8       0x3c CMakeFiles/SPO.dir/mnt/c/study/GRAD/249A/proj/EECS249-Smart-Pill-Organizer/pico-sdk/src/rp2_common/hardware_gpio/gpio.c.obj
                0x00000000100026f8                gpio_init
 .text.hw_claim_or_assert
                0x0000000010002734       0x44 CMakeFiles/SPO.dir/mnt/c/study/GRAD/249A/proj/EECS249-Smart-Pill-Organizer/pico-sdk/src/rp2_common/hardware_claim/claim.c.obj
                0x0000000010002734                hw_claim_or_assert
 .text.hw_claim_unused_from_range
                0x0000000010002778       0x8c CMakeFiles/SPO.dir/mnt/c/study/GRAD/249A/proj/EECS249-Smart-Pill-Organizer/pico-sdk/src/rp2_common/hardware_claim/claim.c.obj
                0x0000000010002778                hw_claim_unused_from_range
 .text.running_on_fpga
                0x0000000010002804       0x10 CMakeFiles/SPO.dir/mnt/c/study/GRAD/249A/proj/EECS249-Smart-Pill-Organizer/pico-sdk/src/rp2_common/pico_platform/platform.c.obj
                0x0000000010002804                running_on_fpga
 .text.spin_locks_reset
                0x0000000010002814       0x1c CMakeFiles/SPO.dir/mnt/c/study/GRAD/249A/proj/EECS249-Smart-Pill-Organizer/pico-sdk/src/rp2_common/hardware_sync/sync.c.obj
                0x0000000010002814                spin_locks_reset
 .text.next_striped_spin_lock_num
                0x0000000010002830       0x18 CMakeFiles/SPO.dir/mnt/c/study/GRAD/249A/proj/EECS249-Smart-Pill-Organizer/pico-sdk/src/rp2_common/hardware_sync/sync.c.obj
                0x0000000010002830                next_striped_spin_lock_num
 .text.spin_lock_claim_unused
                0x0000000010002848       0x20 CMakeFiles/SPO.dir/mnt/c/study/GRAD/249A/proj/EECS249-Smart-Pill-Organizer/pico-sdk/src/rp2_common/hardware_sync/sync.c.obj
                0x0000000010002848                spin_lock_claim_unused
 .text.timer_pool_entry_comparator
                0x0000000010002868       0x34 CMakeFiles/SPO.dir/mnt/c/study/GRAD/249A/proj/EECS249-Smart-Pill-Organizer/pico-sdk/src/common/pico_time/time.c.obj
                0x0000000010002868                timer_pool_entry_comparator
 .text.sleep_until_callback
                0x000000001000289c       0x30 CMakeFiles/SPO.dir/mnt/c/study/GRAD/249A/proj/EECS249-Smart-Pill-Organizer/pico-sdk/src/common/pico_time/time.c.obj
 .text.add_alarm_under_lock
                0x00000000100028cc      0x124 CMakeFiles/SPO.dir/mnt/c/study/GRAD/249A/proj/EECS249-Smart-Pill-Organizer/pico-sdk/src/common/pico_time/time.c.obj
 .text.alarm_pool_alarm_callback
                0x00000000100029f0      0x1dc CMakeFiles/SPO.dir/mnt/c/study/GRAD/249A/proj/EECS249-Smart-Pill-Organizer/pico-sdk/src/common/pico_time/time.c.obj
 .text.alarm_pool_init_default
                0x0000000010002bcc       0x64 CMakeFiles/SPO.dir/mnt/c/study/GRAD/249A/proj/EECS249-Smart-Pill-Organizer/pico-sdk/src/common/pico_time/time.c.obj
                0x0000000010002bcc                alarm_pool_init_default
 .text.alarm_pool_get_default
                0x0000000010002c30        0x8 CMakeFiles/SPO.dir/mnt/c/study/GRAD/249A/proj/EECS249-Smart-Pill-Organizer/pico-sdk/src/common/pico_time/time.c.obj
                0x0000000010002c30                alarm_pool_get_default
 .text.alarm_pool_add_alarm_at
                0x0000000010002c38      0x1a0 CMakeFiles/SPO.dir/mnt/c/study/GRAD/249A/proj/EECS249-Smart-Pill-Organizer/pico-sdk/src/common/pico_time/time.c.obj
                0x0000000010002c38                alarm_pool_add_alarm_at
 .text.sleep_until
                0x0000000010002dd8      0x1e4 CMakeFiles/SPO.dir/mnt/c/study/GRAD/249A/proj/EECS249-Smart-Pill-Organizer/pico-sdk/src/common/pico_time/time.c.obj
                0x0000000010002dd8                sleep_until
 .text.sleep_us
                0x0000000010002fbc       0x30 CMakeFiles/SPO.dir/mnt/c/study/GRAD/249A/proj/EECS249-Smart-Pill-Organizer/pico-sdk/src/common/pico_time/time.c.obj
                0x0000000010002fbc                sleep_us
 .text.sleep_ms
                0x0000000010002fec       0x38 CMakeFiles/SPO.dir/mnt/c/study/GRAD/249A/proj/EECS249-Smart-Pill-Organizer/pico-sdk/src/common/pico_time/time.c.obj
                0x0000000010002fec                sleep_ms
 .text.best_effort_wfe_or_timeout
                0x0000000010003024      0x1c8 CMakeFiles/SPO.dir/mnt/c/study/GRAD/249A/proj/EECS249-Smart-Pill-Organizer/pico-sdk/src/common/pico_time/time.c.obj
                0x0000000010003024                best_effort_wfe_or_timeout
 .text.hardware_alarm_irq_handler
                0x00000000100031ec       0xa0 CMakeFiles/SPO.dir/mnt/c/study/GRAD/249A/proj/EECS249-Smart-Pill-Organizer/pico-sdk/src/rp2_common/hardware_timer/timer.c.obj
 .text.hardware_alarm_claim
                0x000000001000328c       0x18 CMakeFiles/SPO.dir/mnt/c/study/GRAD/249A/proj/EECS249-Smart-Pill-Organizer/pico-sdk/src/rp2_common/hardware_timer/timer.c.obj
                0x000000001000328c                hardware_alarm_claim
 .text.time_us_64
                0x00000000100032a4       0x18 CMakeFiles/SPO.dir/mnt/c/study/GRAD/249A/proj/EECS249-Smart-Pill-Organizer/pico-sdk/src/rp2_common/hardware_timer/timer.c.obj
                0x00000000100032a4                time_us_64
 .text.busy_wait_us
                0x00000000100032bc       0x54 CMakeFiles/SPO.dir/mnt/c/study/GRAD/249A/proj/EECS249-Smart-Pill-Organizer/pico-sdk/src/rp2_common/hardware_timer/timer.c.obj
                0x00000000100032bc                busy_wait_us
 .text.busy_wait_until
                0x0000000010003310       0x20 CMakeFiles/SPO.dir/mnt/c/study/GRAD/249A/proj/EECS249-Smart-Pill-Organizer/pico-sdk/src/rp2_common/hardware_timer/timer.c.obj
                0x0000000010003310                busy_wait_until
 .text.hardware_alarm_set_callback
                0x0000000010003330       0x8c CMakeFiles/SPO.dir/mnt/c/study/GRAD/249A/proj/EECS249-Smart-Pill-Organizer/pico-sdk/src/rp2_common/hardware_timer/timer.c.obj
                0x0000000010003330                hardware_alarm_set_callback
 .text.hardware_alarm_set_target
                0x00000000100033bc       0xdc CMakeFiles/SPO.dir/mnt/c/study/GRAD/249A/proj/EECS249-Smart-Pill-Organizer/pico-sdk/src/rp2_common/hardware_timer/timer.c.obj
                0x00000000100033bc                hardware_alarm_set_target
 .text.hardware_alarm_cancel
                0x0000000010003498       0x40 CMakeFiles/SPO.dir/mnt/c/study/GRAD/249A/proj/EECS249-Smart-Pill-Organizer/pico-sdk/src/rp2_common/hardware_timer/timer.c.obj
                0x0000000010003498                hardware_alarm_cancel
 .text.lock_init
                0x00000000100034d8       0x10 CMakeFiles/SPO.dir/mnt/c/study/GRAD/249A/proj/EECS249-Smart-Pill-Organizer/pico-sdk/src/common/pico_sync/lock_core.c.obj
                0x00000000100034d8                lock_init
 .text.mutex_init
                0x00000000100034e8       0x1c CMakeFiles/SPO.dir/mnt/c/study/GRAD/249A/proj/EECS249-Smart-Pill-Organizer/pico-sdk/src/common/pico_sync/mutex.c.obj
                0x00000000100034e8                mutex_init
 .text.recursive_mutex_init
                0x0000000010003504       0x20 CMakeFiles/SPO.dir/mnt/c/study/GRAD/249A/proj/EECS249-Smart-Pill-Organizer/pico-sdk/src/common/pico_sync/mutex.c.obj
                0x0000000010003504                recursive_mutex_init
 .text.critical_section_init
                0x0000000010003524       0x20 CMakeFiles/SPO.dir/mnt/c/study/GRAD/249A/proj/EECS249-Smart-Pill-Organizer/pico-sdk/src/common/pico_sync/critical_section.c.obj
                0x0000000010003524                critical_section_init
 .text.ph_merge_two_pass.part.3
                0x0000000010003544      0x18c CMakeFiles/SPO.dir/mnt/c/study/GRAD/249A/proj/EECS249-Smart-Pill-Organizer/pico-sdk/src/common/pico_util/pheap.c.obj
 .text.ph_post_alloc_init
                0x00000000100036d0       0x3c CMakeFiles/SPO.dir/mnt/c/study/GRAD/249A/proj/EECS249-Smart-Pill-Organizer/pico-sdk/src/common/pico_util/pheap.c.obj
                0x00000000100036d0                ph_post_alloc_init
 .text.ph_remove_head
                0x000000001000370c      0x158 CMakeFiles/SPO.dir/mnt/c/study/GRAD/249A/proj/EECS249-Smart-Pill-Organizer/pico-sdk/src/common/pico_util/pheap.c.obj
                0x000000001000370c                ph_remove_head
 .text.ph_remove_and_free_node
                0x0000000010003864      0x254 CMakeFiles/SPO.dir/mnt/c/study/GRAD/249A/proj/EECS249-Smart-Pill-Organizer/pico-sdk/src/common/pico_util/pheap.c.obj
                0x0000000010003864                ph_remove_and_free_node
 .text.runtime_init
                0x0000000010003ab8       0xf4 CMakeFiles/SPO.dir/mnt/c/study/GRAD/249A/proj/EECS249-Smart-Pill-Organizer/pico-sdk/src/rp2_common/pico_runtime/runtime.c.obj
                0x0000000010003ab8                runtime_init
 .text._sbrk    0x0000000010003bac       0x34 CMakeFiles/SPO.dir/mnt/c/study/GRAD/249A/proj/EECS249-Smart-Pill-Organizer/pico-sdk/src/rp2_common/pico_runtime/runtime.c.obj
                0x0000000010003bac                _sbrk
 .text.exit     0x0000000010003be0        0x4 CMakeFiles/SPO.dir/mnt/c/study/GRAD/249A/proj/EECS249-Smart-Pill-Organizer/pico-sdk/src/rp2_common/pico_runtime/runtime.c.obj
                0x0000000010003be0                exit
 .text.panic    0x0000000010003be4       0x30 CMakeFiles/SPO.dir/mnt/c/study/GRAD/249A/proj/EECS249-Smart-Pill-Organizer/pico-sdk/src/rp2_common/pico_runtime/runtime.c.obj
                0x0000000010003be4                panic
 .text.hard_assertion_failure
                0x0000000010003c14        0xc CMakeFiles/SPO.dir/mnt/c/study/GRAD/249A/proj/EECS249-Smart-Pill-Organizer/pico-sdk/src/rp2_common/pico_runtime/runtime.c.obj
                0x0000000010003c14                hard_assertion_failure
 .text.clocks_init
                0x0000000010003c20      0x2c8 CMakeFiles/SPO.dir/mnt/c/study/GRAD/249A/proj/EECS249-Smart-Pill-Organizer/pico-sdk/src/rp2_common/hardware_clocks/clocks.c.obj
                0x0000000010003c20                clocks_init
 .text.irq_set_enabled
                0x0000000010003ee8       0x24 CMakeFiles/SPO.dir/mnt/c/study/GRAD/249A/proj/EECS249-Smart-Pill-Organizer/pico-sdk/src/rp2_common/hardware_irq/irq.c.obj
                0x0000000010003ee8                irq_set_enabled
 .text.irq_set_pending
                0x0000000010003f0c       0x10 CMakeFiles/SPO.dir/mnt/c/study/GRAD/249A/proj/EECS249-Smart-Pill-Organizer/pico-sdk/src/rp2_common/hardware_irq/irq.c.obj
                0x0000000010003f0c                irq_set_pending
 .text.irq_get_vtable_handler
                0x0000000010003f1c       0x10 CMakeFiles/SPO.dir/mnt/c/study/GRAD/249A/proj/EECS249-Smart-Pill-Organizer/pico-sdk/src/rp2_common/hardware_irq/irq.c.obj
                0x0000000010003f1c                irq_get_vtable_handler
 .text.irq_set_exclusive_handler
                0x0000000010003f2c       0x54 CMakeFiles/SPO.dir/mnt/c/study/GRAD/249A/proj/EECS249-Smart-Pill-Organizer/pico-sdk/src/rp2_common/hardware_irq/irq.c.obj
                0x0000000010003f2c                irq_set_exclusive_handler
 .text.irq_remove_handler
                0x0000000010003f80      0x1bc CMakeFiles/SPO.dir/mnt/c/study/GRAD/249A/proj/EECS249-Smart-Pill-Organizer/pico-sdk/src/rp2_common/hardware_irq/irq.c.obj
                0x0000000010003f80                irq_remove_handler
 .text.irq_add_tail_to_free_list
                0x000000001000413c       0xb4 CMakeFiles/SPO.dir/mnt/c/study/GRAD/249A/proj/EECS249-Smart-Pill-Organizer/pico-sdk/src/rp2_common/hardware_irq/irq.c.obj
                0x000000001000413c                irq_add_tail_to_free_list
 .text.irq_init_priorities
                0x00000000100041f0       0x48 CMakeFiles/SPO.dir/mnt/c/study/GRAD/249A/proj/EECS249-Smart-Pill-Organizer/pico-sdk/src/rp2_common/hardware_irq/irq.c.obj
                0x00000000100041f0                irq_init_priorities
 .text.pll_init
                0x0000000010004238       0x98 CMakeFiles/SPO.dir/mnt/c/study/GRAD/249A/proj/EECS249-Smart-Pill-Organizer/pico-sdk/src/rp2_common/hardware_pll/pll.c.obj
                0x0000000010004238                pll_init
 .text.watchdog_start_tick
                0x00000000100042d0       0x10 CMakeFiles/SPO.dir/mnt/c/study/GRAD/249A/proj/EECS249-Smart-Pill-Organizer/pico-sdk/src/rp2_common/hardware_watchdog/watchdog.c.obj
                0x00000000100042d0                watchdog_start_tick
 .text.watchdog_reboot
                0x00000000100042e0       0x94 CMakeFiles/SPO.dir/mnt/c/study/GRAD/249A/proj/EECS249-Smart-Pill-Organizer/pico-sdk/src/rp2_common/hardware_watchdog/watchdog.c.obj
                0x00000000100042e0                watchdog_reboot
 .text.xosc_init
                0x0000000010004374       0x28 CMakeFiles/SPO.dir/mnt/c/study/GRAD/249A/proj/EECS249-Smart-Pill-Organizer/pico-sdk/src/rp2_common/hardware_xosc/xosc.c.obj
                0x0000000010004374                xosc_init
 .text._out_buffer
                0x000000001000439c        0x8 CMakeFiles/SPO.dir/mnt/c/study/GRAD/249A/proj/EECS249-Smart-Pill-Organizer/pico-sdk/src/rp2_common/pico_printf/printf.c.obj
 .text._out_null
                0x00000000100043a4        0x4 CMakeFiles/SPO.dir/mnt/c/study/GRAD/249A/proj/EECS249-Smart-Pill-Organizer/pico-sdk/src/rp2_common/pico_printf/printf.c.obj
 .text._out_fct
                0x00000000100043a8       0x10 CMakeFiles/SPO.dir/mnt/c/study/GRAD/249A/proj/EECS249-Smart-Pill-Organizer/pico-sdk/src/rp2_common/pico_printf/printf.c.obj
 .text._out_char
                0x00000000100043b8       0x3c CMakeFiles/SPO.dir/mnt/c/study/GRAD/249A/proj/EECS249-Smart-Pill-Organizer/pico-sdk/src/rp2_common/pico_printf/printf.c.obj
 .text._ntoa_format
                0x00000000100043f4      0x214 CMakeFiles/SPO.dir/mnt/c/study/GRAD/249A/proj/EECS249-Smart-Pill-Organizer/pico-sdk/src/rp2_common/pico_printf/printf.c.obj
 .text._ftoa    0x0000000010004608      0x6c4 CMakeFiles/SPO.dir/mnt/c/study/GRAD/249A/proj/EECS249-Smart-Pill-Organizer/pico-sdk/src/rp2_common/pico_printf/printf.c.obj
 .text._etoa.part.1
                0x0000000010004ccc      0x3e0 CMakeFiles/SPO.dir/mnt/c/study/GRAD/249A/proj/EECS249-Smart-Pill-Organizer/pico-sdk/src/rp2_common/pico_printf/printf.c.obj
 .text._vsnprintf
                0x00000000100050ac      0xb30 CMakeFiles/SPO.dir/mnt/c/study/GRAD/249A/proj/EECS249-Smart-Pill-Organizer/pico-sdk/src/rp2_common/pico_printf/printf.c.obj
 .text.__wrap_sprintf
                0x0000000010005bdc       0x28 CMakeFiles/SPO.dir/mnt/c/study/GRAD/249A/proj/EECS249-Smart-Pill-Organizer/pico-sdk/src/rp2_common/pico_printf/printf.c.obj
                0x0000000010005bdc                __wrap_sprintf
 .text.__wrap_snprintf
                0x0000000010005c04       0x28 CMakeFiles/SPO.dir/mnt/c/study/GRAD/249A/proj/EECS249-Smart-Pill-Organizer/pico-sdk/src/rp2_common/pico_printf/printf.c.obj
                0x0000000010005c04                __wrap_snprintf
 .text.vfctprintf
                0x0000000010005c2c       0x20 CMakeFiles/SPO.dir/mnt/c/study/GRAD/249A/proj/EECS249-Smart-Pill-Organizer/pico-sdk/src/rp2_common/pico_printf/printf.c.obj
                0x0000000010005c2c                vfctprintf
 .text.weak_raw_vprintf
                0x0000000010005c4c       0x30 CMakeFiles/SPO.dir/mnt/c/study/GRAD/249A/proj/EECS249-Smart-Pill-Organizer/pico-sdk/src/rp2_common/pico_printf/printf.c.obj
                0x0000000010005c4c                weak_raw_vprintf
 .text          0x0000000010005c7c       0x10 CMakeFiles/SPO.dir/mnt/c/study/GRAD/249A/proj/EECS249-Smart-Pill-Organizer/pico-sdk/src/rp2_common/pico_bit_ops/bit_ops_aeabi.S.obj
 .text.rom_func_lookup
                0x0000000010005c8c       0x10 CMakeFiles/SPO.dir/mnt/c/study/GRAD/249A/proj/EECS249-Smart-Pill-Organizer/pico-sdk/src/rp2_common/pico_bootrom/bootrom.c.obj
                0x0000000010005c8c                rom_func_lookup
 .text.rom_data_lookup
                0x0000000010005c9c       0x10 CMakeFiles/SPO.dir/mnt/c/study/GRAD/249A/proj/EECS249-Smart-Pill-Organizer/pico-sdk/src/rp2_common/pico_bootrom/bootrom.c.obj
                0x0000000010005c9c                rom_data_lookup
 .text.rom_funcs_lookup
                0x0000000010005cac       0x44 CMakeFiles/SPO.dir/mnt/c/study/GRAD/249A/proj/EECS249-Smart-Pill-Organizer/pico-sdk/src/rp2_common/pico_bootrom/bootrom.c.obj
                0x0000000010005cac                rom_funcs_lookup
 .text.__wrap___aeabi_idiv
                0x0000000010005cf0       0x50 CMakeFiles/SPO.dir/mnt/c/study/GRAD/249A/proj/EECS249-Smart-Pill-Organizer/pico-sdk/src/rp2_common/pico_divider/divider.S.obj
                0x0000000010005cf0                __wrap___aeabi_idivmod
                0x0000000010005cf0                divmod_s32s32
                0x0000000010005cf0                div_s32s32
                0x0000000010005cf0                __wrap___aeabi_idiv
                0x0000000010005cf8                divmod_s32s32_unsafe
                0x0000000010005d24                divmod_s32s32_savestate
 .text.__wrap___aeabi_uidiv
                0x0000000010005d40       0x4c CMakeFiles/SPO.dir/mnt/c/study/GRAD/249A/proj/EECS249-Smart-Pill-Organizer/pico-sdk/src/rp2_common/pico_divider/divider.S.obj
                0x0000000010005d40                __wrap___aeabi_uidiv
                0x0000000010005d40                __wrap___aeabi_uidivmod
                0x0000000010005d40                div_u32u32
                0x0000000010005d40                divmod_u32u32
                0x0000000010005d48                divmod_u32u32_unsafe
                0x0000000010005d70                divmod_u32u32_savestate
 .text.__wrap___aeabi_ldiv
                0x0000000010005d8c      0x434 CMakeFiles/SPO.dir/mnt/c/study/GRAD/249A/proj/EECS249-Smart-Pill-Organizer/pico-sdk/src/rp2_common/pico_divider/divider.S.obj
                0x0000000010005d8c                div_s64s64
                0x0000000010005d8c                divmod_s64s64
                0x0000000010005d8c                __wrap___aeabi_ldivmod
                0x0000000010005dc4                div_u64u64
                0x0000000010005dc4                divmod_u64u64
                0x0000000010005dc4                __wrap___aeabi_uldivmod
                0x0000000010005dd4                divmod_u64u64_savestate
                0x0000000010005dfc                divmod_s64s64_unsafe
                0x0000000010005e84                divmod_u64u64_unsafe
 .text.__wrap___aeabi_darithmetic
                0x00000000100061c0       0x80 CMakeFiles/SPO.dir/mnt/c/study/GRAD/249A/proj/EECS249-Smart-Pill-Organizer/pico-sdk/src/rp2_common/pico_double/double_aeabi.S.obj
                0x00000000100061c0                __wrap___aeabi_drsub
                0x00000000100061c6                __wrap___aeabi_dsub
                0x00000000100061d8                __wrap___aeabi_dadd
                0x00000000100061ea                __wrap___aeabi_ddiv
                0x0000000010006226                __wrap___aeabi_dmul
 .text.__wrap___aeabi_cdcmple
                0x0000000010006240       0x6c CMakeFiles/SPO.dir/mnt/c/study/GRAD/249A/proj/EECS249-Smart-Pill-Organizer/pico-sdk/src/rp2_common/pico_double/double_aeabi.S.obj
                0x0000000010006240                __wrap___aeabi_cdrcmple
                0x0000000010006250                __wrap___aeabi_cdcmple
                0x0000000010006250                __wrap___aeabi_cdcmpeq
 .text.__wrap___aeabi_dcmpeq
                0x00000000100062ac       0x10 CMakeFiles/SPO.dir/mnt/c/study/GRAD/249A/proj/EECS249-Smart-Pill-Organizer/pico-sdk/src/rp2_common/pico_double/double_aeabi.S.obj
                0x00000000100062ac                __wrap___aeabi_dcmpeq
 .text.__wrap___aeabi_dcmplt
                0x00000000100062bc        0xc CMakeFiles/SPO.dir/mnt/c/study/GRAD/249A/proj/EECS249-Smart-Pill-Organizer/pico-sdk/src/rp2_common/pico_double/double_aeabi.S.obj
                0x00000000100062bc                __wrap___aeabi_dcmplt
 .text.__wrap___aeabi_dcmple
                0x00000000100062c8       0x10 CMakeFiles/SPO.dir/mnt/c/study/GRAD/249A/proj/EECS249-Smart-Pill-Organizer/pico-sdk/src/rp2_common/pico_double/double_aeabi.S.obj
                0x00000000100062c8                __wrap___aeabi_dcmple
 .text.__wrap___aeabi_dcmpge
                0x00000000100062d8       0x10 CMakeFiles/SPO.dir/mnt/c/study/GRAD/249A/proj/EECS249-Smart-Pill-Organizer/pico-sdk/src/rp2_common/pico_double/double_aeabi.S.obj
                0x00000000100062d8                __wrap___aeabi_dcmpge
 .text.__wrap___aeabi_dcmpgt
                0x00000000100062e8        0xa CMakeFiles/SPO.dir/mnt/c/study/GRAD/249A/proj/EECS249-Smart-Pill-Organizer/pico-sdk/src/rp2_common/pico_double/double_aeabi.S.obj
                0x00000000100062e8                __wrap___aeabi_dcmpgt
 .text.__wrap___aeabi_dcmpun
                0x00000000100062f2       0x1c CMakeFiles/SPO.dir/mnt/c/study/GRAD/249A/proj/EECS249-Smart-Pill-Organizer/pico-sdk/src/rp2_common/pico_double/double_aeabi.S.obj
                0x00000000100062f2                __wrap___aeabi_dcmpun
 *fill*         0x000000001000630e        0x2 
 .text.__wrap___aeabi_i2d
                0x0000000010006310       0x38 CMakeFiles/SPO.dir/mnt/c/study/GRAD/249A/proj/EECS249-Smart-Pill-Organizer/pico-sdk/src/rp2_common/pico_double/double_aeabi.S.obj
                0x0000000010006310                __wrap___aeabi_ui2d
                0x0000000010006318                __wrap___aeabi_i2d
 .text.__wrap___aeabi_d2iz
                0x0000000010006348       0x48 CMakeFiles/SPO.dir/mnt/c/study/GRAD/249A/proj/EECS249-Smart-Pill-Organizer/pico-sdk/src/rp2_common/pico_double/double_aeabi.S.obj
                0x0000000010006348                __wrap___aeabi_d2iz
                0x0000000010006348                double2int_z
 .text.__wrap___aeabi_d2uiz
                0x0000000010006390       0x18 CMakeFiles/SPO.dir/mnt/c/study/GRAD/249A/proj/EECS249-Smart-Pill-Organizer/pico-sdk/src/rp2_common/pico_double/double_aeabi.S.obj
                0x0000000010006390                double2uint
                0x0000000010006390                __wrap___aeabi_d2uiz
 .text.__aeabi_double_init
                0x00000000100063a8       0x60 CMakeFiles/SPO.dir/mnt/c/study/GRAD/249A/proj/EECS249-Smart-Pill-Organizer/pico-sdk/src/rp2_common/pico_double/double_init_rom.c.obj
                0x00000000100063a8                __aeabi_double_init
 .text.double_table_shim_on_use_helper
                0x0000000010006408       0x2c CMakeFiles/SPO.dir/mnt/c/study/GRAD/249A/proj/EECS249-Smart-Pill-Organizer/pico-sdk/src/rp2_common/pico_double/double_v1_rom_shim.S.obj
                0x0000000010006408                double_table_shim_on_use_helper
 .text.__wrap___aeabi_dsub
                0x0000000010006434       0x10 CMakeFiles/SPO.dir/mnt/c/study/GRAD/249A/proj/EECS249-Smart-Pill-Organizer/pico-sdk/src/rp2_common/pico_double/double_v1_rom_shim.S.obj
                0x0000000010006434                drsub_shim
                0x000000001000643a                dsub_shim
 .text.dadd_shim
                0x0000000010006444      0x15c CMakeFiles/SPO.dir/mnt/c/study/GRAD/249A/proj/EECS249-Smart-Pill-Organizer/pico-sdk/src/rp2_common/pico_double/double_v1_rom_shim.S.obj
                0x0000000010006444                dadd_shim
 .text.dmul_shim
                0x00000000100065a0      0x15c CMakeFiles/SPO.dir/mnt/c/study/GRAD/249A/proj/EECS249-Smart-Pill-Organizer/pico-sdk/src/rp2_common/pico_double/double_v1_rom_shim.S.obj
                0x00000000100065a0                dmul_shim
 .text.ddiv_shim
                0x00000000100066fc      0x1b0 CMakeFiles/SPO.dir/mnt/c/study/GRAD/249A/proj/EECS249-Smart-Pill-Organizer/pico-sdk/src/rp2_common/pico_double/double_v1_rom_shim.S.obj
                0x00000000100066fc                ddiv_shim
 .text.double2uint_shim
                0x00000000100068ac        0xe CMakeFiles/SPO.dir/mnt/c/study/GRAD/249A/proj/EECS249-Smart-Pill-Organizer/pico-sdk/src/rp2_common/pico_double/double_v1_rom_shim.S.obj
                0x00000000100068ac                double2uint_shim
                0x00000000100068ae                double2ufix_shim
 *fill*         0x00000000100068ba        0x2 
 .text.double2uint64_shim
                0x00000000100068bc       0x70 CMakeFiles/SPO.dir/mnt/c/study/GRAD/249A/proj/EECS249-Smart-Pill-Organizer/pico-sdk/src/rp2_common/pico_double/double_v1_rom_shim.S.obj
                0x00000000100068bc                double2uint64_shim
                0x00000000100068be                double2ufix64_shim
                0x00000000100068de                d2fix_a
 .text.dunpacks
                0x000000001000692c       0x3c CMakeFiles/SPO.dir/mnt/c/study/GRAD/249A/proj/EECS249-Smart-Pill-Organizer/pico-sdk/src/rp2_common/pico_double/double_v1_rom_shim.S.obj
                0x000000001000692c                dunpacks
 .text.__aeabi_lmul
                0x0000000010006968       0x32 CMakeFiles/SPO.dir/mnt/c/study/GRAD/249A/proj/EECS249-Smart-Pill-Organizer/pico-sdk/src/rp2_common/pico_int64_ops/pico_int64_ops_aeabi.S.obj
                0x0000000010006968                __wrap___aeabi_lmul
 *fill*         0x000000001000699a        0x2 
 .text.__aeabi_float_init
                0x000000001000699c       0x68 CMakeFiles/SPO.dir/mnt/c/study/GRAD/249A/proj/EECS249-Smart-Pill-Organizer/pico-sdk/src/rp2_common/pico_float/float_init_rom.c.obj
                0x000000001000699c                __aeabi_float_init
 .text.float_table_shim_on_use_helper
                0x0000000010006a04       0x2c CMakeFiles/SPO.dir/mnt/c/study/GRAD/249A/proj/EECS249-Smart-Pill-Organizer/pico-sdk/src/rp2_common/pico_float/float_v1_rom_shim.S.obj
                0x0000000010006a04                float_table_shim_on_use_helper
 .text.__wrap_malloc
                0x0000000010006a30       0x24 CMakeFiles/SPO.dir/mnt/c/study/GRAD/249A/proj/EECS249-Smart-Pill-Organizer/pico-sdk/src/rp2_common/pico_malloc/pico_malloc.c.obj
                0x0000000010006a30                __wrap_malloc
 .text.__wrap_calloc
                0x0000000010006a54       0x24 CMakeFiles/SPO.dir/mnt/c/study/GRAD/249A/proj/EECS249-Smart-Pill-Organizer/pico-sdk/src/rp2_common/pico_malloc/pico_malloc.c.obj
                0x0000000010006a54                __wrap_calloc
 .text.__wrap_free
                0x0000000010006a78        0x8 CMakeFiles/SPO.dir/mnt/c/study/GRAD/249A/proj/EECS249-Smart-Pill-Organizer/pico-sdk/src/rp2_common/pico_malloc/pico_malloc.c.obj
                0x0000000010006a78                __wrap_free
 .text          0x0000000010006a80       0x10 CMakeFiles/SPO.dir/mnt/c/study/GRAD/249A/proj/EECS249-Smart-Pill-Organizer/pico-sdk/src/rp2_common/pico_mem_ops/mem_ops_aeabi.S.obj
                0x0000000010006a80                __aeabi_mem_init
 .text.memset   0x0000000010006a90        0xc CMakeFiles/SPO.dir/mnt/c/study/GRAD/249A/proj/EECS249-Smart-Pill-Organizer/pico-sdk/src/rp2_common/pico_mem_ops/mem_ops_aeabi.S.obj
                0x0000000010006a90                __wrap_memset
 .text.memcpy   0x0000000010006a9c        0xc CMakeFiles/SPO.dir/mnt/c/study/GRAD/249A/proj/EECS249-Smart-Pill-Organizer/pico-sdk/src/rp2_common/pico_mem_ops/mem_ops_aeabi.S.obj
                0x0000000010006a9c                __wrap___aeabi_memcpy
                0x0000000010006a9c                __wrap_memcpy
 .text.stdio_out_chars_crlf
                0x0000000010006aa8       0xbc CMakeFiles/SPO.dir/mnt/c/study/GRAD/249A/proj/EECS249-Smart-Pill-Organizer/pico-sdk/src/rp2_common/pico_stdio/stdio.c.obj
 .text.stdio_buffered_printer
                0x0000000010006b64       0x64 CMakeFiles/SPO.dir/mnt/c/study/GRAD/249A/proj/EECS249-Smart-Pill-Organizer/pico-sdk/src/rp2_common/pico_stdio/stdio.c.obj
 .text.__wrap_puts
                0x0000000010006bc8       0xdc CMakeFiles/SPO.dir/mnt/c/study/GRAD/249A/proj/EECS249-Smart-Pill-Organizer/pico-sdk/src/rp2_common/pico_stdio/stdio.c.obj
                0x0000000010006bc8                __wrap_puts
 .text._read    0x0000000010006ca4       0x8c CMakeFiles/SPO.dir/mnt/c/study/GRAD/249A/proj/EECS249-Smart-Pill-Organizer/pico-sdk/src/rp2_common/pico_stdio/stdio.c.obj
                0x0000000010006ca4                _read
 .text._write   0x0000000010006d30       0xa8 CMakeFiles/SPO.dir/mnt/c/study/GRAD/249A/proj/EECS249-Smart-Pill-Organizer/pico-sdk/src/rp2_common/pico_stdio/stdio.c.obj
                0x0000000010006d30                _write
 .text.stdio_set_driver_enabled
                0x0000000010006dd8       0x3c CMakeFiles/SPO.dir/mnt/c/study/GRAD/249A/proj/EECS249-Smart-Pill-Organizer/pico-sdk/src/rp2_common/pico_stdio/stdio.c.obj
                0x0000000010006dd8                stdio_set_driver_enabled
 .text.__wrap_vprintf
                0x0000000010006e14       0xd0 CMakeFiles/SPO.dir/mnt/c/study/GRAD/249A/proj/EECS249-Smart-Pill-Organizer/pico-sdk/src/rp2_common/pico_stdio/stdio.c.obj
                0x0000000010006e14                __wrap_vprintf
 .text.__wrap_printf
                0x0000000010006ee4       0x18 CMakeFiles/SPO.dir/mnt/c/study/GRAD/249A/proj/EECS249-Smart-Pill-Organizer/pico-sdk/src/rp2_common/pico_stdio/stdio.c.obj
                0x0000000010006ee4                __wrap_printf
 .text.stdio_init_all
                0x0000000010006efc        0x8 CMakeFiles/SPO.dir/mnt/c/study/GRAD/249A/proj/EECS249-Smart-Pill-Organizer/pico-sdk/src/rp2_common/pico_stdio/stdio.c.obj
                0x0000000010006efc                stdio_init_all
 .text.resetd_init
                0x0000000010006f04        0x4 CMakeFiles/SPO.dir/mnt/c/study/GRAD/249A/proj/EECS249-Smart-Pill-Organizer/pico-sdk/src/rp2_common/pico_stdio_usb/reset_interface.c.obj
 .text.resetd_reset
                0x0000000010006f08        0xc CMakeFiles/SPO.dir/mnt/c/study/GRAD/249A/proj/EECS249-Smart-Pill-Organizer/pico-sdk/src/rp2_common/pico_stdio_usb/reset_interface.c.obj
 .text.resetd_xfer_cb
                0x0000000010006f14        0x4 CMakeFiles/SPO.dir/mnt/c/study/GRAD/249A/proj/EECS249-Smart-Pill-Organizer/pico-sdk/src/rp2_common/pico_stdio_usb/reset_interface.c.obj
 .text.resetd_open
                0x0000000010006f18       0x28 CMakeFiles/SPO.dir/mnt/c/study/GRAD/249A/proj/EECS249-Smart-Pill-Organizer/pico-sdk/src/rp2_common/pico_stdio_usb/reset_interface.c.obj
 .text.resetd_control_xfer_cb
                0x0000000010006f40       0x64 CMakeFiles/SPO.dir/mnt/c/study/GRAD/249A/proj/EECS249-Smart-Pill-Organizer/pico-sdk/src/rp2_common/pico_stdio_usb/reset_interface.c.obj
 .text.usbd_app_driver_get_cb
                0x0000000010006fa4        0xc CMakeFiles/SPO.dir/mnt/c/study/GRAD/249A/proj/EECS249-Smart-Pill-Organizer/pico-sdk/src/rp2_common/pico_stdio_usb/reset_interface.c.obj
                0x0000000010006fa4                usbd_app_driver_get_cb
 .text.tud_cdc_line_coding_cb
                0x0000000010006fb0       0x34 CMakeFiles/SPO.dir/mnt/c/study/GRAD/249A/proj/EECS249-Smart-Pill-Organizer/pico-sdk/src/rp2_common/pico_stdio_usb/reset_interface.c.obj
                0x0000000010006fb0                tud_cdc_line_coding_cb
 .text.stdio_usb_in_chars
                0x0000000010006fe4       0x68 CMakeFiles/SPO.dir/mnt/c/study/GRAD/249A/proj/EECS249-Smart-Pill-Organizer/pico-sdk/src/rp2_common/pico_stdio_usb/stdio_usb.c.obj
                0x0000000010006fe4                stdio_usb_in_chars
 .text.timer_task
                0x000000001000704c       0x10 CMakeFiles/SPO.dir/mnt/c/study/GRAD/249A/proj/EECS249-Smart-Pill-Organizer/pico-sdk/src/rp2_common/pico_stdio_usb/stdio_usb.c.obj
 .text.low_priority_worker_irq
                0x000000001000705c       0x20 CMakeFiles/SPO.dir/mnt/c/study/GRAD/249A/proj/EECS249-Smart-Pill-Organizer/pico-sdk/src/rp2_common/pico_stdio_usb/stdio_usb.c.obj
 .text.stdio_usb_out_chars
                0x000000001000707c       0xf0 CMakeFiles/SPO.dir/mnt/c/study/GRAD/249A/proj/EECS249-Smart-Pill-Organizer/pico-sdk/src/rp2_common/pico_stdio_usb/stdio_usb.c.obj
 .text.stdio_usb_init
                0x000000001000716c       0x8c CMakeFiles/SPO.dir/mnt/c/study/GRAD/249A/proj/EECS249-Smart-Pill-Organizer/pico-sdk/src/rp2_common/pico_stdio_usb/stdio_usb.c.obj
                0x000000001000716c                stdio_usb_init
 .text.tud_descriptor_device_cb
                0x00000000100071f8        0x8 CMakeFiles/SPO.dir/mnt/c/study/GRAD/249A/proj/EECS249-Smart-Pill-Organizer/pico-sdk/src/rp2_common/pico_stdio_usb/stdio_usb_descriptors.c.obj
                0x00000000100071f8                tud_descriptor_device_cb
 .text.tud_descriptor_configuration_cb
                0x0000000010007200        0x8 CMakeFiles/SPO.dir/mnt/c/study/GRAD/249A/proj/EECS249-Smart-Pill-Organizer/pico-sdk/src/rp2_common/pico_stdio_usb/stdio_usb_descriptors.c.obj
                0x0000000010007200                tud_descriptor_configuration_cb
 .text.tud_descriptor_string_cb
                0x0000000010007208       0x70 CMakeFiles/SPO.dir/mnt/c/study/GRAD/249A/proj/EECS249-Smart-Pill-Organizer/pico-sdk/src/rp2_common/pico_stdio_usb/stdio_usb_descriptors.c.obj
                0x0000000010007208                tud_descriptor_string_cb
 .text.dcd_rp2040_irq
                0x0000000010007278      0x234 CMakeFiles/SPO.dir/mnt/c/study/GRAD/249A/proj/EECS249-Smart-Pill-Organizer/pico-sdk/lib/tinyusb/src/portable/raspberrypi/rp2040/dcd_rp2040.c.obj
 .text.dcd_int_enable
                0x00000000100074ac        0xc CMakeFiles/SPO.dir/mnt/c/study/GRAD/249A/proj/EECS249-Smart-Pill-Organizer/pico-sdk/lib/tinyusb/src/portable/raspberrypi/rp2040/dcd_rp2040.c.obj
                0x00000000100074ac                dcd_int_enable
 .text.dcd_set_address
                0x00000000100074b8       0x14 CMakeFiles/SPO.dir/mnt/c/study/GRAD/249A/proj/EECS249-Smart-Pill-Organizer/pico-sdk/lib/tinyusb/src/portable/raspberrypi/rp2040/dcd_rp2040.c.obj
                0x00000000100074b8                dcd_set_address
 .text.dcd_connect
                0x00000000100074cc       0x10 CMakeFiles/SPO.dir/mnt/c/study/GRAD/249A/proj/EECS249-Smart-Pill-Organizer/pico-sdk/lib/tinyusb/src/portable/raspberrypi/rp2040/dcd_rp2040.c.obj
                0x00000000100074cc                dcd_connect
 .text.dcd_init
                0x00000000100074dc      0x148 CMakeFiles/SPO.dir/mnt/c/study/GRAD/249A/proj/EECS249-Smart-Pill-Organizer/pico-sdk/lib/tinyusb/src/portable/raspberrypi/rp2040/dcd_rp2040.c.obj
                0x00000000100074dc                dcd_init
 .text.dcd_edpt0_status_complete
                0x0000000010007624       0x1c CMakeFiles/SPO.dir/mnt/c/study/GRAD/249A/proj/EECS249-Smart-Pill-Organizer/pico-sdk/lib/tinyusb/src/portable/raspberrypi/rp2040/dcd_rp2040.c.obj
                0x0000000010007624                dcd_edpt0_status_complete
 .text.dcd_edpt_open
                0x0000000010007640      0x10c CMakeFiles/SPO.dir/mnt/c/study/GRAD/249A/proj/EECS249-Smart-Pill-Organizer/pico-sdk/lib/tinyusb/src/portable/raspberrypi/rp2040/dcd_rp2040.c.obj
                0x0000000010007640                dcd_edpt_open
 .text.dcd_edpt_close_all
                0x000000001000774c       0xbc CMakeFiles/SPO.dir/mnt/c/study/GRAD/249A/proj/EECS249-Smart-Pill-Organizer/pico-sdk/lib/tinyusb/src/portable/raspberrypi/rp2040/dcd_rp2040.c.obj
                0x000000001000774c                dcd_edpt_close_all
 .text.dcd_edpt_xfer
                0x0000000010007808       0x24 CMakeFiles/SPO.dir/mnt/c/study/GRAD/249A/proj/EECS249-Smart-Pill-Organizer/pico-sdk/lib/tinyusb/src/portable/raspberrypi/rp2040/dcd_rp2040.c.obj
                0x0000000010007808                dcd_edpt_xfer
 .text.dcd_edpt_stall
                0x000000001000782c       0x38 CMakeFiles/SPO.dir/mnt/c/study/GRAD/249A/proj/EECS249-Smart-Pill-Organizer/pico-sdk/lib/tinyusb/src/portable/raspberrypi/rp2040/dcd_rp2040.c.obj
                0x000000001000782c                dcd_edpt_stall
 .text.dcd_edpt_clear_stall
                0x0000000010007864       0x2c CMakeFiles/SPO.dir/mnt/c/study/GRAD/249A/proj/EECS249-Smart-Pill-Organizer/pico-sdk/lib/tinyusb/src/portable/raspberrypi/rp2040/dcd_rp2040.c.obj
                0x0000000010007864                dcd_edpt_clear_stall
 .text.rp2040_usb_init
                0x0000000010007890       0x4c CMakeFiles/SPO.dir/mnt/c/study/GRAD/249A/proj/EECS249-Smart-Pill-Organizer/pico-sdk/lib/tinyusb/src/portable/raspberrypi/rp2040/rp2040_usb.c.obj
                0x0000000010007890                rp2040_usb_init
 .text.hw_endpoint_reset_transfer
                0x00000000100078dc        0xc CMakeFiles/SPO.dir/mnt/c/study/GRAD/249A/proj/EECS249-Smart-Pill-Organizer/pico-sdk/lib/tinyusb/src/portable/raspberrypi/rp2040/rp2040_usb.c.obj
                0x00000000100078dc                hw_endpoint_reset_transfer
 .text._hw_endpoint_buffer_control_update32
                0x00000000100078e8       0x58 CMakeFiles/SPO.dir/mnt/c/study/GRAD/249A/proj/EECS249-Smart-Pill-Organizer/pico-sdk/lib/tinyusb/src/portable/raspberrypi/rp2040/rp2040_usb.c.obj
                0x00000000100078e8                _hw_endpoint_buffer_control_update32
 .text.hw_endpoint_xfer_start
                0x0000000010007940      0x154 CMakeFiles/SPO.dir/mnt/c/study/GRAD/249A/proj/EECS249-Smart-Pill-Organizer/pico-sdk/lib/tinyusb/src/portable/raspberrypi/rp2040/rp2040_usb.c.obj
                0x0000000010007940                hw_endpoint_xfer_start
 .text.hw_endpoint_xfer_continue
                0x0000000010007a94      0x1f8 CMakeFiles/SPO.dir/mnt/c/study/GRAD/249A/proj/EECS249-Smart-Pill-Organizer/pico-sdk/lib/tinyusb/src/portable/raspberrypi/rp2040/rp2040_usb.c.obj
                0x0000000010007a94                hw_endpoint_xfer_continue
 .text.tud_mounted
                0x0000000010007c8c       0x10 CMakeFiles/SPO.dir/mnt/c/study/GRAD/249A/proj/EECS249-Smart-Pill-Organizer/pico-sdk/lib/tinyusb/src/device/usbd.c.obj
                0x0000000010007c8c                tud_mounted
 .text.tud_suspended
                0x0000000010007c9c       0x10 CMakeFiles/SPO.dir/mnt/c/study/GRAD/249A/proj/EECS249-Smart-Pill-Organizer/pico-sdk/lib/tinyusb/src/device/usbd.c.obj
                0x0000000010007c9c                tud_suspended
 .text.tud_inited
                0x0000000010007cac        0xc CMakeFiles/SPO.dir/mnt/c/study/GRAD/249A/proj/EECS249-Smart-Pill-Organizer/pico-sdk/lib/tinyusb/src/device/usbd.c.obj
                0x0000000010007cac                tud_inited
 .text.tud_init
                0x0000000010007cb8       0xd8 CMakeFiles/SPO.dir/mnt/c/study/GRAD/249A/proj/EECS249-Smart-Pill-Organizer/pico-sdk/lib/tinyusb/src/device/usbd.c.obj
                0x0000000010007cb8                tud_init
 .text.tud_task
                0x0000000010007d90      0x950 CMakeFiles/SPO.dir/mnt/c/study/GRAD/249A/proj/EECS249-Smart-Pill-Organizer/pico-sdk/lib/tinyusb/src/device/usbd.c.obj
                0x0000000010007d90                tud_task
 .text.dcd_event_bus_signal
                0x00000000100086e0      0x120 CMakeFiles/SPO.dir/mnt/c/study/GRAD/249A/proj/EECS249-Smart-Pill-Organizer/pico-sdk/lib/tinyusb/src/device/usbd.c.obj
                0x00000000100086e0                dcd_event_bus_signal
 .text.dcd_event_bus_reset
                0x0000000010008800       0x54 CMakeFiles/SPO.dir/mnt/c/study/GRAD/249A/proj/EECS249-Smart-Pill-Organizer/pico-sdk/lib/tinyusb/src/device/usbd.c.obj
                0x0000000010008800                dcd_event_bus_reset
 .text.dcd_event_setup_received
                0x0000000010008854       0x5c CMakeFiles/SPO.dir/mnt/c/study/GRAD/249A/proj/EECS249-Smart-Pill-Organizer/pico-sdk/lib/tinyusb/src/device/usbd.c.obj
                0x0000000010008854                dcd_event_setup_received
 .text.dcd_event_xfer_complete
                0x00000000100088b0       0x68 CMakeFiles/SPO.dir/mnt/c/study/GRAD/249A/proj/EECS249-Smart-Pill-Organizer/pico-sdk/lib/tinyusb/src/device/usbd.c.obj
                0x00000000100088b0                dcd_event_xfer_complete
 .text.usbd_open_edpt_pair
                0x0000000010008918       0xb0 CMakeFiles/SPO.dir/mnt/c/study/GRAD/249A/proj/EECS249-Smart-Pill-Organizer/pico-sdk/lib/tinyusb/src/device/usbd.c.obj
                0x0000000010008918                usbd_open_edpt_pair
 .text.usbd_edpt_open
                0x00000000100089c8       0x30 CMakeFiles/SPO.dir/mnt/c/study/GRAD/249A/proj/EECS249-Smart-Pill-Organizer/pico-sdk/lib/tinyusb/src/device/usbd.c.obj
                0x00000000100089c8                usbd_edpt_open
 .text.usbd_edpt_claim
                0x00000000100089f8       0x5c CMakeFiles/SPO.dir/mnt/c/study/GRAD/249A/proj/EECS249-Smart-Pill-Organizer/pico-sdk/lib/tinyusb/src/device/usbd.c.obj
                0x00000000100089f8                usbd_edpt_claim
 .text.usbd_edpt_release
                0x0000000010008a54       0x4c CMakeFiles/SPO.dir/mnt/c/study/GRAD/249A/proj/EECS249-Smart-Pill-Organizer/pico-sdk/lib/tinyusb/src/device/usbd.c.obj
                0x0000000010008a54                usbd_edpt_release
 .text.usbd_edpt_xfer
                0x0000000010008aa0       0x48 CMakeFiles/SPO.dir/mnt/c/study/GRAD/249A/proj/EECS249-Smart-Pill-Organizer/pico-sdk/lib/tinyusb/src/device/usbd.c.obj
                0x0000000010008aa0                usbd_edpt_xfer
 .text.tud_control_status
                0x0000000010008ae8       0x30 CMakeFiles/SPO.dir/mnt/c/study/GRAD/249A/proj/EECS249-Smart-Pill-Organizer/pico-sdk/lib/tinyusb/src/device/usbd_control.c.obj
                0x0000000010008ae8                tud_control_status
 .text.tud_control_xfer
                0x0000000010008b18       0xac CMakeFiles/SPO.dir/mnt/c/study/GRAD/249A/proj/EECS249-Smart-Pill-Organizer/pico-sdk/lib/tinyusb/src/device/usbd_control.c.obj
                0x0000000010008b18                tud_control_xfer
 .text.usbd_control_reset
                0x0000000010008bc4       0x14 CMakeFiles/SPO.dir/mnt/c/study/GRAD/249A/proj/EECS249-Smart-Pill-Organizer/pico-sdk/lib/tinyusb/src/device/usbd_control.c.obj
                0x0000000010008bc4                usbd_control_reset
 .text.usbd_control_set_complete_callback
                0x0000000010008bd8        0xc CMakeFiles/SPO.dir/mnt/c/study/GRAD/249A/proj/EECS249-Smart-Pill-Organizer/pico-sdk/lib/tinyusb/src/device/usbd_control.c.obj
                0x0000000010008bd8                usbd_control_set_complete_callback
 .text.usbd_control_set_request
                0x0000000010008be4       0x1c CMakeFiles/SPO.dir/mnt/c/study/GRAD/249A/proj/EECS249-Smart-Pill-Organizer/pico-sdk/lib/tinyusb/src/device/usbd_control.c.obj
                0x0000000010008be4                usbd_control_set_request
 .text.usbd_control_xfer_cb
                0x0000000010008c00       0xf8 CMakeFiles/SPO.dir/mnt/c/study/GRAD/249A/proj/EECS249-Smart-Pill-Organizer/pico-sdk/lib/tinyusb/src/device/usbd_control.c.obj
                0x0000000010008c00                usbd_control_xfer_cb
 .text.tud_cdc_n_connected
                0x0000000010008cf8       0x30 CMakeFiles/SPO.dir/mnt/c/study/GRAD/249A/proj/EECS249-Smart-Pill-Organizer/pico-sdk/lib/tinyusb/src/class/cdc/cdc_device.c.obj
                0x0000000010008cf8                tud_cdc_n_connected
 .text.tud_cdc_n_available
                0x0000000010008d28       0x1c CMakeFiles/SPO.dir/mnt/c/study/GRAD/249A/proj/EECS249-Smart-Pill-Organizer/pico-sdk/lib/tinyusb/src/class/cdc/cdc_device.c.obj
                0x0000000010008d28                tud_cdc_n_available
 .text.tud_cdc_n_read
                0x0000000010008d44       0x70 CMakeFiles/SPO.dir/mnt/c/study/GRAD/249A/proj/EECS249-Smart-Pill-Organizer/pico-sdk/lib/tinyusb/src/class/cdc/cdc_device.c.obj
                0x0000000010008d44                tud_cdc_n_read
 .text.tud_cdc_n_write
                0x0000000010008db4       0x90 CMakeFiles/SPO.dir/mnt/c/study/GRAD/249A/proj/EECS249-Smart-Pill-Organizer/pico-sdk/lib/tinyusb/src/class/cdc/cdc_device.c.obj
                0x0000000010008db4                tud_cdc_n_write
 .text.tud_cdc_n_write_flush
                0x0000000010008e44       0x78 CMakeFiles/SPO.dir/mnt/c/study/GRAD/249A/proj/EECS249-Smart-Pill-Organizer/pico-sdk/lib/tinyusb/src/class/cdc/cdc_device.c.obj
                0x0000000010008e44                tud_cdc_n_write_flush
 .text.tud_cdc_n_write_available
                0x0000000010008ebc       0x1c CMakeFiles/SPO.dir/mnt/c/study/GRAD/249A/proj/EECS249-Smart-Pill-Organizer/pico-sdk/lib/tinyusb/src/class/cdc/cdc_device.c.obj
                0x0000000010008ebc                tud_cdc_n_write_available
 .text.cdcd_init
                0x0000000010008ed8       0x7c CMakeFiles/SPO.dir/mnt/c/study/GRAD/249A/proj/EECS249-Smart-Pill-Organizer/pico-sdk/lib/tinyusb/src/class/cdc/cdc_device.c.obj
                0x0000000010008ed8                cdcd_init
 .text.cdcd_reset
                0x0000000010008f54       0x2c CMakeFiles/SPO.dir/mnt/c/study/GRAD/249A/proj/EECS249-Smart-Pill-Organizer/pico-sdk/lib/tinyusb/src/class/cdc/cdc_device.c.obj
                0x0000000010008f54                cdcd_reset
 .text.cdcd_open
                0x0000000010008f80       0xe8 CMakeFiles/SPO.dir/mnt/c/study/GRAD/249A/proj/EECS249-Smart-Pill-Organizer/pico-sdk/lib/tinyusb/src/class/cdc/cdc_device.c.obj
                0x0000000010008f80                cdcd_open
 .text.cdcd_control_xfer_cb
                0x0000000010009068       0xe0 CMakeFiles/SPO.dir/mnt/c/study/GRAD/249A/proj/EECS249-Smart-Pill-Organizer/pico-sdk/lib/tinyusb/src/class/cdc/cdc_device.c.obj
                0x0000000010009068                cdcd_control_xfer_cb
 .text.cdcd_xfer_cb
                0x0000000010009148      0x194 CMakeFiles/SPO.dir/mnt/c/study/GRAD/249A/proj/EECS249-Smart-Pill-Organizer/pico-sdk/lib/tinyusb/src/class/cdc/cdc_device.c.obj
                0x0000000010009148                cdcd_xfer_cb
 .text.tusb_init
                0x00000000100092dc        0xc CMakeFiles/SPO.dir/mnt/c/study/GRAD/249A/proj/EECS249-Smart-Pill-Organizer/pico-sdk/lib/tinyusb/src/tusb.c.obj
                0x00000000100092dc                tusb_init
 .text.tusb_inited
                0x00000000100092e8        0x8 CMakeFiles/SPO.dir/mnt/c/study/GRAD/249A/proj/EECS249-Smart-Pill-Organizer/pico-sdk/lib/tinyusb/src/tusb.c.obj
                0x00000000100092e8                tusb_inited
 .text.tu_edpt_validate
                0x00000000100092f0       0x74 CMakeFiles/SPO.dir/mnt/c/study/GRAD/249A/proj/EECS249-Smart-Pill-Organizer/pico-sdk/lib/tinyusb/src/tusb.c.obj
                0x00000000100092f0                tu_edpt_validate
 .text.tu_edpt_bind_driver
                0x0000000010009364       0x3c CMakeFiles/SPO.dir/mnt/c/study/GRAD/249A/proj/EECS249-Smart-Pill-Organizer/pico-sdk/lib/tinyusb/src/tusb.c.obj
                0x0000000010009364                tu_edpt_bind_driver
 .text.tu_fifo_config
                0x00000000100093a0       0x78 CMakeFiles/SPO.dir/mnt/c/study/GRAD/249A/proj/EECS249-Smart-Pill-Organizer/pico-sdk/lib/tinyusb/src/common/tusb_fifo.c.obj
                0x00000000100093a0                tu_fifo_config
 .text.tu_fifo_count
                0x0000000010009418       0x24 CMakeFiles/SPO.dir/mnt/c/study/GRAD/249A/proj/EECS249-Smart-Pill-Organizer/pico-sdk/lib/tinyusb/src/common/tusb_fifo.c.obj
                0x0000000010009418                tu_fifo_count
 .text.tu_fifo_empty
                0x000000001000943c       0x10 CMakeFiles/SPO.dir/mnt/c/study/GRAD/249A/proj/EECS249-Smart-Pill-Organizer/pico-sdk/lib/tinyusb/src/common/tusb_fifo.c.obj
                0x000000001000943c                tu_fifo_empty
 .text.tu_fifo_remaining
                0x000000001000944c       0x20 CMakeFiles/SPO.dir/mnt/c/study/GRAD/249A/proj/EECS249-Smart-Pill-Organizer/pico-sdk/lib/tinyusb/src/common/tusb_fifo.c.obj
                0x000000001000944c                tu_fifo_remaining
 .text.tu_fifo_read
                0x000000001000946c       0x9c CMakeFiles/SPO.dir/mnt/c/study/GRAD/249A/proj/EECS249-Smart-Pill-Organizer/pico-sdk/lib/tinyusb/src/common/tusb_fifo.c.obj
                0x000000001000946c                tu_fifo_read
 .text.tu_fifo_read_n
                0x0000000010009508       0xfc CMakeFiles/SPO.dir/mnt/c/study/GRAD/249A/proj/EECS249-Smart-Pill-Organizer/pico-sdk/lib/tinyusb/src/common/tusb_fifo.c.obj
                0x0000000010009508                tu_fifo_read_n
 .text.tu_fifo_write
                0x0000000010009604       0x88 CMakeFiles/SPO.dir/mnt/c/study/GRAD/249A/proj/EECS249-Smart-Pill-Organizer/pico-sdk/lib/tinyusb/src/common/tusb_fifo.c.obj
                0x0000000010009604                tu_fifo_write
 .text.tu_fifo_write_n
                0x000000001000968c       0xec CMakeFiles/SPO.dir/mnt/c/study/GRAD/249A/proj/EECS249-Smart-Pill-Organizer/pico-sdk/lib/tinyusb/src/common/tusb_fifo.c.obj
                0x000000001000968c                tu_fifo_write_n
 .text.tu_fifo_clear
                0x0000000010009778       0x4c CMakeFiles/SPO.dir/mnt/c/study/GRAD/249A/proj/EECS249-Smart-Pill-Organizer/pico-sdk/lib/tinyusb/src/common/tusb_fifo.c.obj
                0x0000000010009778                tu_fifo_clear
 .text.tu_fifo_set_overwritable
                0x00000000100097c4       0x3c CMakeFiles/SPO.dir/mnt/c/study/GRAD/249A/proj/EECS249-Smart-Pill-Organizer/pico-sdk/lib/tinyusb/src/common/tusb_fifo.c.obj
                0x00000000100097c4                tu_fifo_set_overwritable
 .text.startup._retrieve_unique_id_on_boot
                0x0000000010009800       0x10 CMakeFiles/SPO.dir/mnt/c/study/GRAD/249A/proj/EECS249-Smart-Pill-Organizer/pico-sdk/src/rp2_common/pico_unique_id/unique_id.c.obj
 .text.pico_get_unique_board_id_string
                0x0000000010009810      0x1c0 CMakeFiles/SPO.dir/mnt/c/study/GRAD/249A/proj/EECS249-Smart-Pill-Organizer/pico-sdk/src/rp2_common/pico_unique_id/unique_id.c.obj
                0x0000000010009810                pico_get_unique_board_id_string
 .text.flash_get_unique_id
                0x00000000100099d0       0x3c CMakeFiles/SPO.dir/mnt/c/study/GRAD/249A/proj/EECS249-Smart-Pill-Organizer/pico-sdk/src/rp2_common/hardware_flash/flash.c.obj
                0x00000000100099d0                flash_get_unique_id
 .text          0x0000000010009a0c       0x10 /usr/lib/gcc/arm-none-eabi/6.3.1/../../../arm-none-eabi/lib/thumb/v6-m/libc.a(lib_a-atexit.o)
                0x0000000010009a0c                atexit
 .text          0x0000000010009a1c       0x18 /usr/lib/gcc/arm-none-eabi/6.3.1/../../../arm-none-eabi/lib/thumb/v6-m/libc.a(lib_a-atoi.o)
                0x0000000010009a1c                atoi
                0x0000000010009a28                _atoi_r
 .text          0x0000000010009a34       0x18 /usr/lib/gcc/arm-none-eabi/6.3.1/../../../arm-none-eabi/lib/thumb/v6-m/libc.a(lib_a-atoll.o)
                0x0000000010009a34                atoll
                0x0000000010009a40                _atoll_r
 .text          0x0000000010009a4c       0x18 /usr/lib/gcc/arm-none-eabi/6.3.1/../../../arm-none-eabi/lib/thumb/v6-m/libc.a(lib_a-calloc.o)
                0x0000000010009a4c                calloc
 .text          0x0000000010009a64       0x58 /usr/lib/gcc/arm-none-eabi/6.3.1/../../../arm-none-eabi/lib/thumb/v6-m/libc.a(lib_a-callocr.o)
                0x0000000010009a64                _calloc_r
 .text          0x0000000010009abc        0xc /usr/lib/gcc/arm-none-eabi/6.3.1/../../../arm-none-eabi/lib/thumb/v6-m/libc.a(lib_a-ctime.o)
                0x0000000010009abc                ctime
 .text          0x0000000010009ac8       0x14 /usr/lib/gcc/arm-none-eabi/6.3.1/../../../arm-none-eabi/lib/thumb/v6-m/libc.a(lib_a-lcltime.o)
                0x0000000010009ac8                localtime
 .text          0x0000000010009adc      0x214 /usr/lib/gcc/arm-none-eabi/6.3.1/../../../arm-none-eabi/lib/thumb/v6-m/libc.a(lib_a-lcltime_r.o)
                0x0000000010009adc                localtime_r
 .text          0x0000000010009cf0       0x28 /usr/lib/gcc/arm-none-eabi/6.3.1/../../../arm-none-eabi/lib/thumb/v6-m/libc.a(lib_a-malloc.o)
                0x0000000010009cf0                malloc
                0x0000000010009d04                free
 .text          0x0000000010009d18      0x558 /usr/lib/gcc/arm-none-eabi/6.3.1/../../../arm-none-eabi/lib/thumb/v6-m/libc.a(lib_a-mallocr.o)
                0x0000000010009d18                _malloc_r
 .text          0x000000001000a270        0x8 /usr/lib/gcc/arm-none-eabi/6.3.1/../../../arm-none-eabi/lib/thumb/v6-m/libc.a(lib_a-mlock.o)
                0x000000001000a270                __malloc_lock
                0x000000001000a274                __malloc_unlock
 .text          0x000000001000a278       0x18 /usr/lib/gcc/arm-none-eabi/6.3.1/../../../arm-none-eabi/lib/thumb/v6-m/libc.a(lib_a-realloc.o)
                0x000000001000a278                realloc
 .text          0x000000001000a290      0x37c /usr/lib/gcc/arm-none-eabi/6.3.1/../../../arm-none-eabi/lib/thumb/v6-m/libc.a(lib_a-reallocr.o)
                0x000000001000a290                _realloc_r
 .text          0x000000001000a60c       0x24 /usr/lib/gcc/arm-none-eabi/6.3.1/../../../arm-none-eabi/lib/thumb/v6-m/libc.a(lib_a-sbrkr.o)
                0x000000001000a60c                _sbrk_r
 .text          0x000000001000a630      0x190 /usr/lib/gcc/arm-none-eabi/6.3.1/../../../arm-none-eabi/lib/thumb/v6-m/libc.a(lib_a-signal.o)
                0x000000001000a65c                _init_signal_r
                0x000000001000a678                _signal_r
                0x000000001000a6b4                _raise_r
                0x000000001000a710                __sigtramp_r
                0x000000001000a760                raise
                0x000000001000a774                signal
                0x000000001000a78c                _init_signal
                0x000000001000a7ac                __sigtramp
 .text          0x000000001000a7c0       0x30 /usr/lib/gcc/arm-none-eabi/6.3.1/../../../arm-none-eabi/lib/thumb/v6-m/libc.a(lib_a-signalr.o)
                0x000000001000a7c0                _kill_r
                0x000000001000a7e8                _getpid_r
 .text          0x000000001000a7f0       0x88 /usr/lib/gcc/arm-none-eabi/6.3.1/../../../arm-none-eabi/lib/thumb/v6-m/libc.a(lib_a-strcmp.o)
                0x000000001000a7f0                strcmp
 .text          0x000000001000a878       0x64 /usr/lib/gcc/arm-none-eabi/6.3.1/../../../arm-none-eabi/lib/thumb/v6-m/libc.a(lib_a-strlen-stub.o)
                0x000000001000a878                strlen
 .text          0x000000001000a8dc       0x94 /usr/lib/gcc/arm-none-eabi/6.3.1/../../../arm-none-eabi/lib/thumb/v6-m/libc.a(lib_a-strncmp.o)
                0x000000001000a8dc                strncmp
 .text          0x000000001000a970      0x190 /usr/lib/gcc/arm-none-eabi/6.3.1/../../../arm-none-eabi/lib/thumb/v6-m/libc.a(lib_a-strtol.o)
                0x000000001000a970                _strtol_r
                0x000000001000aae8                strtol
 .text          0x000000001000ab00       0x18 /usr/lib/gcc/arm-none-eabi/6.3.1/../../../arm-none-eabi/lib/thumb/v6-m/libc.a(lib_a-strtoll.o)
                0x000000001000ab00                strtoll
 .text          0x000000001000ab18      0x1d8 /usr/lib/gcc/arm-none-eabi/6.3.1/../../../arm-none-eabi/lib/thumb/v6-m/libc.a(lib_a-strtoll_r.o)
                0x000000001000ab18                _strtoll_r
 .text          0x000000001000acf0      0x19c /usr/lib/gcc/arm-none-eabi/6.3.1/../../../arm-none-eabi/lib/thumb/v6-m/libc.a(lib_a-tzcalc_limits.o)
                0x000000001000acf0                __tzcalc_limits
 .text          0x000000001000ae8c        0x8 /usr/lib/gcc/arm-none-eabi/6.3.1/../../../arm-none-eabi/lib/thumb/v6-m/libc.a(lib_a-tzlock.o)
                0x000000001000ae8c                __tz_lock
                0x000000001000ae90                __tz_unlock
 .text          0x000000001000ae94       0x28 /usr/lib/gcc/arm-none-eabi/6.3.1/../../../arm-none-eabi/lib/thumb/v6-m/libc.a(lib_a-tzset.o)
                0x000000001000ae94                _tzset_unlocked
                0x000000001000aea4                tzset
 .text          0x000000001000aebc      0x364 /usr/lib/gcc/arm-none-eabi/6.3.1/../../../arm-none-eabi/lib/thumb/v6-m/libc.a(lib_a-tzset_r.o)
                0x000000001000aebc                _tzset_unlocked_r
                0x000000001000b20c                _tzset_r
 .text          0x000000001000b220     0x1694 /usr/lib/gcc/arm-none-eabi/6.3.1/../../../arm-none-eabi/lib/thumb/v6-m/libc.a(lib_a-vfprintf.o)
                0x000000001000b220                _vfprintf_r
                0x000000001000c828                vfprintf
 .text          0x000000001000c8b4       0xd4 /usr/lib/gcc/arm-none-eabi/6.3.1/../../../arm-none-eabi/lib/thumb/v6-m/libc.a(lib_a-wbuf.o)
                0x000000001000c8b4                __swbuf_r
                0x000000001000c970                __swbuf
 .text          0x000000001000c988       0xd4 /usr/lib/gcc/arm-none-eabi/6.3.1/../../../arm-none-eabi/lib/thumb/v6-m/libc.a(lib_a-wsetup.o)
                0x000000001000c988                __swsetup_r
 .text          0x000000001000ca5c       0xd4 /usr/lib/gcc/arm-none-eabi/6.3.1/../../../arm-none-eabi/lib/thumb/v6-m/libc.a(lib_a-__atexit.o)
                0x000000001000ca5c                __register_exitproc
 .text          0x000000001000cb30       0x14 /usr/lib/gcc/arm-none-eabi/6.3.1/../../../arm-none-eabi/lib/thumb/v6-m/libc.a(lib_a-asctime.o)
                0x000000001000cb30                asctime
 .text          0x000000001000cb44       0x50 /usr/lib/gcc/arm-none-eabi/6.3.1/../../../arm-none-eabi/lib/thumb/v6-m/libc.a(lib_a-asctime_r.o)
                0x000000001000cb44                asctime_r
 .text          0x000000001000cb94     0x10dc /usr/lib/gcc/arm-none-eabi/6.3.1/../../../arm-none-eabi/lib/thumb/v6-m/libc.a(lib_a-dtoa.o)
                0x000000001000cce8                _dtoa_r
 .text          0x000000001000dc70      0x1a4 /usr/lib/gcc/arm-none-eabi/6.3.1/../../../arm-none-eabi/lib/thumb/v6-m/libc.a(lib_a-fflush.o)
                0x000000001000dc70                __sflush_r
                0x000000001000ddc0                _fflush_r
                0x000000001000ddec                fflush
 .text          0x000000001000de14      0x22c /usr/lib/gcc/arm-none-eabi/6.3.1/../../../arm-none-eabi/lib/thumb/v6-m/libc.a(lib_a-findfp.o)
                0x000000001000de18                _cleanup_r
                0x000000001000df1c                __sfmoreglue
                0x000000001000df4c                __sfp
                0x000000001000dfd8                _cleanup
                0x000000001000dff0                __sinit
                0x000000001000e000                __sfp_lock_acquire
                0x000000001000e004                __sfp_lock_release
                0x000000001000e008                __sinit_lock_acquire
                0x000000001000e00c                __sinit_lock_release
                0x000000001000e010                __fp_lock_all
                0x000000001000e028                __fp_unlock_all
 .text          0x000000001000e040      0x25c /usr/lib/gcc/arm-none-eabi/6.3.1/../../../arm-none-eabi/lib/thumb/v6-m/libc.a(lib_a-freer.o)
                0x000000001000e040                _malloc_trim_r
                0x000000001000e0e0                _free_r
 .text          0x000000001000e29c       0x90 /usr/lib/gcc/arm-none-eabi/6.3.1/../../../arm-none-eabi/lib/thumb/v6-m/libc.a(lib_a-fwalk.o)
                0x000000001000e29c                _fwalk
                0x000000001000e2e0                _fwalk_reent
 .text          0x000000001000e32c       0x9c /usr/lib/gcc/arm-none-eabi/6.3.1/../../../arm-none-eabi/lib/thumb/v6-m/libc.a(lib_a-getenv_r.o)
                0x000000001000e32c                _findenv_r
                0x000000001000e3b8                _getenv_r
 .text          0x000000001000e3c8        0x8 /usr/lib/gcc/arm-none-eabi/6.3.1/../../../arm-none-eabi/lib/thumb/v6-m/libc.a(lib_a-gettzinfo.o)
                0x000000001000e3c8                __gettzinfo
 .text          0x000000001000e3d0      0x188 /usr/lib/gcc/arm-none-eabi/6.3.1/../../../arm-none-eabi/lib/thumb/v6-m/libc.a(lib_a-gmtime_r.o)
                0x000000001000e3d0                gmtime_r
 .text          0x000000001000e558       0x98 /usr/lib/gcc/arm-none-eabi/6.3.1/../../../arm-none-eabi/lib/thumb/v6-m/libc.a(lib_a-locale.o)
                0x000000001000e558                _setlocale_r
                0x000000001000e59c                __locale_charset
                0x000000001000e5a4                __locale_mb_cur_max
                0x000000001000e5b0                __locale_msgcharset
                0x000000001000e5bc                __locale_cjk_lang
                0x000000001000e5c0                _localeconv_r
                0x000000001000e5cc                setlocale
                0x000000001000e5e4                localeconv
 .text          0x000000001000e5f0       0xe8 /usr/lib/gcc/arm-none-eabi/6.3.1/../../../arm-none-eabi/lib/thumb/v6-m/libc.a(lib_a-makebuf.o)
                0x000000001000e5f0                __swhatbuf_r
                0x000000001000e650                __smakebuf_r
 .text          0x000000001000e6d8      0x990 /usr/lib/gcc/arm-none-eabi/6.3.1/../../../arm-none-eabi/lib/thumb/v6-m/libc.a(lib_a-mprec.o)
                0x000000001000e6d8                _Balloc
                0x000000001000e728                _Bfree
                0x000000001000e73c                __multadd
                0x000000001000e7c8                __s2b
                0x000000001000e85c                __hi0bits
                0x000000001000e890                __lo0bits
                0x000000001000e8ec                __i2b
                0x000000001000e900                __multiply
                0x000000001000ea54                __pow5mult
                0x000000001000eb14                __lshift
                0x000000001000ebd4                __mcmp
                0x000000001000ec08                __mdiff
                0x000000001000ed40                __ulp
                0x000000001000ed8c                __b2d
                0x000000001000ee64                __d2b
                0x000000001000ef20                __ratio
                0x000000001000ef94                _mprec_log10
                0x000000001000efc8                __copybits
                0x000000001000f008                __any_on
 .text          0x000000001000f068       0x84 /usr/lib/gcc/arm-none-eabi/6.3.1/../../../arm-none-eabi/lib/thumb/v6-m/libc.a(lib_a-siprintf.o)
                0x000000001000f068                _siprintf_r
                0x000000001000f0a8                siprintf
 .text          0x000000001000f0ec       0x9c /usr/lib/gcc/arm-none-eabi/6.3.1/../../../arm-none-eabi/lib/thumb/v6-m/libc.a(lib_a-siscanf.o)
                0x000000001000f0ec                siscanf
                0x000000001000f13c                _siscanf_r
 .text          0x000000001000f188       0xa0 /usr/lib/gcc/arm-none-eabi/6.3.1/../../../arm-none-eabi/lib/thumb/v6-m/libc.a(lib_a-stdio.o)
                0x000000001000f188                __sread
                0x000000001000f1b0                __seofread
                0x000000001000f1b4                __swrite
                0x000000001000f1f0                __sseek
                0x000000001000f21c                __sclose
 .text          0x000000001000f228       0x10 /usr/lib/gcc/arm-none-eabi/6.3.1/../../../arm-none-eabi/lib/thumb/v6-m/libc.a(lib_a-strcpy.o)
                0x000000001000f228                strcpy
 .text          0x000000001000f238      0x1ac /usr/lib/gcc/arm-none-eabi/6.3.1/../../../arm-none-eabi/lib/thumb/v6-m/libc.a(lib_a-strtoul.o)
                0x000000001000f238                _strtoul_r
                0x000000001000f3cc                strtoul
 .text          0x000000001000f3e4      0xb90 /usr/lib/gcc/arm-none-eabi/6.3.1/../../../arm-none-eabi/lib/thumb/v6-m/libc.a(lib_a-svfiprintf.o)
                0x000000001000f3e4                __ssprint_r
                0x000000001000f504                _svfiprintf_r
 .text          0x000000001000ff74      0xad0 /usr/lib/gcc/arm-none-eabi/6.3.1/../../../arm-none-eabi/lib/thumb/v6-m/libc.a(lib_a-svfiscanf.o)
                0x000000001000ff74                _sungetc_r
                0x000000001000fff8                __ssrefill_r
                0x0000000010010038                _sfread_r
                0x00000000100100c8                __ssvfiscanf_r
 .text          0x0000000010010a44      0x17c /usr/lib/gcc/arm-none-eabi/6.3.1/../../../arm-none-eabi/lib/thumb/v6-m/libc.a(lib_a-ungetc.o)
                0x0000000010010a44                __submore
                0x0000000010010ac8                _ungetc_r
                0x0000000010010ba8                ungetc
 .text          0x0000000010010bc0      0xd3c /usr/lib/gcc/arm-none-eabi/6.3.1/../../../arm-none-eabi/lib/thumb/v6-m/libc.a(lib_a-vfiprintf.o)
                0x0000000010010c44                __sprint_r
                0x0000000010010c58                _vfiprintf_r
                0x0000000010011870                vfiprintf
 .text          0x00000000100118fc       0x28 /usr/lib/gcc/arm-none-eabi/6.3.1/../../../arm-none-eabi/lib/thumb/v6-m/libc.a(lib_a-writer.o)
                0x00000000100118fc                _write_r
 .text          0x0000000010011924       0x24 /usr/lib/gcc/arm-none-eabi/6.3.1/../../../arm-none-eabi/lib/thumb/v6-m/libc.a(lib_a-closer.o)
                0x0000000010011924                _close_r
 .text          0x0000000010011948        0x8 /usr/lib/gcc/arm-none-eabi/6.3.1/../../../arm-none-eabi/lib/thumb/v6-m/libc.a(lib_a-envlock.o)
                0x0000000010011948                __env_lock
                0x000000001001194c                __env_unlock
 .text          0x0000000010011950       0xa0 /usr/lib/gcc/arm-none-eabi/6.3.1/../../../arm-none-eabi/lib/thumb/v6-m/libc.a(lib_a-fclose.o)
                0x0000000010011950                _fclose_r
                0x00000000100119dc                fclose
 .text          0x00000000100119f0       0xfc /usr/lib/gcc/arm-none-eabi/6.3.1/../../../arm-none-eabi/lib/thumb/v6-m/libc.a(lib_a-fputwc.o)
                0x00000000100119f0                __fputwc
                0x0000000010011a88                _fputwc_r
                0x0000000010011aa8                fputwc
 .text          0x0000000010011aec       0x28 /usr/lib/gcc/arm-none-eabi/6.3.1/../../../arm-none-eabi/lib/thumb/v6-m/libc.a(lib_a-fstatr.o)
                0x0000000010011aec                _fstat_r
 .text          0x0000000010011b14      0x304 /usr/lib/gcc/arm-none-eabi/6.3.1/../../../arm-none-eabi/lib/thumb/v6-m/libc.a(lib_a-fvwrite.o)
                0x0000000010011b14                __sfvwrite_r
 .text          0x0000000010011e18       0x24 /usr/lib/gcc/arm-none-eabi/6.3.1/../../../arm-none-eabi/lib/thumb/v6-m/libc.a(lib_a-isattyr.o)
                0x0000000010011e18                _isatty_r
 .text          0x0000000010011e3c       0x1c /usr/lib/gcc/arm-none-eabi/6.3.1/../../../arm-none-eabi/lib/thumb/v6-m/libc.a(lib_a-iswspace.o)
                0x0000000010011e3c                iswspace
 .text          0x0000000010011e58       0x28 /usr/lib/gcc/arm-none-eabi/6.3.1/../../../arm-none-eabi/lib/thumb/v6-m/libc.a(lib_a-lseekr.o)
                0x0000000010011e58                _lseek_r
 .text          0x0000000010011e80       0xcc /usr/lib/gcc/arm-none-eabi/6.3.1/../../../arm-none-eabi/lib/thumb/v6-m/libc.a(lib_a-mbrtowc.o)
                0x0000000010011e80                _mbrtowc_r
                0x0000000010011ee4                mbrtowc
 .text          0x0000000010011f4c       0x60 /usr/lib/gcc/arm-none-eabi/6.3.1/../../../arm-none-eabi/lib/thumb/v6-m/libc.a(lib_a-mbtowc_r.o)
                0x0000000010011f4c                __ascii_mbtowc
                0x0000000010011f78                _mbtowc_r
 .text          0x0000000010011fac       0x28 /usr/lib/gcc/arm-none-eabi/6.3.1/../../../arm-none-eabi/lib/thumb/v6-m/libc.a(lib_a-readr.o)
                0x0000000010011fac                _read_r
 .text          0x0000000010011fd4       0x6c /usr/lib/gcc/arm-none-eabi/6.3.1/../../../arm-none-eabi/lib/thumb/v6-m/libc.a(lib_a-sccl.o)
                0x0000000010011fd4                __sccl
 .text          0x0000000010012040      0x1e0 /usr/lib/gcc/arm-none-eabi/6.3.1/../../../arm-none-eabi/lib/thumb/v6-m/libc.a(lib_a-strtoull_r.o)
                0x0000000010012040                _strtoull_r
 .text          0x0000000010012220       0xb4 /usr/lib/gcc/arm-none-eabi/6.3.1/../../../arm-none-eabi/lib/thumb/v6-m/libc.a(lib_a-wcrtomb.o)
                0x0000000010012220                _wcrtomb_r
                0x0000000010012278                wcrtomb
 .text          0x00000000100122d4       0x50 /usr/lib/gcc/arm-none-eabi/6.3.1/../../../arm-none-eabi/lib/thumb/v6-m/libc.a(lib_a-wctomb_r.o)
                0x00000000100122d4                __ascii_wctomb
                0x00000000100122f0                _wctomb_r
 .text          0x0000000010012324       0x10 /usr/lib/gcc/arm-none-eabi/6.3.1/../../../arm-none-eabi/lib/thumb/v6-m/libnosys.a(close.o)
                0x0000000010012324                _close
 .text          0x0000000010012334       0x10 /usr/lib/gcc/arm-none-eabi/6.3.1/../../../arm-none-eabi/lib/thumb/v6-m/libnosys.a(fstat.o)
                0x0000000010012334                _fstat
 .text          0x0000000010012344       0x10 /usr/lib/gcc/arm-none-eabi/6.3.1/../../../arm-none-eabi/lib/thumb/v6-m/libnosys.a(getpid.o)
                0x0000000010012344                _getpid
 .text          0x0000000010012354       0x10 /usr/lib/gcc/arm-none-eabi/6.3.1/../../../arm-none-eabi/lib/thumb/v6-m/libnosys.a(isatty.o)
                0x0000000010012354                _isatty
 .text          0x0000000010012364       0x10 /usr/lib/gcc/arm-none-eabi/6.3.1/../../../arm-none-eabi/lib/thumb/v6-m/libnosys.a(kill.o)
                0x0000000010012364                _kill
 .text          0x0000000010012374       0x10 /usr/lib/gcc/arm-none-eabi/6.3.1/../../../arm-none-eabi/lib/thumb/v6-m/libnosys.a(lseek.o)
                0x0000000010012374                _lseek
 *(.fini)
 .fini          0x0000000010012384        0x4 /usr/lib/gcc/arm-none-eabi/6.3.1/thumb/v6-m/crti.o
                0x0000000010012384                _fini
 .fini.__stub   0x0000000010012388       0x90 linker stubs
 *crtbegin.o(.ctors)
 *crtbegin?.o(.ctors)
 *(EXCLUDE_FILE(*crtend.o *crtend?.o) .ctors)
 *(SORT(.ctors.*))
 *(.ctors)
 *crtbegin.o(.dtors)
 *crtbegin?.o(.dtors)
 *(EXCLUDE_FILE(*crtend.o *crtend?.o) .dtors)
 *(SORT(.dtors.*))
 *(.dtors)
 *(.eh_frame*)
 .eh_frame      0x0000000010012418        0x0 /usr/lib/gcc/arm-none-eabi/6.3.1/thumb/v6-m/crtbegin.o
                0x0000000010012418                . = ALIGN (0x4)

.glue_7         0x0000000010012418        0x0
 .glue_7        0x0000000010012418        0x0 linker stubs

.glue_7t        0x0000000010012418        0x0
 .glue_7t       0x0000000010012418        0x0 linker stubs

.vfp11_veneer   0x0000000010012418        0x0
 .vfp11_veneer  0x0000000010012418        0x0 linker stubs

.v4_bx          0x0000000010012418        0x0
 .v4_bx         0x0000000010012418        0x0 linker stubs

.iplt           0x0000000010012418        0x0
 .iplt          0x0000000010012418        0x0 /usr/lib/gcc/arm-none-eabi/6.3.1/thumb/v6-m/crtbegin.o

.rodata         0x0000000010012418     0x18e0
 *(EXCLUDE_FILE(*libm.a: *libc.a:*lib_a-mem*.o *libgcc.a:) .rodata*)
 .rodata.__bi_29.7516
                0x0000000010012418        0xc CMakeFiles/SPO.dir/Main.c.obj
 .rodata.__bi_30.7519
                0x0000000010012424        0xc CMakeFiles/SPO.dir/Main.c.obj
 .rodata._lf_advance_logical_time.str1.4
                0x0000000010012430       0x40 CMakeFiles/SPO.dir/Main.c.obj
 .rodata._lf_done_using.str1.4
                0x0000000010012470       0x32 CMakeFiles/SPO.dir/Main.c.obj
 *fill*         0x00000000100124a2        0x2 
 .rodata._lf_message_print.str1.4
                0x00000000100124a4       0x1b CMakeFiles/SPO.dir/Main.c.obj
 *fill*         0x00000000100124bf        0x1 
 .rodata._lf_pop_events.str1.4
                0x00000000100124c0       0x8e CMakeFiles/SPO.dir/Main.c.obj
 *fill*         0x000000001001254e        0x2 
 .rodata.error_print.str1.4
                0x0000000010012550        0x8 CMakeFiles/SPO.dir/Main.c.obj
 .rodata.error_print_and_exit.str1.4
                0x0000000010012558        0xe CMakeFiles/SPO.dir/Main.c.obj
 *fill*         0x0000000010012566        0x2 
 .rodata.find_equal_same_priority.str1.4
                0x0000000010012568       0x3d CMakeFiles/SPO.dir/Main.c.obj
 *fill*         0x00000000100125a5        0x3 
 .rodata.get_physical_time.str1.4
                0x00000000100125a8       0x23 CMakeFiles/SPO.dir/Main.c.obj
 .rodata.info_print.str1.4
                0x00000000100125cb       0x23 CMakeFiles/SPO.dir/Main.c.obj
                                          0x1 (size before relaxing)
 *fill*         0x00000000100125cb        0x1 
 .rodata.initialize.str1.4
                0x00000000100125cc       0x3f CMakeFiles/SPO.dir/Main.c.obj
 *fill*         0x000000001001260b        0x1 
 .rodata.lf_comma_separated_time.str1.4
                0x000000001001260c       0x14 CMakeFiles/SPO.dir/Main.c.obj
                                         0x18 (size before relaxing)
 .rodata.lf_reactor_c_main.str1.4
                0x0000000010012620       0x29 CMakeFiles/SPO.dir/Main.c.obj
 *fill*         0x0000000010012649        0x3 
 .rodata.process_args.str1.4
                0x000000001001264c      0x22f CMakeFiles/SPO.dir/Main.c.obj
 *fill*         0x000000001001287b        0x1 
 .rodata.str1.4
                0x000000001001287c       0x34 CMakeFiles/SPO.dir/Main.c.obj
 .rodata.termination.str1.4
                0x00000000100128b0      0x182 CMakeFiles/SPO.dir/Main.c.obj
 *fill*         0x0000000010012a32        0x2 
 .rodata.usage.str1.4
                0x0000000010012a34      0x248 CMakeFiles/SPO.dir/Main.c.obj
                                        0x24c (size before relaxing)
 .rodata.warning_print.str1.4
                0x0000000010012c7c        0xa CMakeFiles/SPO.dir/Main.c.obj
 *fill*         0x0000000010012c86        0x2 
 .rodata.spin_lock_claim_unused.str1.4
                0x0000000010012c88       0x1b CMakeFiles/SPO.dir/mnt/c/study/GRAD/249A/proj/EECS249-Smart-Pill-Organizer/pico-sdk/src/rp2_common/hardware_sync/sync.c.obj
 *fill*         0x0000000010012ca3        0x5 
 .rodata.at_the_end_of_time
                0x0000000010012ca8        0x8 CMakeFiles/SPO.dir/mnt/c/study/GRAD/249A/proj/EECS249-Smart-Pill-Organizer/pico-sdk/src/common/pico_time/time.c.obj
                0x0000000010012ca8                at_the_end_of_time
 .rodata.hardware_alarm_claim.str1.4
                0x0000000010012cb0       0x22 CMakeFiles/SPO.dir/mnt/c/study/GRAD/249A/proj/EECS249-Smart-Pill-Organizer/pico-sdk/src/rp2_common/hardware_timer/timer.c.obj
 *fill*         0x0000000010012cd2        0x2 
 .rodata.hard_assertion_failure.str1.4
                0x0000000010012cd4        0xc CMakeFiles/SPO.dir/mnt/c/study/GRAD/249A/proj/EECS249-Smart-Pill-Organizer/pico-sdk/src/rp2_common/pico_runtime/runtime.c.obj
 .rodata.panic.str1.4
                0x0000000010012ce0       0x10 CMakeFiles/SPO.dir/mnt/c/study/GRAD/249A/proj/EECS249-Smart-Pill-Organizer/pico-sdk/src/rp2_common/pico_runtime/runtime.c.obj
                                         0x12 (size before relaxing)
 .rodata._vsnprintf
                0x0000000010012cf0      0x1e0 CMakeFiles/SPO.dir/mnt/c/study/GRAD/249A/proj/EECS249-Smart-Pill-Organizer/pico-sdk/src/rp2_common/pico_printf/printf.c.obj
 .rodata._ftoa.str1.4
                0x0000000010012ed0       0x15 CMakeFiles/SPO.dir/mnt/c/study/GRAD/249A/proj/EECS249-Smart-Pill-Organizer/pico-sdk/src/rp2_common/pico_printf/printf.c.obj
 *fill*         0x0000000010012ee5        0x3 
 .rodata.pow10.5356
                0x0000000010012ee8       0x50 CMakeFiles/SPO.dir/mnt/c/study/GRAD/249A/proj/EECS249-Smart-Pill-Organizer/pico-sdk/src/rp2_common/pico_printf/printf.c.obj
 .rodata.__wrap_malloc.str1.4
                0x0000000010012f38        0xe CMakeFiles/SPO.dir/mnt/c/study/GRAD/249A/proj/EECS249-Smart-Pill-Organizer/pico-sdk/src/rp2_common/pico_malloc/pico_malloc.c.obj
 *fill*         0x0000000010012f46        0x2 
 .rodata.__bi_44
                0x0000000010012f48        0xc CMakeFiles/SPO.dir/mnt/c/study/GRAD/249A/proj/EECS249-Smart-Pill-Organizer/pico-sdk/src/rp2_common/pico_standard_link/binary_info.c.obj
 .rodata.__bi_75
                0x0000000010012f54        0xc CMakeFiles/SPO.dir/mnt/c/study/GRAD/249A/proj/EECS249-Smart-Pill-Organizer/pico-sdk/src/rp2_common/pico_standard_link/binary_info.c.obj
 .rodata.__bi_81
                0x0000000010012f60        0xc CMakeFiles/SPO.dir/mnt/c/study/GRAD/249A/proj/EECS249-Smart-Pill-Organizer/pico-sdk/src/rp2_common/pico_standard_link/binary_info.c.obj
 .rodata.str1.4
                0x0000000010012f6c       0x38 CMakeFiles/SPO.dir/mnt/c/study/GRAD/249A/proj/EECS249-Smart-Pill-Organizer/pico-sdk/src/rp2_common/pico_standard_link/binary_info.c.obj
 .rodata.crlf_str.5789
                0x0000000010012fa4        0x2 CMakeFiles/SPO.dir/mnt/c/study/GRAD/249A/proj/EECS249-Smart-Pill-Organizer/pico-sdk/src/rp2_common/pico_stdio/stdio.c.obj
 *fill*         0x0000000010012fa6        0x2 
 .rodata._resetd_driver
                0x0000000010012fa8       0x18 CMakeFiles/SPO.dir/mnt/c/study/GRAD/249A/proj/EECS249-Smart-Pill-Organizer/pico-sdk/src/rp2_common/pico_stdio_usb/reset_interface.c.obj
 .rodata.__bi_93.7066
                0x0000000010012fc0        0xc CMakeFiles/SPO.dir/mnt/c/study/GRAD/249A/proj/EECS249-Smart-Pill-Organizer/pico-sdk/src/rp2_common/pico_stdio_usb/stdio_usb.c.obj
 .rodata.str1.4
                0x0000000010012fcc       0x13 CMakeFiles/SPO.dir/mnt/c/study/GRAD/249A/proj/EECS249-Smart-Pill-Organizer/pico-sdk/src/rp2_common/pico_stdio_usb/stdio_usb.c.obj
 *fill*         0x0000000010012fdf        0x1 
 .rodata.str1.4
                0x0000000010012fe0       0x2a CMakeFiles/SPO.dir/mnt/c/study/GRAD/249A/proj/EECS249-Smart-Pill-Organizer/pico-sdk/src/rp2_common/pico_stdio_usb/stdio_usb_descriptors.c.obj
 *fill*         0x000000001001300a        0x2 
 .rodata.usbd_desc_cfg
                0x000000001001300c       0x54 CMakeFiles/SPO.dir/mnt/c/study/GRAD/249A/proj/EECS249-Smart-Pill-Organizer/pico-sdk/src/rp2_common/pico_stdio_usb/stdio_usb_descriptors.c.obj
 .rodata.usbd_desc_device
                0x0000000010013060       0x12 CMakeFiles/SPO.dir/mnt/c/study/GRAD/249A/proj/EECS249-Smart-Pill-Organizer/pico-sdk/src/rp2_common/pico_stdio_usb/stdio_usb_descriptors.c.obj
 *fill*         0x0000000010013072        0x2 
 .rodata.usbd_desc_str
                0x0000000010013074       0x18 CMakeFiles/SPO.dir/mnt/c/study/GRAD/249A/proj/EECS249-Smart-Pill-Organizer/pico-sdk/src/rp2_common/pico_stdio_usb/stdio_usb_descriptors.c.obj
 .rodata.dcd_rp2040_irq.str1.4
                0x000000001001308c       0x14 CMakeFiles/SPO.dir/mnt/c/study/GRAD/249A/proj/EECS249-Smart-Pill-Organizer/pico-sdk/lib/tinyusb/src/portable/raspberrypi/rp2040/dcd_rp2040.c.obj
 .rodata._hw_endpoint_buffer_control_update32.str1.4
                0x00000000100130a0       0x1f CMakeFiles/SPO.dir/mnt/c/study/GRAD/249A/proj/EECS249-Smart-Pill-Organizer/pico-sdk/lib/tinyusb/src/portable/raspberrypi/rp2040/rp2040_usb.c.obj
 *fill*         0x00000000100130bf        0x1 
 .rodata.hw_endpoint_xfer_continue.str1.4
                0x00000000100130c0       0x29 CMakeFiles/SPO.dir/mnt/c/study/GRAD/249A/proj/EECS249-Smart-Pill-Organizer/pico-sdk/lib/tinyusb/src/portable/raspberrypi/rp2040/rp2040_usb.c.obj
 *fill*         0x00000000100130e9        0x3 
 .rodata.str1.4
                0x00000000100130ec        0x7 CMakeFiles/SPO.dir/mnt/c/study/GRAD/249A/proj/EECS249-Smart-Pill-Organizer/pico-sdk/lib/tinyusb/src/portable/raspberrypi/rp2040/rp2040_usb.c.obj
 *fill*         0x00000000100130f3        0x1 
 .rodata.tud_task
                0x00000000100130f4       0x8c CMakeFiles/SPO.dir/mnt/c/study/GRAD/249A/proj/EECS249-Smart-Pill-Organizer/pico-sdk/lib/tinyusb/src/device/usbd.c.obj
 .rodata._usbd_driver
                0x0000000010013180       0x18 CMakeFiles/SPO.dir/mnt/c/study/GRAD/249A/proj/EECS249-Smart-Pill-Organizer/pico-sdk/lib/tinyusb/src/device/usbd.c.obj
 .rodata        0x0000000010013198        0x4 /usr/lib/gcc/arm-none-eabi/6.3.1/../../../arm-none-eabi/lib/thumb/v6-m/libc.a(lib_a-impure.o)
                0x0000000010013198                _global_impure_ptr
 .rodata.str1.4
                0x000000001001319c        0x7 /usr/lib/gcc/arm-none-eabi/6.3.1/../../../arm-none-eabi/lib/thumb/v6-m/libc.a(lib_a-impure.o)
                                          0x2 (size before relaxing)
 .rodata        0x000000001001319c       0x60 /usr/lib/gcc/arm-none-eabi/6.3.1/../../../arm-none-eabi/lib/thumb/v6-m/libc.a(lib_a-month_lengths.o)
                0x000000001001319c                __month_lengths
 .rodata.str1.4
                0x00000000100131fc       0x53 /usr/lib/gcc/arm-none-eabi/6.3.1/../../../arm-none-eabi/lib/thumb/v6-m/libc.a(lib_a-tzset_r.o)
 .rodata.str1.4
                0x000000001001324f        0x4 /usr/lib/gcc/arm-none-eabi/6.3.1/../../../arm-none-eabi/lib/thumb/v6-m/libc.a(lib_a-tzvars.o)
 *fill*         0x000000001001324f        0x1 
 .rodata        0x0000000010013250      0x184 /usr/lib/gcc/arm-none-eabi/6.3.1/../../../arm-none-eabi/lib/thumb/v6-m/libc.a(lib_a-vfprintf.o)
 .rodata.str1.4
                0x00000000100133d4       0x3b /usr/lib/gcc/arm-none-eabi/6.3.1/../../../arm-none-eabi/lib/thumb/v6-m/libc.a(lib_a-vfprintf.o)
                                         0x42 (size before relaxing)
 *fill*         0x000000001001340f        0x1 
 .rodata        0x0000000010013410       0x39 /usr/lib/gcc/arm-none-eabi/6.3.1/../../../arm-none-eabi/lib/thumb/v6-m/libc.a(lib_a-asctime_r.o)
 *fill*         0x0000000010013449        0x3 
 .rodata.str1.4
                0x000000001001344c       0x20 /usr/lib/gcc/arm-none-eabi/6.3.1/../../../arm-none-eabi/lib/thumb/v6-m/libc.a(lib_a-asctime_r.o)
 .rodata        0x000000001001346c      0x101 /usr/lib/gcc/arm-none-eabi/6.3.1/../../../arm-none-eabi/lib/thumb/v6-m/libc.a(lib_a-ctype_.o)
                0x000000001001346c                _ctype_
 *fill*         0x000000001001356d        0x3 
 .rodata.str1.4
                0x0000000010013570       0x10 /usr/lib/gcc/arm-none-eabi/6.3.1/../../../arm-none-eabi/lib/thumb/v6-m/libc.a(lib_a-dtoa.o)
                                         0x12 (size before relaxing)
 .rodata.str1.4
                0x0000000010013580        0x8 /usr/lib/gcc/arm-none-eabi/6.3.1/../../../arm-none-eabi/lib/thumb/v6-m/libc.a(lib_a-locale.o)
                                         0x12 (size before relaxing)
 .rodata        0x0000000010013588      0x128 /usr/lib/gcc/arm-none-eabi/6.3.1/../../../arm-none-eabi/lib/thumb/v6-m/libc.a(lib_a-mprec.o)
                0x0000000010013598                __mprec_tens
                0x0000000010013660                __mprec_tinytens
                0x0000000010013688                __mprec_bigtens
 .rodata        0x00000000100136b0      0x184 /usr/lib/gcc/arm-none-eabi/6.3.1/../../../arm-none-eabi/lib/thumb/v6-m/libc.a(lib_a-svfiprintf.o)
 .rodata.str1.4
                0x0000000010013834       0x2f /usr/lib/gcc/arm-none-eabi/6.3.1/../../../arm-none-eabi/lib/thumb/v6-m/libc.a(lib_a-svfiprintf.o)
 .rodata        0x0000000010013834      0x33e /usr/lib/gcc/arm-none-eabi/6.3.1/../../../arm-none-eabi/lib/thumb/v6-m/libc.a(lib_a-svfiscanf.o)
 *fill*         0x0000000010013b72        0x2 
 .rodata        0x0000000010013b74      0x184 /usr/lib/gcc/arm-none-eabi/6.3.1/../../../arm-none-eabi/lib/thumb/v6-m/libc.a(lib_a-vfiprintf.o)
 .rodata.str1.4
                0x0000000010013cf8       0x2f /usr/lib/gcc/arm-none-eabi/6.3.1/../../../arm-none-eabi/lib/thumb/v6-m/libc.a(lib_a-vfiprintf.o)
 .rodata.str1.4
                0x0000000010013cf8        0x1 /usr/lib/gcc/arm-none-eabi/6.3.1/../../../arm-none-eabi/lib/thumb/v6-m/libc.a(lib_a-mbrtowc.o)
                0x0000000010013d28                . = ALIGN (0x4)
 *(SORT(.flashdata*))
                0x0000000010013d28                . = ALIGN (0x4)

.rel.dyn        0x0000000010013cf8        0x0
 .rel.iplt      0x0000000010013cf8        0x0 /usr/lib/gcc/arm-none-eabi/6.3.1/thumb/v6-m/crtbegin.o

.ARM.extab
 *(.ARM.extab* .gnu.linkonce.armextab.*)
                0x0000000010013cf8                __exidx_start = .

.ARM.exidx
 *(.ARM.exidx* .gnu.linkonce.armexidx.*)
                0x0000000010013cf8                __exidx_end = .
                0x0000000010013cf8                . = ALIGN (0x4)